<!doctype html public "-//w3c//dtd html 4.0 transitional//en">
<html><head>
<title>Static Call Graph - [.\Objects\MKL16_withOSAL.axf]</title></head>
<body><HR>
<H1>Static Call Graph for image .\Objects\MKL16_withOSAL.axf</H1><HR>
<BR><P>#&#060CALLGRAPH&#062# ARM Linker, 5060750: Last Updated: Tue Mar 31 19:41:09 2020
<BR><P>
<H3>Maximum Stack Usage =       1376 bytes + Unknown(Cycles, Untraceable Function Pointers)</H3><H3>
Call chain for Maximum Stack Depth:</H3>
UART2_IRQHandler &rArr; APP_Conf_RevByteOneByte &rArr; bsp_conf_rev &rArr; APP_RevMessage_Process &rArr; APP_Conf_SetADCToRealValue &rArr; SystemParam_Save &rArr; BSP_Flash_WriteBytes &rArr; FLASH_Erase &rArr; flash_cache_clear &rArr; flash_cache_clear_process &rArr; mcm_flash_cache_clear
<P>
<H3>
Mutually Recursive functions
</H3> <LI><a href="#[6]">NMI_Handler</a>&nbsp;&nbsp;&nbsp;&rArr;&nbsp;&nbsp;&nbsp;<a href="#[6]">NMI_Handler</a><BR>
 <LI><a href="#[8]">SVC_Handler</a>&nbsp;&nbsp;&nbsp;&rArr;&nbsp;&nbsp;&nbsp;<a href="#[8]">SVC_Handler</a><BR>
 <LI><a href="#[9]">PendSV_Handler</a>&nbsp;&nbsp;&nbsp;&rArr;&nbsp;&nbsp;&nbsp;<a href="#[9]">PendSV_Handler</a><BR>
</UL>
<P>
<H3>
Function Pointers
</H3><UL>
 <LI><a href="#[1a]">ADC0_IRQHandler</a> from bsp_adc.o(i.ADC0_IRQHandler) referenced from startup_mkl16z4.o(RESET)
 <LI><a href="#[1b]">CMP0_IRQHandler</a> from startup_mkl16z4.o(.text) referenced from startup_mkl16z4.o(RESET)
 <LI><a href="#[24]">DAC0_IRQHandler</a> from startup_mkl16z4.o(.text) referenced from startup_mkl16z4.o(RESET)
 <LI><a href="#[2d]">DMA0_DriverIRQHandler</a> from fsl_dma.o(i.DMA0_DriverIRQHandler) referenced from startup_mkl16z4.o(.text)
 <LI><a href="#[b]">DMA0_IRQHandler</a> from bsp_uart.o(i.DMA0_IRQHandler) referenced from startup_mkl16z4.o(RESET)
 <LI><a href="#[2e]">DMA1_DriverIRQHandler</a> from fsl_dma.o(i.DMA1_DriverIRQHandler) referenced from startup_mkl16z4.o(.text)
 <LI><a href="#[c]">DMA1_IRQHandler</a> from startup_mkl16z4.o(.text) referenced from startup_mkl16z4.o(RESET)
 <LI><a href="#[2f]">DMA2_DriverIRQHandler</a> from fsl_dma.o(i.DMA2_DriverIRQHandler) referenced from startup_mkl16z4.o(.text)
 <LI><a href="#[d]">DMA2_IRQHandler</a> from startup_mkl16z4.o(.text) referenced from startup_mkl16z4.o(RESET)
 <LI><a href="#[30]">DMA3_DriverIRQHandler</a> from fsl_dma.o(i.DMA3_DriverIRQHandler) referenced from startup_mkl16z4.o(.text)
 <LI><a href="#[e]">DMA3_IRQHandler</a> from startup_mkl16z4.o(.text) referenced from startup_mkl16z4.o(RESET)
 <LI><a href="#[3a]">DbgConsole_Putchar</a> from fsl_debug_console.o(i.DbgConsole_Putchar) referenced from fsl_debug_console.o(i.DbgConsole_Printf)
 <LI><a href="#[39]">DefaultISR</a> from startup_mkl16z4.o(.text) referenced from startup_mkl16z4.o(.text)
 <LI><a href="#[10]">FTFA_IRQHandler</a> from startup_mkl16z4.o(.text) referenced from startup_mkl16z4.o(RESET)
 <LI><a href="#[3d]">HalTask_Process</a> from hal_task.o(i.HalTask_Process) referenced from osal_task.o(.constdata)
 <LI><a href="#[7]">HardFault_Handler</a> from main.o(i.HardFault_Handler) referenced from startup_mkl16z4.o(RESET)
 <LI><a href="#[31]">I2C0_DriverIRQHandler</a> from fsl_i2c.o(i.I2C0_DriverIRQHandler) referenced from startup_mkl16z4.o(.text)
 <LI><a href="#[13]">I2C0_IRQHandler</a> from startup_mkl16z4.o(.text) referenced from startup_mkl16z4.o(RESET)
 <LI><a href="#[32]">I2C1_DriverIRQHandler</a> from fsl_i2c.o(i.I2C1_DriverIRQHandler) referenced from startup_mkl16z4.o(.text)
 <LI><a href="#[14]">I2C1_IRQHandler</a> from startup_mkl16z4.o(.text) referenced from startup_mkl16z4.o(RESET)
 <LI><a href="#[3b]">I2C_MasterTransferHandleIRQ</a> from fsl_i2c.o(i.I2C_MasterTransferHandleIRQ) referenced from fsl_i2c.o(i.I2C_MasterTransferCreateHandle)
 <LI><a href="#[38]">I2S0_DriverIRQHandler</a> from startup_mkl16z4.o(.text) referenced from startup_mkl16z4.o(.text)
 <LI><a href="#[22]">I2S0_IRQHandler</a> from startup_mkl16z4.o(.text) referenced from startup_mkl16z4.o(RESET)
 <LI><a href="#[12]">LLWU_IRQHandler</a> from startup_mkl16z4.o(.text) referenced from startup_mkl16z4.o(RESET)
 <LI><a href="#[27]">LPTMR0_IRQHandler</a> from bsp_tim.o(i.LPTMR0_IRQHandler) referenced from startup_mkl16z4.o(RESET)
 <LI><a href="#[11]">LVD_LVW_IRQHandler</a> from startup_mkl16z4.o(.text) referenced from startup_mkl16z4.o(RESET)
 <LI><a href="#[26]">MCG_IRQHandler</a> from startup_mkl16z4.o(.text) referenced from startup_mkl16z4.o(RESET)
 <LI><a href="#[6]">NMI_Handler</a> from startup_mkl16z4.o(.text) referenced from startup_mkl16z4.o(RESET)
 <LI><a href="#[21]">PIT_IRQHandler</a> from startup_mkl16z4.o(.text) referenced from startup_mkl16z4.o(RESET)
 <LI><a href="#[29]">PORTA_IRQHandler</a> from startup_mkl16z4.o(.text) referenced from startup_mkl16z4.o(RESET)
 <LI><a href="#[2a]">PORTC_PORTD_IRQHandler</a> from startup_mkl16z4.o(.text) referenced from startup_mkl16z4.o(RESET)
 <LI><a href="#[9]">PendSV_Handler</a> from startup_mkl16z4.o(.text) referenced from startup_mkl16z4.o(RESET)
 <LI><a href="#[1f]">RTC_IRQHandler</a> from bsp_rtc.o(i.RTC_IRQHandler) referenced from startup_mkl16z4.o(RESET)
 <LI><a href="#[20]">RTC_Seconds_IRQHandler</a> from startup_mkl16z4.o(.text) referenced from startup_mkl16z4.o(RESET)
 <LI><a href="#[f]">Reserved20_IRQHandler</a> from startup_mkl16z4.o(.text) referenced from startup_mkl16z4.o(RESET)
 <LI><a href="#[23]">Reserved40_IRQHandler</a> from startup_mkl16z4.o(.text) referenced from startup_mkl16z4.o(RESET)
 <LI><a href="#[28]">Reserved45_IRQHandler</a> from startup_mkl16z4.o(.text) referenced from startup_mkl16z4.o(RESET)
 <LI><a href="#[5]">Reset_Handler</a> from startup_mkl16z4.o(.text) referenced from startup_mkl16z4.o(RESET)
 <LI><a href="#[33]">SPI0_DriverIRQHandler</a> from fsl_spi.o(i.SPI0_DriverIRQHandler) referenced from startup_mkl16z4.o(.text)
 <LI><a href="#[15]">SPI0_IRQHandler</a> from startup_mkl16z4.o(.text) referenced from startup_mkl16z4.o(RESET)
 <LI><a href="#[34]">SPI1_DriverIRQHandler</a> from fsl_spi.o(i.SPI1_DriverIRQHandler) referenced from startup_mkl16z4.o(.text)
 <LI><a href="#[16]">SPI1_IRQHandler</a> from startup_mkl16z4.o(.text) referenced from startup_mkl16z4.o(RESET)
 <LI><a href="#[8]">SVC_Handler</a> from startup_mkl16z4.o(.text) referenced from startup_mkl16z4.o(RESET)
 <LI><a href="#[a]">SysTick_Handler</a> from bsp_systick.o(i.SysTick_Handler) referenced from startup_mkl16z4.o(RESET)
 <LI><a href="#[2b]">SystemInit</a> from system_mkl16z4.o(i.SystemInit) referenced from startup_mkl16z4.o(.text)
 <LI><a href="#[1c]">TPM0_IRQHandler</a> from bsp_tim.o(i.TPM0_IRQHandler) referenced from startup_mkl16z4.o(RESET)
 <LI><a href="#[1d]">TPM1_IRQHandler</a> from startup_mkl16z4.o(.text) referenced from startup_mkl16z4.o(RESET)
 <LI><a href="#[1e]">TPM2_IRQHandler</a> from startup_mkl16z4.o(.text) referenced from startup_mkl16z4.o(RESET)
 <LI><a href="#[25]">TSI0_IRQHandler</a> from startup_mkl16z4.o(.text) referenced from startup_mkl16z4.o(RESET)
 <LI><a href="#[35]">UART0_DriverIRQHandler</a> from fsl_lpsci.o(i.UART0_DriverIRQHandler) referenced from startup_mkl16z4.o(.text)
 <LI><a href="#[17]">UART0_IRQHandler</a> from bsp_uart.o(i.UART0_IRQHandler) referenced from startup_mkl16z4.o(RESET)
 <LI><a href="#[36]">UART1_DriverIRQHandler</a> from fsl_uart.o(i.UART1_DriverIRQHandler) referenced from startup_mkl16z4.o(.text)
 <LI><a href="#[18]">UART1_IRQHandler</a> from startup_mkl16z4.o(.text) referenced from startup_mkl16z4.o(RESET)
 <LI><a href="#[37]">UART2_DriverIRQHandler</a> from fsl_uart.o(i.UART2_DriverIRQHandler) referenced from startup_mkl16z4.o(.text)
 <LI><a href="#[19]">UART2_IRQHandler</a> from bsp_uart.o(i.UART2_IRQHandler) referenced from startup_mkl16z4.o(RESET)
 <LI><a href="#[3e]">UserTask_Process</a> from user_task.o(i.UserTask_Process) referenced from osal_task.o(.constdata)
 <LI><a href="#[3f]">__main</a> from __main.o(!!!main) referenced from startup_mkl16z4.o(.text)
 <LI><a href="#[3c]">i2c_master_callback</a> from bsp_iic.o(i.i2c_master_callback) referenced from bsp_iic.o(i.bsp_iic1_init)
</UL>
<P>
<H3>
Global Symbols
</H3>
<P><STRONG><a name="[3f]"></a>__main</STRONG> (Thumb, 8 bytes, Stack size 0 bytes, __main.o(!!!main))
<BR><BR>[Calls]<UL><LI><a href="#[41]">&gt;&gt;</a>&nbsp;&nbsp;&nbsp;__rt_entry
<LI><a href="#[40]">&gt;&gt;</a>&nbsp;&nbsp;&nbsp;__scatterload
</UL>

<P><STRONG><a name="[40]"></a>__scatterload</STRONG> (Thumb, 0 bytes, Stack size unknown bytes, __scatter.o(!!!scatter))
<BR><BR>[Called By]<UL><LI><a href="#[3f]">&gt;&gt;</a>&nbsp;&nbsp;&nbsp;__main
</UL>

<P><STRONG><a name="[42]"></a>__scatterload_rt2</STRONG> (Thumb, 52 bytes, Stack size unknown bytes, __scatter.o(!!!scatter), UNUSED)
<BR><BR>[Calls]<UL><LI><a href="#[41]">&gt;&gt;</a>&nbsp;&nbsp;&nbsp;__rt_entry
</UL>

<P><STRONG><a name="[14b]"></a>__scatterload_rt2_thumb_only</STRONG> (Thumb, 0 bytes, Stack size unknown bytes, __scatter.o(!!!scatter), UNUSED)

<P><STRONG><a name="[14c]"></a>__scatterload_null</STRONG> (Thumb, 0 bytes, Stack size unknown bytes, __scatter.o(!!!scatter), UNUSED)

<P><STRONG><a name="[14d]"></a>__scatterload_zeroinit</STRONG> (Thumb, 28 bytes, Stack size unknown bytes, __scatter_zi.o(!!handler_zi), UNUSED)

<P><STRONG><a name="[44]"></a>__rt_lib_init</STRONG> (Thumb, 0 bytes, Stack size unknown bytes, libinit.o(.ARM.Collect$$libinit$$00000000))
<BR><BR>[Called By]<UL><LI><a href="#[43]">&gt;&gt;</a>&nbsp;&nbsp;&nbsp;__rt_entry_li
</UL>

<P><STRONG><a name="[14e]"></a>__rt_lib_init_alloca_1</STRONG> (Thumb, 0 bytes, Stack size unknown bytes, libinit2.o(.ARM.Collect$$libinit$$0000002E))

<P><STRONG><a name="[14f]"></a>__rt_lib_init_argv_1</STRONG> (Thumb, 0 bytes, Stack size unknown bytes, libinit2.o(.ARM.Collect$$libinit$$0000002C))

<P><STRONG><a name="[150]"></a>__rt_lib_init_atexit_1</STRONG> (Thumb, 0 bytes, Stack size unknown bytes, libinit2.o(.ARM.Collect$$libinit$$0000001B))

<P><STRONG><a name="[151]"></a>__rt_lib_init_clock_1</STRONG> (Thumb, 0 bytes, Stack size unknown bytes, libinit2.o(.ARM.Collect$$libinit$$00000021))

<P><STRONG><a name="[152]"></a>__rt_lib_init_cpp_1</STRONG> (Thumb, 0 bytes, Stack size unknown bytes, libinit2.o(.ARM.Collect$$libinit$$00000032))

<P><STRONG><a name="[153]"></a>__rt_lib_init_exceptions_1</STRONG> (Thumb, 0 bytes, Stack size unknown bytes, libinit2.o(.ARM.Collect$$libinit$$00000030))

<P><STRONG><a name="[154]"></a>__rt_lib_init_fp_1</STRONG> (Thumb, 0 bytes, Stack size unknown bytes, libinit2.o(.ARM.Collect$$libinit$$00000002))

<P><STRONG><a name="[155]"></a>__rt_lib_init_fp_trap_1</STRONG> (Thumb, 0 bytes, Stack size unknown bytes, libinit2.o(.ARM.Collect$$libinit$$0000001F))

<P><STRONG><a name="[156]"></a>__rt_lib_init_getenv_1</STRONG> (Thumb, 0 bytes, Stack size unknown bytes, libinit2.o(.ARM.Collect$$libinit$$00000023))

<P><STRONG><a name="[157]"></a>__rt_lib_init_heap_1</STRONG> (Thumb, 0 bytes, Stack size unknown bytes, libinit2.o(.ARM.Collect$$libinit$$0000000A))

<P><STRONG><a name="[158]"></a>__rt_lib_init_lc_collate_1</STRONG> (Thumb, 0 bytes, Stack size unknown bytes, libinit2.o(.ARM.Collect$$libinit$$00000011))

<P><STRONG><a name="[159]"></a>__rt_lib_init_lc_ctype_1</STRONG> (Thumb, 0 bytes, Stack size unknown bytes, libinit2.o(.ARM.Collect$$libinit$$00000013))

<P><STRONG><a name="[15a]"></a>__rt_lib_init_lc_monetary_1</STRONG> (Thumb, 0 bytes, Stack size unknown bytes, libinit2.o(.ARM.Collect$$libinit$$00000015))

<P><STRONG><a name="[15b]"></a>__rt_lib_init_lc_numeric_1</STRONG> (Thumb, 0 bytes, Stack size unknown bytes, libinit2.o(.ARM.Collect$$libinit$$00000017))

<P><STRONG><a name="[15c]"></a>__rt_lib_init_lc_time_1</STRONG> (Thumb, 0 bytes, Stack size unknown bytes, libinit2.o(.ARM.Collect$$libinit$$00000019))

<P><STRONG><a name="[15d]"></a>__rt_lib_init_preinit_1</STRONG> (Thumb, 0 bytes, Stack size unknown bytes, libinit2.o(.ARM.Collect$$libinit$$00000004))

<P><STRONG><a name="[15e]"></a>__rt_lib_init_rand_1</STRONG> (Thumb, 0 bytes, Stack size unknown bytes, libinit2.o(.ARM.Collect$$libinit$$0000000E))

<P><STRONG><a name="[15f]"></a>__rt_lib_init_return</STRONG> (Thumb, 0 bytes, Stack size unknown bytes, libinit2.o(.ARM.Collect$$libinit$$00000033))

<P><STRONG><a name="[160]"></a>__rt_lib_init_signal_1</STRONG> (Thumb, 0 bytes, Stack size unknown bytes, libinit2.o(.ARM.Collect$$libinit$$0000001D))

<P><STRONG><a name="[161]"></a>__rt_lib_init_stdio_1</STRONG> (Thumb, 0 bytes, Stack size unknown bytes, libinit2.o(.ARM.Collect$$libinit$$00000025))

<P><STRONG><a name="[162]"></a>__rt_lib_init_user_alloc_1</STRONG> (Thumb, 0 bytes, Stack size unknown bytes, libinit2.o(.ARM.Collect$$libinit$$0000000C))

<P><STRONG><a name="[49]"></a>__rt_lib_shutdown</STRONG> (Thumb, 0 bytes, Stack size unknown bytes, libshutdown.o(.ARM.Collect$$libshutdown$$00000000))
<BR><BR>[Called By]<UL><LI><a href="#[48]">&gt;&gt;</a>&nbsp;&nbsp;&nbsp;__rt_exit_ls
</UL>

<P><STRONG><a name="[163]"></a>__rt_lib_shutdown_cpp_1</STRONG> (Thumb, 0 bytes, Stack size unknown bytes, libshutdown2.o(.ARM.Collect$$libshutdown$$00000002))

<P><STRONG><a name="[164]"></a>__rt_lib_shutdown_fp_trap_1</STRONG> (Thumb, 0 bytes, Stack size unknown bytes, libshutdown2.o(.ARM.Collect$$libshutdown$$00000007))

<P><STRONG><a name="[165]"></a>__rt_lib_shutdown_heap_1</STRONG> (Thumb, 0 bytes, Stack size unknown bytes, libshutdown2.o(.ARM.Collect$$libshutdown$$0000000F))

<P><STRONG><a name="[166]"></a>__rt_lib_shutdown_return</STRONG> (Thumb, 0 bytes, Stack size unknown bytes, libshutdown2.o(.ARM.Collect$$libshutdown$$00000010))

<P><STRONG><a name="[167]"></a>__rt_lib_shutdown_signal_1</STRONG> (Thumb, 0 bytes, Stack size unknown bytes, libshutdown2.o(.ARM.Collect$$libshutdown$$0000000A))

<P><STRONG><a name="[168]"></a>__rt_lib_shutdown_stdio_1</STRONG> (Thumb, 0 bytes, Stack size unknown bytes, libshutdown2.o(.ARM.Collect$$libshutdown$$00000004))

<P><STRONG><a name="[169]"></a>__rt_lib_shutdown_user_alloc_1</STRONG> (Thumb, 0 bytes, Stack size unknown bytes, libshutdown2.o(.ARM.Collect$$libshutdown$$0000000C))

<P><STRONG><a name="[41]"></a>__rt_entry</STRONG> (Thumb, 0 bytes, Stack size unknown bytes, __rtentry.o(.ARM.Collect$$rtentry$$00000000))
<BR><BR>[Called By]<UL><LI><a href="#[3f]">&gt;&gt;</a>&nbsp;&nbsp;&nbsp;__main
<LI><a href="#[42]">&gt;&gt;</a>&nbsp;&nbsp;&nbsp;__scatterload_rt2
</UL>

<P><STRONG><a name="[16a]"></a>__rt_entry_presh_1</STRONG> (Thumb, 0 bytes, Stack size unknown bytes, __rtentry2.o(.ARM.Collect$$rtentry$$00000002))

<P><STRONG><a name="[16b]"></a>__rt_entry_sh</STRONG> (Thumb, 0 bytes, Stack size unknown bytes, __rtentry7.o(.ARM.Collect$$rtentry$$00000007))

<P><STRONG><a name="[43]"></a>__rt_entry_li</STRONG> (Thumb, 0 bytes, Stack size unknown bytes, __rtentry2.o(.ARM.Collect$$rtentry$$0000000A))
<BR><BR>[Calls]<UL><LI><a href="#[44]">&gt;&gt;</a>&nbsp;&nbsp;&nbsp;__rt_lib_init
</UL>

<P><STRONG><a name="[16c]"></a>__rt_entry_postsh_1</STRONG> (Thumb, 0 bytes, Stack size unknown bytes, __rtentry2.o(.ARM.Collect$$rtentry$$00000009))

<P><STRONG><a name="[45]"></a>__rt_entry_main</STRONG> (Thumb, 0 bytes, Stack size unknown bytes, __rtentry2.o(.ARM.Collect$$rtentry$$0000000D))
<BR><BR>[Stack]<UL><LI>Max Depth = 1192 + Unknown Stack Size
<LI>Call Chain = __rt_entry_main &rArr; main &rArr; Board_Init_BSP &rArr; SystemParam_Init &rArr; SystemParam_Reset &rArr; SystemParam_Save &rArr; BSP_Flash_WriteBytes &rArr; FLASH_Erase &rArr; flash_cache_clear &rArr; flash_cache_clear_process &rArr; mcm_flash_cache_clear
</UL>
<BR>[Calls]<UL><LI><a href="#[46]">&gt;&gt;</a>&nbsp;&nbsp;&nbsp;main
<LI><a href="#[47]">&gt;&gt;</a>&nbsp;&nbsp;&nbsp;exit
</UL>

<P><STRONG><a name="[16d]"></a>__rt_entry_postli_1</STRONG> (Thumb, 0 bytes, Stack size unknown bytes, __rtentry2.o(.ARM.Collect$$rtentry$$0000000C))

<P><STRONG><a name="[5c]"></a>__rt_exit</STRONG> (Thumb, 0 bytes, Stack size unknown bytes, rtexit.o(.ARM.Collect$$rtexit$$00000000))
<BR><BR>[Called By]<UL><LI><a href="#[47]">&gt;&gt;</a>&nbsp;&nbsp;&nbsp;exit
</UL>

<P><STRONG><a name="[48]"></a>__rt_exit_ls</STRONG> (Thumb, 0 bytes, Stack size unknown bytes, rtexit2.o(.ARM.Collect$$rtexit$$00000003))
<BR><BR>[Calls]<UL><LI><a href="#[49]">&gt;&gt;</a>&nbsp;&nbsp;&nbsp;__rt_lib_shutdown
</UL>

<P><STRONG><a name="[16e]"></a>__rt_exit_prels_1</STRONG> (Thumb, 0 bytes, Stack size unknown bytes, rtexit2.o(.ARM.Collect$$rtexit$$00000002))

<P><STRONG><a name="[4a]"></a>__rt_exit_exit</STRONG> (Thumb, 0 bytes, Stack size unknown bytes, rtexit2.o(.ARM.Collect$$rtexit$$00000004))
<BR><BR>[Calls]<UL><LI><a href="#[4b]">&gt;&gt;</a>&nbsp;&nbsp;&nbsp;_sys_exit
</UL>

<P><STRONG><a name="[4d]"></a>__aeabi_memcpy4</STRONG> (Thumb, 56 bytes, Stack size 0 bytes, rt_memcpy.o(.emb_text))
<BR><BR>[Called By]<UL><LI><a href="#[125]">&gt;&gt;</a>&nbsp;&nbsp;&nbsp;RTC_ConvertDatetimeToSeconds
<LI><a href="#[89]">&gt;&gt;</a>&nbsp;&nbsp;&nbsp;BSP_RTC_ConvertDatetimeToSeconds
<LI><a href="#[4c]">&gt;&gt;</a>&nbsp;&nbsp;&nbsp;__aeabi_memcpy
</UL>

<P><STRONG><a name="[16f]"></a>__aeabi_memcpy8</STRONG> (Thumb, 0 bytes, Stack size 0 bytes, rt_memcpy.o(.emb_text), UNUSED)

<P><STRONG><a name="[5]"></a>Reset_Handler</STRONG> (Thumb, 24 bytes, Stack size 0 bytes, startup_mkl16z4.o(.text))
<BR>[Address Reference Count : 1]<UL><LI> startup_mkl16z4.o(RESET)
</UL>
<P><STRONG><a name="[6]"></a>NMI_Handler</STRONG> (Thumb, 2 bytes, Stack size 0 bytes, startup_mkl16z4.o(.text))
<BR><BR>[Calls]<UL><LI><a href="#[6]">&gt;&gt;</a>&nbsp;&nbsp;&nbsp;NMI_Handler
</UL>
<BR>[Called By]<UL><LI><a href="#[6]">&gt;&gt;</a>&nbsp;&nbsp;&nbsp;NMI_Handler
</UL>
<BR>[Address Reference Count : 1]<UL><LI> startup_mkl16z4.o(RESET)
</UL>
<P><STRONG><a name="[8]"></a>SVC_Handler</STRONG> (Thumb, 2 bytes, Stack size 0 bytes, startup_mkl16z4.o(.text))
<BR><BR>[Calls]<UL><LI><a href="#[8]">&gt;&gt;</a>&nbsp;&nbsp;&nbsp;SVC_Handler
</UL>
<BR>[Called By]<UL><LI><a href="#[8]">&gt;&gt;</a>&nbsp;&nbsp;&nbsp;SVC_Handler
</UL>
<BR>[Address Reference Count : 1]<UL><LI> startup_mkl16z4.o(RESET)
</UL>
<P><STRONG><a name="[9]"></a>PendSV_Handler</STRONG> (Thumb, 2 bytes, Stack size 0 bytes, startup_mkl16z4.o(.text))
<BR><BR>[Calls]<UL><LI><a href="#[9]">&gt;&gt;</a>&nbsp;&nbsp;&nbsp;PendSV_Handler
</UL>
<BR>[Called By]<UL><LI><a href="#[9]">&gt;&gt;</a>&nbsp;&nbsp;&nbsp;PendSV_Handler
</UL>
<BR>[Address Reference Count : 1]<UL><LI> startup_mkl16z4.o(RESET)
</UL>
<P><STRONG><a name="[c]"></a>DMA1_IRQHandler</STRONG> (Thumb, 4 bytes, Stack size 0 bytes, startup_mkl16z4.o(.text))
<BR>[Address Reference Count : 1]<UL><LI> startup_mkl16z4.o(RESET)
</UL>
<P><STRONG><a name="[d]"></a>DMA2_IRQHandler</STRONG> (Thumb, 4 bytes, Stack size 0 bytes, startup_mkl16z4.o(.text))
<BR>[Address Reference Count : 1]<UL><LI> startup_mkl16z4.o(RESET)
</UL>
<P><STRONG><a name="[e]"></a>DMA3_IRQHandler</STRONG> (Thumb, 4 bytes, Stack size 0 bytes, startup_mkl16z4.o(.text))
<BR>[Address Reference Count : 1]<UL><LI> startup_mkl16z4.o(RESET)
</UL>
<P><STRONG><a name="[13]"></a>I2C0_IRQHandler</STRONG> (Thumb, 4 bytes, Stack size 0 bytes, startup_mkl16z4.o(.text))
<BR>[Address Reference Count : 1]<UL><LI> startup_mkl16z4.o(RESET)
</UL>
<P><STRONG><a name="[14]"></a>I2C1_IRQHandler</STRONG> (Thumb, 4 bytes, Stack size 0 bytes, startup_mkl16z4.o(.text))
<BR>[Address Reference Count : 1]<UL><LI> startup_mkl16z4.o(RESET)
</UL>
<P><STRONG><a name="[15]"></a>SPI0_IRQHandler</STRONG> (Thumb, 4 bytes, Stack size 0 bytes, startup_mkl16z4.o(.text))
<BR>[Address Reference Count : 1]<UL><LI> startup_mkl16z4.o(RESET)
</UL>
<P><STRONG><a name="[16]"></a>SPI1_IRQHandler</STRONG> (Thumb, 4 bytes, Stack size 0 bytes, startup_mkl16z4.o(.text))
<BR>[Address Reference Count : 1]<UL><LI> startup_mkl16z4.o(RESET)
</UL>
<P><STRONG><a name="[18]"></a>UART1_IRQHandler</STRONG> (Thumb, 4 bytes, Stack size 0 bytes, startup_mkl16z4.o(.text))
<BR>[Address Reference Count : 1]<UL><LI> startup_mkl16z4.o(RESET)
</UL>
<P><STRONG><a name="[22]"></a>I2S0_IRQHandler</STRONG> (Thumb, 4 bytes, Stack size 0 bytes, startup_mkl16z4.o(.text))
<BR>[Address Reference Count : 1]<UL><LI> startup_mkl16z4.o(RESET)
</UL>
<P><STRONG><a name="[1b]"></a>CMP0_IRQHandler</STRONG> (Thumb, 0 bytes, Stack size 0 bytes, startup_mkl16z4.o(.text))
<BR>[Address Reference Count : 1]<UL><LI> startup_mkl16z4.o(RESET)
</UL>
<P><STRONG><a name="[24]"></a>DAC0_IRQHandler</STRONG> (Thumb, 0 bytes, Stack size 0 bytes, startup_mkl16z4.o(.text))
<BR>[Address Reference Count : 1]<UL><LI> startup_mkl16z4.o(RESET)
</UL>
<P><STRONG><a name="[39]"></a>DefaultISR</STRONG> (Thumb, 0 bytes, Stack size 0 bytes, startup_mkl16z4.o(.text))
<BR>[Address Reference Count : 1]<UL><LI> startup_mkl16z4.o(.text)
</UL>
<P><STRONG><a name="[10]"></a>FTFA_IRQHandler</STRONG> (Thumb, 0 bytes, Stack size 0 bytes, startup_mkl16z4.o(.text))
<BR>[Address Reference Count : 1]<UL><LI> startup_mkl16z4.o(RESET)
</UL>
<P><STRONG><a name="[38]"></a>I2S0_DriverIRQHandler</STRONG> (Thumb, 0 bytes, Stack size 0 bytes, startup_mkl16z4.o(.text))
<BR>[Address Reference Count : 1]<UL><LI> startup_mkl16z4.o(.text)
</UL>
<P><STRONG><a name="[12]"></a>LLWU_IRQHandler</STRONG> (Thumb, 0 bytes, Stack size 0 bytes, startup_mkl16z4.o(.text))
<BR>[Address Reference Count : 1]<UL><LI> startup_mkl16z4.o(RESET)
</UL>
<P><STRONG><a name="[11]"></a>LVD_LVW_IRQHandler</STRONG> (Thumb, 0 bytes, Stack size 0 bytes, startup_mkl16z4.o(.text))
<BR>[Address Reference Count : 1]<UL><LI> startup_mkl16z4.o(RESET)
</UL>
<P><STRONG><a name="[26]"></a>MCG_IRQHandler</STRONG> (Thumb, 0 bytes, Stack size 0 bytes, startup_mkl16z4.o(.text))
<BR>[Address Reference Count : 1]<UL><LI> startup_mkl16z4.o(RESET)
</UL>
<P><STRONG><a name="[21]"></a>PIT_IRQHandler</STRONG> (Thumb, 0 bytes, Stack size 0 bytes, startup_mkl16z4.o(.text))
<BR>[Address Reference Count : 1]<UL><LI> startup_mkl16z4.o(RESET)
</UL>
<P><STRONG><a name="[29]"></a>PORTA_IRQHandler</STRONG> (Thumb, 0 bytes, Stack size 0 bytes, startup_mkl16z4.o(.text))
<BR>[Address Reference Count : 1]<UL><LI> startup_mkl16z4.o(RESET)
</UL>
<P><STRONG><a name="[2a]"></a>PORTC_PORTD_IRQHandler</STRONG> (Thumb, 0 bytes, Stack size 0 bytes, startup_mkl16z4.o(.text))
<BR>[Address Reference Count : 1]<UL><LI> startup_mkl16z4.o(RESET)
</UL>
<P><STRONG><a name="[20]"></a>RTC_Seconds_IRQHandler</STRONG> (Thumb, 0 bytes, Stack size 0 bytes, startup_mkl16z4.o(.text))
<BR>[Address Reference Count : 1]<UL><LI> startup_mkl16z4.o(RESET)
</UL>
<P><STRONG><a name="[f]"></a>Reserved20_IRQHandler</STRONG> (Thumb, 0 bytes, Stack size 0 bytes, startup_mkl16z4.o(.text))
<BR>[Address Reference Count : 1]<UL><LI> startup_mkl16z4.o(RESET)
</UL>
<P><STRONG><a name="[23]"></a>Reserved40_IRQHandler</STRONG> (Thumb, 0 bytes, Stack size 0 bytes, startup_mkl16z4.o(.text))
<BR>[Address Reference Count : 1]<UL><LI> startup_mkl16z4.o(RESET)
</UL>
<P><STRONG><a name="[28]"></a>Reserved45_IRQHandler</STRONG> (Thumb, 0 bytes, Stack size 0 bytes, startup_mkl16z4.o(.text))
<BR>[Address Reference Count : 1]<UL><LI> startup_mkl16z4.o(RESET)
</UL>
<P><STRONG><a name="[1d]"></a>TPM1_IRQHandler</STRONG> (Thumb, 0 bytes, Stack size 0 bytes, startup_mkl16z4.o(.text))
<BR>[Address Reference Count : 1]<UL><LI> startup_mkl16z4.o(RESET)
</UL>
<P><STRONG><a name="[1e]"></a>TPM2_IRQHandler</STRONG> (Thumb, 0 bytes, Stack size 0 bytes, startup_mkl16z4.o(.text))
<BR>[Address Reference Count : 1]<UL><LI> startup_mkl16z4.o(RESET)
</UL>
<P><STRONG><a name="[25]"></a>TSI0_IRQHandler</STRONG> (Thumb, 0 bytes, Stack size 0 bytes, startup_mkl16z4.o(.text))
<BR>[Address Reference Count : 1]<UL><LI> startup_mkl16z4.o(RESET)
</UL>
<P><STRONG><a name="[13d]"></a>strcpy</STRONG> (Thumb, 70 bytes, Stack size 16 bytes, strcpy.o(.text))
<BR><BR>[Stack]<UL><LI>Max Depth = 16<LI>Call Chain = strcpy
</UL>
<BR>[Called By]<UL><LI><a href="#[129]">&gt;&gt;</a>&nbsp;&nbsp;&nbsp;_DoInit
</UL>

<P><STRONG><a name="[f1]"></a>strlen</STRONG> (Thumb, 62 bytes, Stack size 12 bytes, strlen.o(.text))
<BR><BR>[Stack]<UL><LI>Max Depth = 12<LI>Call Chain = strlen
</UL>
<BR>[Called By]<UL><LI><a href="#[ef]">&gt;&gt;</a>&nbsp;&nbsp;&nbsp;DbgConsole_PrintfFormattedData
</UL>

<P><STRONG><a name="[4c]"></a>__aeabi_memcpy</STRONG> (Thumb, 130 bytes, Stack size 24 bytes, rt_memcpy.o(.text))
<BR><BR>[Stack]<UL><LI>Max Depth = 24<LI>Call Chain = __aeabi_memcpy
</UL>
<BR>[Calls]<UL><LI><a href="#[4d]">&gt;&gt;</a>&nbsp;&nbsp;&nbsp;__aeabi_memcpy4
</UL>
<BR>[Called By]<UL><LI><a href="#[fa]">&gt;&gt;</a>&nbsp;&nbsp;&nbsp;copy_flash_run_command
<LI><a href="#[fb]">&gt;&gt;</a>&nbsp;&nbsp;&nbsp;copy_flash_common_bit_operation
<LI><a href="#[76]">&gt;&gt;</a>&nbsp;&nbsp;&nbsp;bsp_conf_rev
<LI><a href="#[a1]">&gt;&gt;</a>&nbsp;&nbsp;&nbsp;BSP_Flash_WriteBytes
<LI><a href="#[6b]">&gt;&gt;</a>&nbsp;&nbsp;&nbsp;LNprotocol_AddPayload
<LI><a href="#[8b]">&gt;&gt;</a>&nbsp;&nbsp;&nbsp;APP_Conf_Set_SNcode
<LI><a href="#[6d]">&gt;&gt;</a>&nbsp;&nbsp;&nbsp;APP_Conf_SendData
<LI><a href="#[12c]">&gt;&gt;</a>&nbsp;&nbsp;&nbsp;_WriteNoCheck
<LI><a href="#[12d]">&gt;&gt;</a>&nbsp;&nbsp;&nbsp;_WriteBlocking
<LI><a href="#[135]">&gt;&gt;</a>&nbsp;&nbsp;&nbsp;SystemParam_Reset
<LI><a href="#[136]">&gt;&gt;</a>&nbsp;&nbsp;&nbsp;sys_makeUIDtoSNcode
</UL>

<P><STRONG><a name="[170]"></a>__rt_memcpy</STRONG> (Thumb, 0 bytes, Stack size 24 bytes, rt_memcpy.o(.text), UNUSED)

<P><STRONG><a name="[4f]"></a>_memset_w</STRONG> (Thumb, 26 bytes, Stack size 0 bytes, rt_memclr.o(.text))
<BR><BR>[Called By]<UL><LI><a href="#[51]">&gt;&gt;</a>&nbsp;&nbsp;&nbsp;__rt_memclr_w
<LI><a href="#[4e]">&gt;&gt;</a>&nbsp;&nbsp;&nbsp;_memset
</UL>

<P><STRONG><a name="[4e]"></a>_memset</STRONG> (Thumb, 30 bytes, Stack size 0 bytes, rt_memclr.o(.text))
<BR><BR>[Calls]<UL><LI><a href="#[4f]">&gt;&gt;</a>&nbsp;&nbsp;&nbsp;_memset_w
</UL>
<BR>[Called By]<UL><LI><a href="#[50]">&gt;&gt;</a>&nbsp;&nbsp;&nbsp;__aeabi_memclr
</UL>

<P><STRONG><a name="[50]"></a>__aeabi_memclr</STRONG> (Thumb, 4 bytes, Stack size 0 bytes, rt_memclr.o(.text))
<BR><BR>[Calls]<UL><LI><a href="#[4e]">&gt;&gt;</a>&nbsp;&nbsp;&nbsp;_memset
</UL>
<BR>[Called By]<UL><LI><a href="#[76]">&gt;&gt;</a>&nbsp;&nbsp;&nbsp;bsp_conf_rev
</UL>

<P><STRONG><a name="[171]"></a>__rt_memclr</STRONG> (Thumb, 0 bytes, Stack size 0 bytes, rt_memclr.o(.text), UNUSED)

<P><STRONG><a name="[69]"></a>__aeabi_memclr4</STRONG> (Thumb, 0 bytes, Stack size 0 bytes, rt_memclr.o(.text))
<BR><BR>[Called By]<UL><LI><a href="#[108]">&gt;&gt;</a>&nbsp;&nbsp;&nbsp;I2C_MasterTransferCreateHandle
<LI><a href="#[f2]">&gt;&gt;</a>&nbsp;&nbsp;&nbsp;flash_get_matched_operation_info
<LI><a href="#[a1]">&gt;&gt;</a>&nbsp;&nbsp;&nbsp;BSP_Flash_WriteBytes
<LI><a href="#[83]">&gt;&gt;</a>&nbsp;&nbsp;&nbsp;APP_Conf_Set_ADCCalibration
<LI><a href="#[78]">&gt;&gt;</a>&nbsp;&nbsp;&nbsp;APP_Conf_SetADCToRealValue
<LI><a href="#[74]">&gt;&gt;</a>&nbsp;&nbsp;&nbsp;APP_Conf_Reply_SelfStart
<LI><a href="#[73]">&gt;&gt;</a>&nbsp;&nbsp;&nbsp;APP_Conf_Reply_Sample_Rate
<LI><a href="#[71]">&gt;&gt;</a>&nbsp;&nbsp;&nbsp;APP_Conf_Reply_Alarm
<LI><a href="#[70]">&gt;&gt;</a>&nbsp;&nbsp;&nbsp;APP_Conf_ReplyConf
<LI><a href="#[6f]">&gt;&gt;</a>&nbsp;&nbsp;&nbsp;APP_Conf_ID
<LI><a href="#[68]">&gt;&gt;</a>&nbsp;&nbsp;&nbsp;APP_Conf_GetVersion
<LI><a href="#[110]">&gt;&gt;</a>&nbsp;&nbsp;&nbsp;I2C_ReadAccelWhoAmI
</UL>

<P><STRONG><a name="[172]"></a>__aeabi_memclr8</STRONG> (Thumb, 0 bytes, Stack size 0 bytes, rt_memclr.o(.text), UNUSED)

<P><STRONG><a name="[51]"></a>__rt_memclr_w</STRONG> (Thumb, 4 bytes, Stack size 0 bytes, rt_memclr.o(.text), UNUSED)
<BR><BR>[Calls]<UL><LI><a href="#[4f]">&gt;&gt;</a>&nbsp;&nbsp;&nbsp;_memset_w
</UL>

<P><STRONG><a name="[61]"></a>__aeabi_uread4</STRONG> (Thumb, 34 bytes, Stack size 0 bytes, uread4.o(.text))
<BR><BR>[Called By]<UL><LI><a href="#[60]">&gt;&gt;</a>&nbsp;&nbsp;&nbsp;APP_Battery_Reduce
<LI><a href="#[71]">&gt;&gt;</a>&nbsp;&nbsp;&nbsp;APP_Conf_Reply_Alarm
</UL>

<P><STRONG><a name="[173]"></a>__rt_uread4</STRONG> (Thumb, 0 bytes, Stack size 0 bytes, uread4.o(.text), UNUSED)

<P><STRONG><a name="[62]"></a>__aeabi_uwrite4</STRONG> (Thumb, 16 bytes, Stack size 0 bytes, uwrite4.o(.text))
<BR><BR>[Called By]<UL><LI><a href="#[60]">&gt;&gt;</a>&nbsp;&nbsp;&nbsp;APP_Battery_Reduce
<LI><a href="#[8a]">&gt;&gt;</a>&nbsp;&nbsp;&nbsp;APP_Conf_Set_EQ
<LI><a href="#[88]">&gt;&gt;</a>&nbsp;&nbsp;&nbsp;APP_Conf_Set_AlarmTime
<LI><a href="#[83]">&gt;&gt;</a>&nbsp;&nbsp;&nbsp;APP_Conf_Set_ADCCalibration
<LI><a href="#[78]">&gt;&gt;</a>&nbsp;&nbsp;&nbsp;APP_Conf_SetADCToRealValue
</UL>

<P><STRONG><a name="[174]"></a>__rt_uwrite4</STRONG> (Thumb, 0 bytes, Stack size 0 bytes, uwrite4.o(.text), UNUSED)

<P><STRONG><a name="[175]"></a>__aeabi_uidiv</STRONG> (Thumb, 0 bytes, Stack size 0 bytes, aeabi_sdiv.o(.text), UNUSED)

<P><STRONG><a name="[64]"></a>__aeabi_uidivmod</STRONG> (Thumb, 20 bytes, Stack size 0 bytes, aeabi_sdiv.o(.text))
<BR><BR>[Called By]<UL><LI><a href="#[db]">&gt;&gt;</a>&nbsp;&nbsp;&nbsp;CLOCK_GetPll0Freq
<LI><a href="#[bd]">&gt;&gt;</a>&nbsp;&nbsp;&nbsp;CLOCK_GetFreq
<LI><a href="#[d6]">&gt;&gt;</a>&nbsp;&nbsp;&nbsp;CLOCK_GetFllExtRefClkFreq
<LI><a href="#[ed]">&gt;&gt;</a>&nbsp;&nbsp;&nbsp;DbgConsole_ConvertRadixNumToString
<LI><a href="#[106]">&gt;&gt;</a>&nbsp;&nbsp;&nbsp;I2C_MasterSetBaudRate
<LI><a href="#[a3]">&gt;&gt;</a>&nbsp;&nbsp;&nbsp;FLASH_Erase
<LI><a href="#[f2]">&gt;&gt;</a>&nbsp;&nbsp;&nbsp;flash_get_matched_operation_info
<LI><a href="#[126]">&gt;&gt;</a>&nbsp;&nbsp;&nbsp;RTC_ConvertSecondsToDatetime
<LI><a href="#[60]">&gt;&gt;</a>&nbsp;&nbsp;&nbsp;APP_Battery_Reduce
<LI><a href="#[c0]">&gt;&gt;</a>&nbsp;&nbsp;&nbsp;BSP_SysTick_Init
<LI><a href="#[ae]">&gt;&gt;</a>&nbsp;&nbsp;&nbsp;BSP_LED_Update
<LI><a href="#[72]">&gt;&gt;</a>&nbsp;&nbsp;&nbsp;BSP_RTC_ConvertSecondsToDatetime
<LI><a href="#[9d]">&gt;&gt;</a>&nbsp;&nbsp;&nbsp;BSP_E32_RevByteOneByte
<LI><a href="#[131]">&gt;&gt;</a>&nbsp;&nbsp;&nbsp;_PrintUnsigned
</UL>

<P><STRONG><a name="[176]"></a>__aeabi_idiv</STRONG> (Thumb, 0 bytes, Stack size 8 bytes, aeabi_sdiv.o(.text), UNUSED)

<P><STRONG><a name="[9a]"></a>__aeabi_idivmod</STRONG> (Thumb, 326 bytes, Stack size 8 bytes, aeabi_sdiv.o(.text))
<BR><BR>[Stack]<UL><LI>Max Depth = 8<LI>Call Chain = __aeabi_idivmod
</UL>
<BR>[Called By]<UL><LI><a href="#[ed]">&gt;&gt;</a>&nbsp;&nbsp;&nbsp;DbgConsole_ConvertRadixNumToString
<LI><a href="#[124]">&gt;&gt;</a>&nbsp;&nbsp;&nbsp;RTC_CheckDatetimeFormat
<LI><a href="#[94]">&gt;&gt;</a>&nbsp;&nbsp;&nbsp;app_transfer_enqueue_cmd
<LI><a href="#[7f]">&gt;&gt;</a>&nbsp;&nbsp;&nbsp;BSP_E32_AddCmd
<LI><a href="#[113]">&gt;&gt;</a>&nbsp;&nbsp;&nbsp;OS_Clock_Update
<LI><a href="#[130]">&gt;&gt;</a>&nbsp;&nbsp;&nbsp;_PrintInt
</UL>

<P><STRONG><a name="[7a]"></a>__aeabi_fdiv</STRONG> (Thumb, 0 bytes, Stack size 20 bytes, fdiv.o(.text))
<BR><BR>[Stack]<UL><LI>Max Depth = 20<LI>Call Chain = __aeabi_fdiv
</UL>
<BR>[Called By]<UL><LI><a href="#[83]">&gt;&gt;</a>&nbsp;&nbsp;&nbsp;APP_Conf_Set_ADCCalibration
<LI><a href="#[78]">&gt;&gt;</a>&nbsp;&nbsp;&nbsp;APP_Conf_SetADCToRealValue
</UL>

<P><STRONG><a name="[53]"></a>_fdiv</STRONG> (Thumb, 334 bytes, Stack size 20 bytes, fdiv.o(.text), UNUSED)
<BR><BR>[Called By]<UL><LI><a href="#[52]">&gt;&gt;</a>&nbsp;&nbsp;&nbsp;_frdiv
</UL>

<P><STRONG><a name="[52]"></a>_frdiv</STRONG> (Thumb, 8 bytes, Stack size 0 bytes, fdiv.o(.text), UNUSED)
<BR><BR>[Calls]<UL><LI><a href="#[53]">&gt;&gt;</a>&nbsp;&nbsp;&nbsp;_fdiv
</UL>

<P><STRONG><a name="[55]"></a>__aeabi_i2f_normalise</STRONG> (Thumb, 72 bytes, Stack size 0 bytes, fflti.o(.text))
<BR><BR>[Called By]<UL><LI><a href="#[56]">&gt;&gt;</a>&nbsp;&nbsp;&nbsp;__aeabi_ui2f
<LI><a href="#[54]">&gt;&gt;</a>&nbsp;&nbsp;&nbsp;__aeabi_i2f
</UL>

<P><STRONG><a name="[54]"></a>__aeabi_i2f</STRONG> (Thumb, 16 bytes, Stack size 0 bytes, fflti.o(.text), UNUSED)
<BR><BR>[Calls]<UL><LI><a href="#[55]">&gt;&gt;</a>&nbsp;&nbsp;&nbsp;__aeabi_i2f_normalise
</UL>

<P><STRONG><a name="[177]"></a>_fflt</STRONG> (Thumb, 0 bytes, Stack size 0 bytes, fflti.o(.text), UNUSED)

<P><STRONG><a name="[56]"></a>__aeabi_ui2f</STRONG> (Thumb, 6 bytes, Stack size 0 bytes, fflti.o(.text))
<BR><BR>[Calls]<UL><LI><a href="#[55]">&gt;&gt;</a>&nbsp;&nbsp;&nbsp;__aeabi_i2f_normalise
</UL>
<BR>[Called By]<UL><LI><a href="#[83]">&gt;&gt;</a>&nbsp;&nbsp;&nbsp;APP_Conf_Set_ADCCalibration
</UL>

<P><STRONG><a name="[178]"></a>_ffltu</STRONG> (Thumb, 0 bytes, Stack size 0 bytes, fflti.o(.text), UNUSED)

<P><STRONG><a name="[57]"></a>__fpl_fcmp_InfNaN</STRONG> (Thumb, 96 bytes, Stack size 8 bytes, fcmpin.o(.text), UNUSED)
<BR><BR>[Calls]<UL><LI><a href="#[59]">&gt;&gt;</a>&nbsp;&nbsp;&nbsp;__fpl_fcheck_NaN2
<LI><a href="#[58]">&gt;&gt;</a>&nbsp;&nbsp;&nbsp;__fpl_cmpreturn
</UL>
<BR>[Called By]<UL><LI><a href="#[147]">&gt;&gt;</a>&nbsp;&nbsp;&nbsp;_fcmpeq
</UL>

<P><STRONG><a name="[58]"></a>__fpl_cmpreturn</STRONG> (Thumb, 46 bytes, Stack size 0 bytes, cmpret.o(.text), UNUSED)
<BR><BR>[Called By]<UL><LI><a href="#[5a]">&gt;&gt;</a>&nbsp;&nbsp;&nbsp;__fpl_return_NaN
<LI><a href="#[57]">&gt;&gt;</a>&nbsp;&nbsp;&nbsp;__fpl_fcmp_InfNaN
</UL>

<P><STRONG><a name="[59]"></a>__fpl_fcheck_NaN2</STRONG> (Thumb, 10 bytes, Stack size 8 bytes, fnan2.o(.text), UNUSED)
<BR><BR>[Calls]<UL><LI><a href="#[5a]">&gt;&gt;</a>&nbsp;&nbsp;&nbsp;__fpl_return_NaN
</UL>
<BR>[Called By]<UL><LI><a href="#[57]">&gt;&gt;</a>&nbsp;&nbsp;&nbsp;__fpl_fcmp_InfNaN
</UL>

<P><STRONG><a name="[47]"></a>exit</STRONG> (Thumb, 16 bytes, Stack size 8 bytes, exit.o(.text))
<BR><BR>[Stack]<UL><LI>Max Depth = 8 + Unknown Stack Size
<LI>Call Chain = exit
</UL>
<BR>[Calls]<UL><LI><a href="#[5c]">&gt;&gt;</a>&nbsp;&nbsp;&nbsp;__rt_exit
<LI><a href="#[5b]">&gt;&gt;</a>&nbsp;&nbsp;&nbsp;_call_atexit_fns (Weak Reference)
</UL>
<BR>[Called By]<UL><LI><a href="#[45]">&gt;&gt;</a>&nbsp;&nbsp;&nbsp;__rt_entry_main
</UL>

<P><STRONG><a name="[5a]"></a>__fpl_return_NaN</STRONG> (Thumb, 94 bytes, Stack size 8 bytes, retnan.o(.text), UNUSED)
<BR><BR>[Calls]<UL><LI><a href="#[58]">&gt;&gt;</a>&nbsp;&nbsp;&nbsp;__fpl_cmpreturn
</UL>
<BR>[Called By]<UL><LI><a href="#[59]">&gt;&gt;</a>&nbsp;&nbsp;&nbsp;__fpl_fcheck_NaN2
</UL>

<P><STRONG><a name="[4b]"></a>_sys_exit</STRONG> (Thumb, 8 bytes, Stack size 0 bytes, sys_exit.o(.text))
<BR><BR>[Called By]<UL><LI><a href="#[4a]">&gt;&gt;</a>&nbsp;&nbsp;&nbsp;__rt_exit_exit
</UL>

<P><STRONG><a name="[179]"></a>__I$use$semihosting</STRONG> (Thumb, 0 bytes, Stack size 0 bytes, use_no_semi.o(.text), UNUSED)

<P><STRONG><a name="[17a]"></a>__use_no_semihosting_swi</STRONG> (Thumb, 2 bytes, Stack size 0 bytes, use_no_semi.o(.text), UNUSED)

<P><STRONG><a name="[17b]"></a>__decompress</STRONG> (Thumb, 0 bytes, Stack size unknown bytes, __dczerorl.o(.text), UNUSED)

<P><STRONG><a name="[17c]"></a>__decompress0</STRONG> (Thumb, 58 bytes, Stack size unknown bytes, __dczerorl.o(.text), UNUSED)

<P><STRONG><a name="[17d]"></a>__semihosting_library_function</STRONG> (Thumb, 0 bytes, Stack size unknown bytes, indicate_semi.o(.text), UNUSED)

<P><STRONG><a name="[1a]"></a>ADC0_IRQHandler</STRONG> (Thumb, 20 bytes, Stack size 8 bytes, bsp_adc.o(i.ADC0_IRQHandler))
<BR><BR>[Stack]<UL><LI>Max Depth = 240<LI>Call Chain = ADC0_IRQHandler &rArr; ADC16_GetChannelConversionValue &rArr; __aeabi_assert &rArr; DbgConsole_Printf &rArr; DbgConsole_PrintfFormattedData &rArr; DbgConsole_ConvertRadixNumToString &rArr; __aeabi_idivmod
</UL>
<BR>[Calls]<UL><LI><a href="#[5e]">&gt;&gt;</a>&nbsp;&nbsp;&nbsp;bsp_adc_addvalue
<LI><a href="#[5d]">&gt;&gt;</a>&nbsp;&nbsp;&nbsp;ADC16_GetChannelConversionValue
</UL>
<BR>[Address Reference Count : 1]<UL><LI> startup_mkl16z4.o(RESET)
</UL>
<P><STRONG><a name="[60]"></a>APP_Battery_Reduce</STRONG> (Thumb, 122 bytes, Stack size 8 bytes, app_battery.o(i.APP_Battery_Reduce))
<BR><BR>[Stack]<UL><LI>Max Depth = 1176<LI>Call Chain = APP_Battery_Reduce &rArr; SystemParam_Save &rArr; BSP_Flash_WriteBytes &rArr; FLASH_Erase &rArr; flash_cache_clear &rArr; flash_cache_clear_process &rArr; mcm_flash_cache_clear
</UL>
<BR>[Calls]<UL><LI><a href="#[65]">&gt;&gt;</a>&nbsp;&nbsp;&nbsp;SystemParam_Save
<LI><a href="#[63]">&gt;&gt;</a>&nbsp;&nbsp;&nbsp;SEGGER_RTT_printf
<LI><a href="#[64]">&gt;&gt;</a>&nbsp;&nbsp;&nbsp;__aeabi_uidivmod
<LI><a href="#[62]">&gt;&gt;</a>&nbsp;&nbsp;&nbsp;__aeabi_uwrite4
<LI><a href="#[61]">&gt;&gt;</a>&nbsp;&nbsp;&nbsp;__aeabi_uread4
</UL>
<BR>[Called By]<UL><LI><a href="#[8a]">&gt;&gt;</a>&nbsp;&nbsp;&nbsp;APP_Conf_Set_EQ
</UL>

<P><STRONG><a name="[66]"></a>APP_Conf_ClearConfStatus</STRONG> (Thumb, 22 bytes, Stack size 8 bytes, app_conf.o(i.APP_Conf_ClearConfStatus))
<BR><BR>[Stack]<UL><LI>Max Depth = 88<LI>Call Chain = APP_Conf_ClearConfStatus &rArr; BSP_LED_Blink &rArr; OS_Timer_Stop &rArr; osalTimerFind
</UL>
<BR>[Calls]<UL><LI><a href="#[67]">&gt;&gt;</a>&nbsp;&nbsp;&nbsp;BSP_LED_Blink
</UL>
<BR>[Called By]<UL><LI><a href="#[91]">&gt;&gt;</a>&nbsp;&nbsp;&nbsp;APP_RevMessage_Process
</UL>

<P><STRONG><a name="[68]"></a>APP_Conf_GetVersion</STRONG> (Thumb, 92 bytes, Stack size 128 bytes, app_conf.o(i.APP_Conf_GetVersion))
<BR><BR>[Stack]<UL><LI>Max Depth = 496<LI>Call Chain = APP_Conf_GetVersion &rArr; APP_Conf_SendData &rArr; BSP_UART_WriteBytes_DMA &rArr; LPSCI_TransferSendDMA &rArr; DMA_SubmitTransfer &rArr; DMA_SetTransferConfig &rArr; __aeabi_assert &rArr; DbgConsole_Printf &rArr; DbgConsole_PrintfFormattedData &rArr; DbgConsole_ConvertRadixNumToString &rArr; __aeabi_idivmod
</UL>
<BR>[Calls]<UL><LI><a href="#[6a]">&gt;&gt;</a>&nbsp;&nbsp;&nbsp;Version_Get_Bin
<LI><a href="#[6c]">&gt;&gt;</a>&nbsp;&nbsp;&nbsp;LNprotocol_GetChecksum
<LI><a href="#[6b]">&gt;&gt;</a>&nbsp;&nbsp;&nbsp;LNprotocol_AddPayload
<LI><a href="#[6d]">&gt;&gt;</a>&nbsp;&nbsp;&nbsp;APP_Conf_SendData
<LI><a href="#[69]">&gt;&gt;</a>&nbsp;&nbsp;&nbsp;__aeabi_memclr4
</UL>
<BR>[Called By]<UL><LI><a href="#[91]">&gt;&gt;</a>&nbsp;&nbsp;&nbsp;APP_RevMessage_Process
</UL>

<P><STRONG><a name="[6e]"></a>APP_Conf_GotoLowPower</STRONG> (Thumb, 16 bytes, Stack size 16 bytes, app_conf.o(i.APP_Conf_GotoLowPower))
<BR><BR>[Stack]<UL><LI>Max Depth = 384<LI>Call Chain = APP_Conf_GotoLowPower &rArr; APP_Conf_SendData &rArr; BSP_UART_WriteBytes_DMA &rArr; LPSCI_TransferSendDMA &rArr; DMA_SubmitTransfer &rArr; DMA_SetTransferConfig &rArr; __aeabi_assert &rArr; DbgConsole_Printf &rArr; DbgConsole_PrintfFormattedData &rArr; DbgConsole_ConvertRadixNumToString &rArr; __aeabi_idivmod
</UL>
<BR>[Calls]<UL><LI><a href="#[6d]">&gt;&gt;</a>&nbsp;&nbsp;&nbsp;APP_Conf_SendData
</UL>
<BR>[Called By]<UL><LI><a href="#[91]">&gt;&gt;</a>&nbsp;&nbsp;&nbsp;APP_RevMessage_Process
</UL>

<P><STRONG><a name="[6f]"></a>APP_Conf_ID</STRONG> (Thumb, 82 bytes, Stack size 120 bytes, app_conf.o(i.APP_Conf_ID))
<BR><BR>[Stack]<UL><LI>Max Depth = 488<LI>Call Chain = APP_Conf_ID &rArr; APP_Conf_SendData &rArr; BSP_UART_WriteBytes_DMA &rArr; LPSCI_TransferSendDMA &rArr; DMA_SubmitTransfer &rArr; DMA_SetTransferConfig &rArr; __aeabi_assert &rArr; DbgConsole_Printf &rArr; DbgConsole_PrintfFormattedData &rArr; DbgConsole_ConvertRadixNumToString &rArr; __aeabi_idivmod
</UL>
<BR>[Calls]<UL><LI><a href="#[6c]">&gt;&gt;</a>&nbsp;&nbsp;&nbsp;LNprotocol_GetChecksum
<LI><a href="#[6b]">&gt;&gt;</a>&nbsp;&nbsp;&nbsp;LNprotocol_AddPayload
<LI><a href="#[6d]">&gt;&gt;</a>&nbsp;&nbsp;&nbsp;APP_Conf_SendData
<LI><a href="#[69]">&gt;&gt;</a>&nbsp;&nbsp;&nbsp;__aeabi_memclr4
</UL>
<BR>[Called By]<UL><LI><a href="#[91]">&gt;&gt;</a>&nbsp;&nbsp;&nbsp;APP_RevMessage_Process
</UL>

<P><STRONG><a name="[70]"></a>APP_Conf_ReplyConf</STRONG> (Thumb, 252 bytes, Stack size 136 bytes, app_conf.o(i.APP_Conf_ReplyConf))
<BR><BR>[Stack]<UL><LI>Max Depth = 504<LI>Call Chain = APP_Conf_ReplyConf &rArr; APP_Conf_SendData &rArr; BSP_UART_WriteBytes_DMA &rArr; LPSCI_TransferSendDMA &rArr; DMA_SubmitTransfer &rArr; DMA_SetTransferConfig &rArr; __aeabi_assert &rArr; DbgConsole_Printf &rArr; DbgConsole_PrintfFormattedData &rArr; DbgConsole_ConvertRadixNumToString &rArr; __aeabi_idivmod
</UL>
<BR>[Calls]<UL><LI><a href="#[6c]">&gt;&gt;</a>&nbsp;&nbsp;&nbsp;LNprotocol_GetChecksum
<LI><a href="#[6b]">&gt;&gt;</a>&nbsp;&nbsp;&nbsp;LNprotocol_AddPayload
<LI><a href="#[6d]">&gt;&gt;</a>&nbsp;&nbsp;&nbsp;APP_Conf_SendData
<LI><a href="#[69]">&gt;&gt;</a>&nbsp;&nbsp;&nbsp;__aeabi_memclr4
</UL>
<BR>[Called By]<UL><LI><a href="#[91]">&gt;&gt;</a>&nbsp;&nbsp;&nbsp;APP_RevMessage_Process
</UL>

<P><STRONG><a name="[71]"></a>APP_Conf_Reply_Alarm</STRONG> (Thumb, 164 bytes, Stack size 128 bytes, app_conf.o(i.APP_Conf_Reply_Alarm))
<BR><BR>[Stack]<UL><LI>Max Depth = 496<LI>Call Chain = APP_Conf_Reply_Alarm &rArr; APP_Conf_SendData &rArr; BSP_UART_WriteBytes_DMA &rArr; LPSCI_TransferSendDMA &rArr; DMA_SubmitTransfer &rArr; DMA_SetTransferConfig &rArr; __aeabi_assert &rArr; DbgConsole_Printf &rArr; DbgConsole_PrintfFormattedData &rArr; DbgConsole_ConvertRadixNumToString &rArr; __aeabi_idivmod
</UL>
<BR>[Calls]<UL><LI><a href="#[6c]">&gt;&gt;</a>&nbsp;&nbsp;&nbsp;LNprotocol_GetChecksum
<LI><a href="#[6b]">&gt;&gt;</a>&nbsp;&nbsp;&nbsp;LNprotocol_AddPayload
<LI><a href="#[72]">&gt;&gt;</a>&nbsp;&nbsp;&nbsp;BSP_RTC_ConvertSecondsToDatetime
<LI><a href="#[6d]">&gt;&gt;</a>&nbsp;&nbsp;&nbsp;APP_Conf_SendData
<LI><a href="#[61]">&gt;&gt;</a>&nbsp;&nbsp;&nbsp;__aeabi_uread4
<LI><a href="#[69]">&gt;&gt;</a>&nbsp;&nbsp;&nbsp;__aeabi_memclr4
</UL>
<BR>[Called By]<UL><LI><a href="#[91]">&gt;&gt;</a>&nbsp;&nbsp;&nbsp;APP_RevMessage_Process
</UL>

<P><STRONG><a name="[73]"></a>APP_Conf_Reply_Sample_Rate</STRONG> (Thumb, 118 bytes, Stack size 136 bytes, app_conf.o(i.APP_Conf_Reply_Sample_Rate))
<BR><BR>[Stack]<UL><LI>Max Depth = 504<LI>Call Chain = APP_Conf_Reply_Sample_Rate &rArr; APP_Conf_SendData &rArr; BSP_UART_WriteBytes_DMA &rArr; LPSCI_TransferSendDMA &rArr; DMA_SubmitTransfer &rArr; DMA_SetTransferConfig &rArr; __aeabi_assert &rArr; DbgConsole_Printf &rArr; DbgConsole_PrintfFormattedData &rArr; DbgConsole_ConvertRadixNumToString &rArr; __aeabi_idivmod
</UL>
<BR>[Calls]<UL><LI><a href="#[6c]">&gt;&gt;</a>&nbsp;&nbsp;&nbsp;LNprotocol_GetChecksum
<LI><a href="#[6b]">&gt;&gt;</a>&nbsp;&nbsp;&nbsp;LNprotocol_AddPayload
<LI><a href="#[6d]">&gt;&gt;</a>&nbsp;&nbsp;&nbsp;APP_Conf_SendData
<LI><a href="#[69]">&gt;&gt;</a>&nbsp;&nbsp;&nbsp;__aeabi_memclr4
</UL>
<BR>[Called By]<UL><LI><a href="#[91]">&gt;&gt;</a>&nbsp;&nbsp;&nbsp;APP_RevMessage_Process
</UL>

<P><STRONG><a name="[74]"></a>APP_Conf_Reply_SelfStart</STRONG> (Thumb, 104 bytes, Stack size 136 bytes, app_conf.o(i.APP_Conf_Reply_SelfStart))
<BR><BR>[Stack]<UL><LI>Max Depth = 504<LI>Call Chain = APP_Conf_Reply_SelfStart &rArr; APP_Conf_SendData &rArr; BSP_UART_WriteBytes_DMA &rArr; LPSCI_TransferSendDMA &rArr; DMA_SubmitTransfer &rArr; DMA_SetTransferConfig &rArr; __aeabi_assert &rArr; DbgConsole_Printf &rArr; DbgConsole_PrintfFormattedData &rArr; DbgConsole_ConvertRadixNumToString &rArr; __aeabi_idivmod
</UL>
<BR>[Calls]<UL><LI><a href="#[6c]">&gt;&gt;</a>&nbsp;&nbsp;&nbsp;LNprotocol_GetChecksum
<LI><a href="#[6b]">&gt;&gt;</a>&nbsp;&nbsp;&nbsp;LNprotocol_AddPayload
<LI><a href="#[6d]">&gt;&gt;</a>&nbsp;&nbsp;&nbsp;APP_Conf_SendData
<LI><a href="#[69]">&gt;&gt;</a>&nbsp;&nbsp;&nbsp;__aeabi_memclr4
</UL>
<BR>[Called By]<UL><LI><a href="#[91]">&gt;&gt;</a>&nbsp;&nbsp;&nbsp;APP_RevMessage_Process
</UL>

<P><STRONG><a name="[75]"></a>APP_Conf_RevByteOneByte</STRONG> (Thumb, 12 bytes, Stack size 8 bytes, app_conf.o(i.APP_Conf_RevByteOneByte))
<BR><BR>[Stack]<UL><LI>Max Depth = 1368<LI>Call Chain = APP_Conf_RevByteOneByte &rArr; bsp_conf_rev &rArr; APP_RevMessage_Process &rArr; APP_Conf_SetADCToRealValue &rArr; SystemParam_Save &rArr; BSP_Flash_WriteBytes &rArr; FLASH_Erase &rArr; flash_cache_clear &rArr; flash_cache_clear_process &rArr; mcm_flash_cache_clear
</UL>
<BR>[Calls]<UL><LI><a href="#[76]">&gt;&gt;</a>&nbsp;&nbsp;&nbsp;bsp_conf_rev
</UL>
<BR>[Called By]<UL><LI><a href="#[19]">&gt;&gt;</a>&nbsp;&nbsp;&nbsp;UART2_IRQHandler
</UL>

<P><STRONG><a name="[6d]"></a>APP_Conf_SendData</STRONG> (Thumb, 28 bytes, Stack size 16 bytes, app_conf.o(i.APP_Conf_SendData))
<BR><BR>[Stack]<UL><LI>Max Depth = 368<LI>Call Chain = APP_Conf_SendData &rArr; BSP_UART_WriteBytes_DMA &rArr; LPSCI_TransferSendDMA &rArr; DMA_SubmitTransfer &rArr; DMA_SetTransferConfig &rArr; __aeabi_assert &rArr; DbgConsole_Printf &rArr; DbgConsole_PrintfFormattedData &rArr; DbgConsole_ConvertRadixNumToString &rArr; __aeabi_idivmod
</UL>
<BR>[Calls]<UL><LI><a href="#[77]">&gt;&gt;</a>&nbsp;&nbsp;&nbsp;BSP_UART_WriteBytes_DMA
<LI><a href="#[4c]">&gt;&gt;</a>&nbsp;&nbsp;&nbsp;__aeabi_memcpy
</UL>
<BR>[Called By]<UL><LI><a href="#[90]">&gt;&gt;</a>&nbsp;&nbsp;&nbsp;APP_Conf_Stop
<LI><a href="#[8e]">&gt;&gt;</a>&nbsp;&nbsp;&nbsp;APP_Conf_Start
<LI><a href="#[8d]">&gt;&gt;</a>&nbsp;&nbsp;&nbsp;APP_Conf_Set_SelfStart
<LI><a href="#[8c]">&gt;&gt;</a>&nbsp;&nbsp;&nbsp;APP_Conf_Set_Sample_Rate
<LI><a href="#[8b]">&gt;&gt;</a>&nbsp;&nbsp;&nbsp;APP_Conf_Set_SNcode
<LI><a href="#[8a]">&gt;&gt;</a>&nbsp;&nbsp;&nbsp;APP_Conf_Set_EQ
<LI><a href="#[83]">&gt;&gt;</a>&nbsp;&nbsp;&nbsp;APP_Conf_Set_ADCCalibration
<LI><a href="#[7c]">&gt;&gt;</a>&nbsp;&nbsp;&nbsp;APP_Conf_SetConf
<LI><a href="#[78]">&gt;&gt;</a>&nbsp;&nbsp;&nbsp;APP_Conf_SetADCToRealValue
<LI><a href="#[74]">&gt;&gt;</a>&nbsp;&nbsp;&nbsp;APP_Conf_Reply_SelfStart
<LI><a href="#[73]">&gt;&gt;</a>&nbsp;&nbsp;&nbsp;APP_Conf_Reply_Sample_Rate
<LI><a href="#[71]">&gt;&gt;</a>&nbsp;&nbsp;&nbsp;APP_Conf_Reply_Alarm
<LI><a href="#[70]">&gt;&gt;</a>&nbsp;&nbsp;&nbsp;APP_Conf_ReplyConf
<LI><a href="#[6f]">&gt;&gt;</a>&nbsp;&nbsp;&nbsp;APP_Conf_ID
<LI><a href="#[6e]">&gt;&gt;</a>&nbsp;&nbsp;&nbsp;APP_Conf_GotoLowPower
<LI><a href="#[68]">&gt;&gt;</a>&nbsp;&nbsp;&nbsp;APP_Conf_GetVersion
</UL>

<P><STRONG><a name="[78]"></a>APP_Conf_SetADCToRealValue</STRONG> (Thumb, 184 bytes, Stack size 160 bytes, app_conf.o(i.APP_Conf_SetADCToRealValue))
<BR><BR>[Stack]<UL><LI>Max Depth = 1328<LI>Call Chain = APP_Conf_SetADCToRealValue &rArr; SystemParam_Save &rArr; BSP_Flash_WriteBytes &rArr; FLASH_Erase &rArr; flash_cache_clear &rArr; flash_cache_clear_process &rArr; mcm_flash_cache_clear
</UL>
<BR>[Calls]<UL><LI><a href="#[65]">&gt;&gt;</a>&nbsp;&nbsp;&nbsp;SystemParam_Save
<LI><a href="#[6c]">&gt;&gt;</a>&nbsp;&nbsp;&nbsp;LNprotocol_GetChecksum
<LI><a href="#[6b]">&gt;&gt;</a>&nbsp;&nbsp;&nbsp;LNprotocol_AddPayload
<LI><a href="#[6d]">&gt;&gt;</a>&nbsp;&nbsp;&nbsp;APP_Conf_SendData
<LI><a href="#[7a]">&gt;&gt;</a>&nbsp;&nbsp;&nbsp;__aeabi_fdiv
<LI><a href="#[79]">&gt;&gt;</a>&nbsp;&nbsp;&nbsp;__aeabi_fsub
<LI><a href="#[7b]">&gt;&gt;</a>&nbsp;&nbsp;&nbsp;__aeabi_frsub
<LI><a href="#[62]">&gt;&gt;</a>&nbsp;&nbsp;&nbsp;__aeabi_uwrite4
<LI><a href="#[69]">&gt;&gt;</a>&nbsp;&nbsp;&nbsp;__aeabi_memclr4
</UL>
<BR>[Called By]<UL><LI><a href="#[91]">&gt;&gt;</a>&nbsp;&nbsp;&nbsp;APP_RevMessage_Process
</UL>

<P><STRONG><a name="[7c]"></a>APP_Conf_SetConf</STRONG> (Thumb, 168 bytes, Stack size 16 bytes, app_conf.o(i.APP_Conf_SetConf))
<BR><BR>[Stack]<UL><LI>Max Depth = 1184<LI>Call Chain = APP_Conf_SetConf &rArr; SystemParam_Save &rArr; BSP_Flash_WriteBytes &rArr; FLASH_Erase &rArr; flash_cache_clear &rArr; flash_cache_clear_process &rArr; mcm_flash_cache_clear
</UL>
<BR>[Calls]<UL><LI><a href="#[65]">&gt;&gt;</a>&nbsp;&nbsp;&nbsp;SystemParam_Save
<LI><a href="#[7f]">&gt;&gt;</a>&nbsp;&nbsp;&nbsp;BSP_E32_AddCmd
<LI><a href="#[7d]">&gt;&gt;</a>&nbsp;&nbsp;&nbsp;AppTask_Timer_Stop_Event
<LI><a href="#[7e]">&gt;&gt;</a>&nbsp;&nbsp;&nbsp;AppTask_Clear_Event
<LI><a href="#[6d]">&gt;&gt;</a>&nbsp;&nbsp;&nbsp;APP_Conf_SendData
</UL>
<BR>[Called By]<UL><LI><a href="#[91]">&gt;&gt;</a>&nbsp;&nbsp;&nbsp;APP_RevMessage_Process
</UL>

<P><STRONG><a name="[80]"></a>APP_Conf_SetConfStatus</STRONG> (Thumb, 38 bytes, Stack size 8 bytes, app_conf.o(i.APP_Conf_SetConfStatus))
<BR><BR>[Stack]<UL><LI>Max Depth = 112<LI>Call Chain = APP_Conf_SetConfStatus &rArr; AppTask_Timer_Start_Event &rArr; OS_Timer_Start &rArr; osalTimerAdd &rArr; osalTimerFind
</UL>
<BR>[Calls]<UL><LI><a href="#[67]">&gt;&gt;</a>&nbsp;&nbsp;&nbsp;BSP_LED_Blink
<LI><a href="#[82]">&gt;&gt;</a>&nbsp;&nbsp;&nbsp;AppTask_Timer_Start_Event
<LI><a href="#[81]">&gt;&gt;</a>&nbsp;&nbsp;&nbsp;APP_Transfer_cmdClear
</UL>
<BR>[Called By]<UL><LI><a href="#[91]">&gt;&gt;</a>&nbsp;&nbsp;&nbsp;APP_RevMessage_Process
</UL>

<P><STRONG><a name="[83]"></a>APP_Conf_Set_ADCCalibration</STRONG> (Thumb, 294 bytes, Stack size 152 bytes, app_conf.o(i.APP_Conf_Set_ADCCalibration))
<BR><BR>[Stack]<UL><LI>Max Depth = 1320<LI>Call Chain = APP_Conf_Set_ADCCalibration &rArr; SystemParam_Save &rArr; BSP_Flash_WriteBytes &rArr; FLASH_Erase &rArr; flash_cache_clear &rArr; flash_cache_clear_process &rArr; mcm_flash_cache_clear
</UL>
<BR>[Calls]<UL><LI><a href="#[65]">&gt;&gt;</a>&nbsp;&nbsp;&nbsp;SystemParam_Save
<LI><a href="#[6c]">&gt;&gt;</a>&nbsp;&nbsp;&nbsp;LNprotocol_GetChecksum
<LI><a href="#[6b]">&gt;&gt;</a>&nbsp;&nbsp;&nbsp;LNprotocol_AddPayload
<LI><a href="#[84]">&gt;&gt;</a>&nbsp;&nbsp;&nbsp;APP_GetData_Get
<LI><a href="#[6d]">&gt;&gt;</a>&nbsp;&nbsp;&nbsp;APP_Conf_SendData
<LI><a href="#[85]">&gt;&gt;</a>&nbsp;&nbsp;&nbsp;__aeabi_fmul
<LI><a href="#[56]">&gt;&gt;</a>&nbsp;&nbsp;&nbsp;__aeabi_ui2f
<LI><a href="#[86]">&gt;&gt;</a>&nbsp;&nbsp;&nbsp;__aeabi_cfcmpeq
<LI><a href="#[7a]">&gt;&gt;</a>&nbsp;&nbsp;&nbsp;__aeabi_fdiv
<LI><a href="#[79]">&gt;&gt;</a>&nbsp;&nbsp;&nbsp;__aeabi_fsub
<LI><a href="#[87]">&gt;&gt;</a>&nbsp;&nbsp;&nbsp;__aeabi_fadd
<LI><a href="#[62]">&gt;&gt;</a>&nbsp;&nbsp;&nbsp;__aeabi_uwrite4
<LI><a href="#[69]">&gt;&gt;</a>&nbsp;&nbsp;&nbsp;__aeabi_memclr4
</UL>
<BR>[Called By]<UL><LI><a href="#[91]">&gt;&gt;</a>&nbsp;&nbsp;&nbsp;APP_RevMessage_Process
</UL>

<P><STRONG><a name="[88]"></a>APP_Conf_Set_AlarmTime</STRONG> (Thumb, 50 bytes, Stack size 24 bytes, app_conf.o(i.APP_Conf_Set_AlarmTime))
<BR><BR>[Stack]<UL><LI>Max Depth = 1192<LI>Call Chain = APP_Conf_Set_AlarmTime &rArr; SystemParam_Save &rArr; BSP_Flash_WriteBytes &rArr; FLASH_Erase &rArr; flash_cache_clear &rArr; flash_cache_clear_process &rArr; mcm_flash_cache_clear
</UL>
<BR>[Calls]<UL><LI><a href="#[65]">&gt;&gt;</a>&nbsp;&nbsp;&nbsp;SystemParam_Save
<LI><a href="#[89]">&gt;&gt;</a>&nbsp;&nbsp;&nbsp;BSP_RTC_ConvertDatetimeToSeconds
<LI><a href="#[62]">&gt;&gt;</a>&nbsp;&nbsp;&nbsp;__aeabi_uwrite4
</UL>
<BR>[Called By]<UL><LI><a href="#[91]">&gt;&gt;</a>&nbsp;&nbsp;&nbsp;APP_RevMessage_Process
</UL>

<P><STRONG><a name="[8a]"></a>APP_Conf_Set_EQ</STRONG> (Thumb, 36 bytes, Stack size 16 bytes, app_conf.o(i.APP_Conf_Set_EQ))
<BR><BR>[Stack]<UL><LI>Max Depth = 1192<LI>Call Chain = APP_Conf_Set_EQ &rArr; APP_Battery_Reduce &rArr; SystemParam_Save &rArr; BSP_Flash_WriteBytes &rArr; FLASH_Erase &rArr; flash_cache_clear &rArr; flash_cache_clear_process &rArr; mcm_flash_cache_clear
</UL>
<BR>[Calls]<UL><LI><a href="#[60]">&gt;&gt;</a>&nbsp;&nbsp;&nbsp;APP_Battery_Reduce
<LI><a href="#[6d]">&gt;&gt;</a>&nbsp;&nbsp;&nbsp;APP_Conf_SendData
<LI><a href="#[62]">&gt;&gt;</a>&nbsp;&nbsp;&nbsp;__aeabi_uwrite4
</UL>
<BR>[Called By]<UL><LI><a href="#[91]">&gt;&gt;</a>&nbsp;&nbsp;&nbsp;APP_RevMessage_Process
</UL>

<P><STRONG><a name="[8b]"></a>APP_Conf_Set_SNcode</STRONG> (Thumb, 58 bytes, Stack size 24 bytes, app_conf.o(i.APP_Conf_Set_SNcode))
<BR><BR>[Stack]<UL><LI>Max Depth = 1192<LI>Call Chain = APP_Conf_Set_SNcode &rArr; SystemParam_Save &rArr; BSP_Flash_WriteBytes &rArr; FLASH_Erase &rArr; flash_cache_clear &rArr; flash_cache_clear_process &rArr; mcm_flash_cache_clear
</UL>
<BR>[Calls]<UL><LI><a href="#[65]">&gt;&gt;</a>&nbsp;&nbsp;&nbsp;SystemParam_Save
<LI><a href="#[6d]">&gt;&gt;</a>&nbsp;&nbsp;&nbsp;APP_Conf_SendData
<LI><a href="#[4c]">&gt;&gt;</a>&nbsp;&nbsp;&nbsp;__aeabi_memcpy
</UL>
<BR>[Called By]<UL><LI><a href="#[91]">&gt;&gt;</a>&nbsp;&nbsp;&nbsp;APP_RevMessage_Process
</UL>

<P><STRONG><a name="[8c]"></a>APP_Conf_Set_Sample_Rate</STRONG> (Thumb, 36 bytes, Stack size 16 bytes, app_conf.o(i.APP_Conf_Set_Sample_Rate))
<BR><BR>[Stack]<UL><LI>Max Depth = 1184<LI>Call Chain = APP_Conf_Set_Sample_Rate &rArr; SystemParam_Save &rArr; BSP_Flash_WriteBytes &rArr; FLASH_Erase &rArr; flash_cache_clear &rArr; flash_cache_clear_process &rArr; mcm_flash_cache_clear
</UL>
<BR>[Calls]<UL><LI><a href="#[65]">&gt;&gt;</a>&nbsp;&nbsp;&nbsp;SystemParam_Save
<LI><a href="#[6d]">&gt;&gt;</a>&nbsp;&nbsp;&nbsp;APP_Conf_SendData
</UL>
<BR>[Called By]<UL><LI><a href="#[91]">&gt;&gt;</a>&nbsp;&nbsp;&nbsp;APP_RevMessage_Process
</UL>

<P><STRONG><a name="[8d]"></a>APP_Conf_Set_SelfStart</STRONG> (Thumb, 16 bytes, Stack size 16 bytes, app_conf.o(i.APP_Conf_Set_SelfStart))
<BR><BR>[Stack]<UL><LI>Max Depth = 384<LI>Call Chain = APP_Conf_Set_SelfStart &rArr; APP_Conf_SendData &rArr; BSP_UART_WriteBytes_DMA &rArr; LPSCI_TransferSendDMA &rArr; DMA_SubmitTransfer &rArr; DMA_SetTransferConfig &rArr; __aeabi_assert &rArr; DbgConsole_Printf &rArr; DbgConsole_PrintfFormattedData &rArr; DbgConsole_ConvertRadixNumToString &rArr; __aeabi_idivmod
</UL>
<BR>[Calls]<UL><LI><a href="#[6d]">&gt;&gt;</a>&nbsp;&nbsp;&nbsp;APP_Conf_SendData
</UL>
<BR>[Called By]<UL><LI><a href="#[91]">&gt;&gt;</a>&nbsp;&nbsp;&nbsp;APP_RevMessage_Process
</UL>

<P><STRONG><a name="[8e]"></a>APP_Conf_Start</STRONG> (Thumb, 20 bytes, Stack size 16 bytes, app_conf.o(i.APP_Conf_Start))
<BR><BR>[Stack]<UL><LI>Max Depth = 384<LI>Call Chain = APP_Conf_Start &rArr; APP_Conf_SendData &rArr; BSP_UART_WriteBytes_DMA &rArr; LPSCI_TransferSendDMA &rArr; DMA_SubmitTransfer &rArr; DMA_SetTransferConfig &rArr; __aeabi_assert &rArr; DbgConsole_Printf &rArr; DbgConsole_PrintfFormattedData &rArr; DbgConsole_ConvertRadixNumToString &rArr; __aeabi_idivmod
</UL>
<BR>[Calls]<UL><LI><a href="#[8f]">&gt;&gt;</a>&nbsp;&nbsp;&nbsp;APP_Transfer_TrigSendValue
<LI><a href="#[6d]">&gt;&gt;</a>&nbsp;&nbsp;&nbsp;APP_Conf_SendData
</UL>
<BR>[Called By]<UL><LI><a href="#[91]">&gt;&gt;</a>&nbsp;&nbsp;&nbsp;APP_RevMessage_Process
</UL>

<P><STRONG><a name="[90]"></a>APP_Conf_Stop</STRONG> (Thumb, 16 bytes, Stack size 16 bytes, app_conf.o(i.APP_Conf_Stop))
<BR><BR>[Stack]<UL><LI>Max Depth = 384<LI>Call Chain = APP_Conf_Stop &rArr; APP_Conf_SendData &rArr; BSP_UART_WriteBytes_DMA &rArr; LPSCI_TransferSendDMA &rArr; DMA_SubmitTransfer &rArr; DMA_SetTransferConfig &rArr; __aeabi_assert &rArr; DbgConsole_Printf &rArr; DbgConsole_PrintfFormattedData &rArr; DbgConsole_ConvertRadixNumToString &rArr; __aeabi_idivmod
</UL>
<BR>[Calls]<UL><LI><a href="#[6d]">&gt;&gt;</a>&nbsp;&nbsp;&nbsp;APP_Conf_SendData
</UL>
<BR>[Called By]<UL><LI><a href="#[91]">&gt;&gt;</a>&nbsp;&nbsp;&nbsp;APP_RevMessage_Process
</UL>

<P><STRONG><a name="[84]"></a>APP_GetData_Get</STRONG> (Thumb, 4 bytes, Stack size 0 bytes, app_getdata.o(i.APP_GetData_Get))
<BR><BR>[Called By]<UL><LI><a href="#[83]">&gt;&gt;</a>&nbsp;&nbsp;&nbsp;APP_Conf_Set_ADCCalibration
</UL>

<P><STRONG><a name="[91]"></a>APP_RevMessage_Process</STRONG> (Thumb, 400 bytes, Stack size 16 bytes, app_revmessage.o(i.APP_RevMessage_Process))
<BR><BR>[Stack]<UL><LI>Max Depth = 1344<LI>Call Chain = APP_RevMessage_Process &rArr; APP_Conf_SetADCToRealValue &rArr; SystemParam_Save &rArr; BSP_Flash_WriteBytes &rArr; FLASH_Erase &rArr; flash_cache_clear &rArr; flash_cache_clear_process &rArr; mcm_flash_cache_clear
</UL>
<BR>[Calls]<UL><LI><a href="#[92]">&gt;&gt;</a>&nbsp;&nbsp;&nbsp;__ARM_common_switch8
<LI><a href="#[63]">&gt;&gt;</a>&nbsp;&nbsp;&nbsp;SEGGER_RTT_printf
<LI><a href="#[93]">&gt;&gt;</a>&nbsp;&nbsp;&nbsp;app_revACK
<LI><a href="#[90]">&gt;&gt;</a>&nbsp;&nbsp;&nbsp;APP_Conf_Stop
<LI><a href="#[8e]">&gt;&gt;</a>&nbsp;&nbsp;&nbsp;APP_Conf_Start
<LI><a href="#[8d]">&gt;&gt;</a>&nbsp;&nbsp;&nbsp;APP_Conf_Set_SelfStart
<LI><a href="#[8c]">&gt;&gt;</a>&nbsp;&nbsp;&nbsp;APP_Conf_Set_Sample_Rate
<LI><a href="#[8b]">&gt;&gt;</a>&nbsp;&nbsp;&nbsp;APP_Conf_Set_SNcode
<LI><a href="#[8a]">&gt;&gt;</a>&nbsp;&nbsp;&nbsp;APP_Conf_Set_EQ
<LI><a href="#[88]">&gt;&gt;</a>&nbsp;&nbsp;&nbsp;APP_Conf_Set_AlarmTime
<LI><a href="#[83]">&gt;&gt;</a>&nbsp;&nbsp;&nbsp;APP_Conf_Set_ADCCalibration
<LI><a href="#[80]">&gt;&gt;</a>&nbsp;&nbsp;&nbsp;APP_Conf_SetConfStatus
<LI><a href="#[7c]">&gt;&gt;</a>&nbsp;&nbsp;&nbsp;APP_Conf_SetConf
<LI><a href="#[78]">&gt;&gt;</a>&nbsp;&nbsp;&nbsp;APP_Conf_SetADCToRealValue
<LI><a href="#[74]">&gt;&gt;</a>&nbsp;&nbsp;&nbsp;APP_Conf_Reply_SelfStart
<LI><a href="#[73]">&gt;&gt;</a>&nbsp;&nbsp;&nbsp;APP_Conf_Reply_Sample_Rate
<LI><a href="#[71]">&gt;&gt;</a>&nbsp;&nbsp;&nbsp;APP_Conf_Reply_Alarm
<LI><a href="#[70]">&gt;&gt;</a>&nbsp;&nbsp;&nbsp;APP_Conf_ReplyConf
<LI><a href="#[6f]">&gt;&gt;</a>&nbsp;&nbsp;&nbsp;APP_Conf_ID
<LI><a href="#[6e]">&gt;&gt;</a>&nbsp;&nbsp;&nbsp;APP_Conf_GotoLowPower
<LI><a href="#[68]">&gt;&gt;</a>&nbsp;&nbsp;&nbsp;APP_Conf_GetVersion
<LI><a href="#[66]">&gt;&gt;</a>&nbsp;&nbsp;&nbsp;APP_Conf_ClearConfStatus
</UL>
<BR>[Called By]<UL><LI><a href="#[76]">&gt;&gt;</a>&nbsp;&nbsp;&nbsp;bsp_conf_rev
</UL>

<P><STRONG><a name="[8f]"></a>APP_Transfer_TrigSendValue</STRONG> (Thumb, 16 bytes, Stack size 8 bytes, app_transfer.o(i.APP_Transfer_TrigSendValue))
<BR><BR>[Stack]<UL><LI>Max Depth = 32<LI>Call Chain = APP_Transfer_TrigSendValue &rArr; AppTask_Send_Event &rArr; OS_Events_Set
</UL>
<BR>[Calls]<UL><LI><a href="#[95]">&gt;&gt;</a>&nbsp;&nbsp;&nbsp;AppTask_Send_Event
<LI><a href="#[94]">&gt;&gt;</a>&nbsp;&nbsp;&nbsp;app_transfer_enqueue_cmd
</UL>
<BR>[Called By]<UL><LI><a href="#[8e]">&gt;&gt;</a>&nbsp;&nbsp;&nbsp;APP_Conf_Start
</UL>

<P><STRONG><a name="[81]"></a>APP_Transfer_cmdClear</STRONG> (Thumb, 12 bytes, Stack size 0 bytes, app_transfer.o(i.APP_Transfer_cmdClear))
<BR><BR>[Called By]<UL><LI><a href="#[80]">&gt;&gt;</a>&nbsp;&nbsp;&nbsp;APP_Conf_SetConfStatus
</UL>

<P><STRONG><a name="[7e]"></a>AppTask_Clear_Event</STRONG> (Thumb, 16 bytes, Stack size 8 bytes, app_task.o(i.AppTask_Clear_Event))
<BR><BR>[Stack]<UL><LI>Max Depth = 24<LI>Call Chain = AppTask_Clear_Event &rArr; OS_Events_Clear
</UL>
<BR>[Calls]<UL><LI><a href="#[96]">&gt;&gt;</a>&nbsp;&nbsp;&nbsp;OS_Events_Clear
</UL>
<BR>[Called By]<UL><LI><a href="#[7c]">&gt;&gt;</a>&nbsp;&nbsp;&nbsp;APP_Conf_SetConf
</UL>

<P><STRONG><a name="[95]"></a>AppTask_Send_Event</STRONG> (Thumb, 16 bytes, Stack size 8 bytes, app_task.o(i.AppTask_Send_Event))
<BR><BR>[Stack]<UL><LI>Max Depth = 24<LI>Call Chain = AppTask_Send_Event &rArr; OS_Events_Set
</UL>
<BR>[Calls]<UL><LI><a href="#[97]">&gt;&gt;</a>&nbsp;&nbsp;&nbsp;OS_Events_Set
</UL>
<BR>[Called By]<UL><LI><a href="#[8f]">&gt;&gt;</a>&nbsp;&nbsp;&nbsp;APP_Transfer_TrigSendValue
</UL>

<P><STRONG><a name="[82]"></a>AppTask_Timer_Start_Event</STRONG> (Thumb, 20 bytes, Stack size 16 bytes, app_task.o(i.AppTask_Timer_Start_Event))
<BR><BR>[Stack]<UL><LI>Max Depth = 104<LI>Call Chain = AppTask_Timer_Start_Event &rArr; OS_Timer_Start &rArr; osalTimerAdd &rArr; osalTimerFind
</UL>
<BR>[Calls]<UL><LI><a href="#[98]">&gt;&gt;</a>&nbsp;&nbsp;&nbsp;OS_Timer_Start
</UL>
<BR>[Called By]<UL><LI><a href="#[80]">&gt;&gt;</a>&nbsp;&nbsp;&nbsp;APP_Conf_SetConfStatus
</UL>

<P><STRONG><a name="[7d]"></a>AppTask_Timer_Stop_Event</STRONG> (Thumb, 16 bytes, Stack size 8 bytes, app_task.o(i.AppTask_Timer_Stop_Event))
<BR><BR>[Stack]<UL><LI>Max Depth = 48<LI>Call Chain = AppTask_Timer_Stop_Event &rArr; OS_Timer_Stop &rArr; osalTimerFind
</UL>
<BR>[Calls]<UL><LI><a href="#[99]">&gt;&gt;</a>&nbsp;&nbsp;&nbsp;OS_Timer_Stop
</UL>
<BR>[Called By]<UL><LI><a href="#[7c]">&gt;&gt;</a>&nbsp;&nbsp;&nbsp;APP_Conf_SetConf
</UL>

<P><STRONG><a name="[7f]"></a>BSP_E32_AddCmd</STRONG> (Thumb, 70 bytes, Stack size 16 bytes, bsp_e32.o(i.BSP_E32_AddCmd))
<BR><BR>[Stack]<UL><LI>Max Depth = 120<LI>Call Chain = BSP_E32_AddCmd &rArr; NetTask_Timer_Start_Event &rArr; OS_Timer_Start &rArr; osalTimerAdd &rArr; osalTimerFind
</UL>
<BR>[Calls]<UL><LI><a href="#[9b]">&gt;&gt;</a>&nbsp;&nbsp;&nbsp;NetTask_Timer_Start_Event
<LI><a href="#[9c]">&gt;&gt;</a>&nbsp;&nbsp;&nbsp;NetTask_Send_Event
<LI><a href="#[9a]">&gt;&gt;</a>&nbsp;&nbsp;&nbsp;__aeabi_idivmod
</UL>
<BR>[Called By]<UL><LI><a href="#[7c]">&gt;&gt;</a>&nbsp;&nbsp;&nbsp;APP_Conf_SetConf
</UL>

<P><STRONG><a name="[9d]"></a>BSP_E32_RevByteOneByte</STRONG> (Thumb, 54 bytes, Stack size 8 bytes, bsp_e32.o(i.BSP_E32_RevByteOneByte))
<BR><BR>[Stack]<UL><LI>Max Depth = 112<LI>Call Chain = BSP_E32_RevByteOneByte &rArr; NetTask_Timer_Start_Event &rArr; OS_Timer_Start &rArr; osalTimerAdd &rArr; osalTimerFind
</UL>
<BR>[Calls]<UL><LI><a href="#[9b]">&gt;&gt;</a>&nbsp;&nbsp;&nbsp;NetTask_Timer_Start_Event
<LI><a href="#[64]">&gt;&gt;</a>&nbsp;&nbsp;&nbsp;__aeabi_uidivmod
</UL>
<BR>[Called By]<UL><LI><a href="#[17]">&gt;&gt;</a>&nbsp;&nbsp;&nbsp;UART0_IRQHandler
</UL>

<P><STRONG><a name="[9e]"></a>BSP_Flash_Init</STRONG> (Thumb, 92 bytes, Stack size 16 bytes, bsp_flash.o(i.BSP_Flash_Init))
<BR><BR>[Stack]<UL><LI>Max Depth = 440<LI>Call Chain = BSP_Flash_Init &rArr; SEGGER_RTT_printf &rArr; SEGGER_RTT_vprintf &rArr; _PrintInt &rArr; _PrintUnsigned &rArr; _StoreChar &rArr; SEGGER_RTT_Write &rArr; SEGGER_RTT_WriteNoLock &rArr; _WriteNoCheck &rArr; __aeabi_memcpy
</UL>
<BR>[Calls]<UL><LI><a href="#[9f]">&gt;&gt;</a>&nbsp;&nbsp;&nbsp;FLASH_Init
<LI><a href="#[a0]">&gt;&gt;</a>&nbsp;&nbsp;&nbsp;FLASH_GetProperty
<LI><a href="#[63]">&gt;&gt;</a>&nbsp;&nbsp;&nbsp;SEGGER_RTT_printf
</UL>
<BR>[Called By]<UL><LI><a href="#[cb]">&gt;&gt;</a>&nbsp;&nbsp;&nbsp;Board_Init_BSP
</UL>

<P><STRONG><a name="[a2]"></a>BSP_Flash_ReadBytes</STRONG> (Thumb, 24 bytes, Stack size 8 bytes, bsp_flash.o(i.BSP_Flash_ReadBytes))
<BR><BR>[Stack]<UL><LI>Max Depth = 8<LI>Call Chain = BSP_Flash_ReadBytes
</UL>
<BR>[Called By]<UL><LI><a href="#[a1]">&gt;&gt;</a>&nbsp;&nbsp;&nbsp;BSP_Flash_WriteBytes
<LI><a href="#[cc]">&gt;&gt;</a>&nbsp;&nbsp;&nbsp;SystemParam_Init
</UL>

<P><STRONG><a name="[a1]"></a>BSP_Flash_WriteBytes</STRONG> (Thumb, 88 bytes, Stack size 1040 bytes, bsp_flash.o(i.BSP_Flash_WriteBytes))
<BR><BR>[Stack]<UL><LI>Max Depth = 1160<LI>Call Chain = BSP_Flash_WriteBytes &rArr; FLASH_Erase &rArr; flash_cache_clear &rArr; flash_cache_clear_process &rArr; mcm_flash_cache_clear
</UL>
<BR>[Calls]<UL><LI><a href="#[a4]">&gt;&gt;</a>&nbsp;&nbsp;&nbsp;FLASH_Program
<LI><a href="#[a3]">&gt;&gt;</a>&nbsp;&nbsp;&nbsp;FLASH_Erase
<LI><a href="#[a2]">&gt;&gt;</a>&nbsp;&nbsp;&nbsp;BSP_Flash_ReadBytes
<LI><a href="#[69]">&gt;&gt;</a>&nbsp;&nbsp;&nbsp;__aeabi_memclr4
<LI><a href="#[4c]">&gt;&gt;</a>&nbsp;&nbsp;&nbsp;__aeabi_memcpy
</UL>
<BR>[Called By]<UL><LI><a href="#[65]">&gt;&gt;</a>&nbsp;&nbsp;&nbsp;SystemParam_Save
</UL>

<P><STRONG><a name="[112]"></a>BSP_GetTimrCurCount</STRONG> (Thumb, 50 bytes, Stack size 0 bytes, bsp_tim.o(i.BSP_GetTimrCurCount))
<BR><BR>[Called By]<UL><LI><a href="#[27]">&gt;&gt;</a>&nbsp;&nbsp;&nbsp;LPTMR0_IRQHandler
</UL>

<P><STRONG><a name="[a5]"></a>BSP_IIC_Init</STRONG> (Thumb, 10 bytes, Stack size 8 bytes, bsp_iic.o(i.BSP_IIC_Init))
<BR><BR>[Stack]<UL><LI>Max Depth = 336<LI>Call Chain = BSP_IIC_Init &rArr; bsp_iic1_init &rArr; CLOCK_GetFreq &rArr; CLOCK_GetFixedFreqClkFreq &rArr; CLOCK_GetOutClkFreq &rArr; CLOCK_GetFllFreq &rArr; CLOCK_GetFllRefClkFreq &rArr; CLOCK_GetFllExtRefClkFreq &rArr; CLOCK_GetMcgExtClkFreq &rArr; __aeabi_assert &rArr; DbgConsole_Printf &rArr; DbgConsole_PrintfFormattedData &rArr; DbgConsole_ConvertRadixNumToString &rArr; __aeabi_idivmod
</UL>
<BR>[Calls]<UL><LI><a href="#[a6]">&gt;&gt;</a>&nbsp;&nbsp;&nbsp;bsp_iic1_init
</UL>
<BR>[Called By]<UL><LI><a href="#[11d]">&gt;&gt;</a>&nbsp;&nbsp;&nbsp;UserTask_Init
</UL>

<P><STRONG><a name="[67]"></a>BSP_LED_Blink</STRONG> (Thumb, 94 bytes, Stack size 40 bytes, bsp_led.o(i.BSP_LED_Blink))
<BR><BR>[Stack]<UL><LI>Max Depth = 80<LI>Call Chain = BSP_LED_Blink &rArr; OS_Timer_Stop &rArr; osalTimerFind
</UL>
<BR>[Calls]<UL><LI><a href="#[99]">&gt;&gt;</a>&nbsp;&nbsp;&nbsp;OS_Timer_Stop
<LI><a href="#[97]">&gt;&gt;</a>&nbsp;&nbsp;&nbsp;OS_Events_Set
<LI><a href="#[a7]">&gt;&gt;</a>&nbsp;&nbsp;&nbsp;OS_Clock_GetSystemClock
</UL>
<BR>[Called By]<UL><LI><a href="#[80]">&gt;&gt;</a>&nbsp;&nbsp;&nbsp;APP_Conf_SetConfStatus
<LI><a href="#[66]">&gt;&gt;</a>&nbsp;&nbsp;&nbsp;APP_Conf_ClearConfStatus
<LI><a href="#[11d]">&gt;&gt;</a>&nbsp;&nbsp;&nbsp;UserTask_Init
</UL>

<P><STRONG><a name="[a8]"></a>BSP_LED_Close</STRONG> (Thumb, 44 bytes, Stack size 16 bytes, bsp_led.o(i.BSP_LED_Close))
<BR><BR>[Stack]<UL><LI>Max Depth = 16<LI>Call Chain = BSP_LED_Close
</UL>
<BR>[Calls]<UL><LI><a href="#[a9]">&gt;&gt;</a>&nbsp;&nbsp;&nbsp;GPIO_WritePinOutput
</UL>
<BR>[Called By]<UL><LI><a href="#[ad]">&gt;&gt;</a>&nbsp;&nbsp;&nbsp;BSP_LED_Toggle
</UL>

<P><STRONG><a name="[aa]"></a>BSP_LED_Init</STRONG> (Thumb, 156 bytes, Stack size 16 bytes, bsp_led.o(i.BSP_LED_Init))
<BR><BR>[Stack]<UL><LI>Max Depth = 248<LI>Call Chain = BSP_LED_Init &rArr; GPIO_PinInit &rArr; __aeabi_assert &rArr; DbgConsole_Printf &rArr; DbgConsole_PrintfFormattedData &rArr; DbgConsole_ConvertRadixNumToString &rArr; __aeabi_idivmod
</UL>
<BR>[Calls]<UL><LI><a href="#[ab]">&gt;&gt;</a>&nbsp;&nbsp;&nbsp;GPIO_PinInit
<LI><a href="#[a9]">&gt;&gt;</a>&nbsp;&nbsp;&nbsp;GPIO_WritePinOutput
</UL>
<BR>[Called By]<UL><LI><a href="#[fc]">&gt;&gt;</a>&nbsp;&nbsp;&nbsp;HalTask_Init
</UL>

<P><STRONG><a name="[ac]"></a>BSP_LED_Open</STRONG> (Thumb, 44 bytes, Stack size 16 bytes, bsp_led.o(i.BSP_LED_Open))
<BR><BR>[Stack]<UL><LI>Max Depth = 16<LI>Call Chain = BSP_LED_Open
</UL>
<BR>[Calls]<UL><LI><a href="#[a9]">&gt;&gt;</a>&nbsp;&nbsp;&nbsp;GPIO_WritePinOutput
</UL>
<BR>[Called By]<UL><LI><a href="#[ad]">&gt;&gt;</a>&nbsp;&nbsp;&nbsp;BSP_LED_Toggle
</UL>

<P><STRONG><a name="[ad]"></a>BSP_LED_Toggle</STRONG> (Thumb, 34 bytes, Stack size 8 bytes, bsp_led.o(i.BSP_LED_Toggle))
<BR><BR>[Stack]<UL><LI>Max Depth = 24<LI>Call Chain = BSP_LED_Toggle &rArr; BSP_LED_Open
</UL>
<BR>[Calls]<UL><LI><a href="#[ac]">&gt;&gt;</a>&nbsp;&nbsp;&nbsp;BSP_LED_Open
<LI><a href="#[a8]">&gt;&gt;</a>&nbsp;&nbsp;&nbsp;BSP_LED_Close
</UL>
<BR>[Called By]<UL><LI><a href="#[1c]">&gt;&gt;</a>&nbsp;&nbsp;&nbsp;TPM0_IRQHandler
</UL>

<P><STRONG><a name="[ae]"></a>BSP_LED_Update</STRONG> (Thumb, 360 bytes, Stack size 32 bytes, bsp_led.o(i.BSP_LED_Update))
<BR><BR>[Stack]<UL><LI>Max Depth = 120<LI>Call Chain = BSP_LED_Update &rArr; OS_Timer_Start &rArr; osalTimerAdd &rArr; osalTimerFind
</UL>
<BR>[Calls]<UL><LI><a href="#[98]">&gt;&gt;</a>&nbsp;&nbsp;&nbsp;OS_Timer_Start
<LI><a href="#[a7]">&gt;&gt;</a>&nbsp;&nbsp;&nbsp;OS_Clock_GetSystemClock
<LI><a href="#[a9]">&gt;&gt;</a>&nbsp;&nbsp;&nbsp;GPIO_WritePinOutput
<LI><a href="#[64]">&gt;&gt;</a>&nbsp;&nbsp;&nbsp;__aeabi_uidivmod
</UL>
<BR>[Called By]<UL><LI><a href="#[3d]">&gt;&gt;</a>&nbsp;&nbsp;&nbsp;HalTask_Process
</UL>

<P><STRONG><a name="[af]"></a>BSP_Power_Init</STRONG> (Thumb, 86 bytes, Stack size 16 bytes, bsp_power.o(i.BSP_Power_Init))
<BR><BR>[Stack]<UL><LI>Max Depth = 248<LI>Call Chain = BSP_Power_Init &rArr; GPIO_PinInit &rArr; __aeabi_assert &rArr; DbgConsole_Printf &rArr; DbgConsole_PrintfFormattedData &rArr; DbgConsole_ConvertRadixNumToString &rArr; __aeabi_idivmod
</UL>
<BR>[Calls]<UL><LI><a href="#[ab]">&gt;&gt;</a>&nbsp;&nbsp;&nbsp;GPIO_PinInit
<LI><a href="#[b0]">&gt;&gt;</a>&nbsp;&nbsp;&nbsp;GPIO_WritePinOutput
</UL>
<BR>[Called By]<UL><LI><a href="#[cb]">&gt;&gt;</a>&nbsp;&nbsp;&nbsp;Board_Init_BSP
</UL>

<P><STRONG><a name="[b1]"></a>BSP_Power_V30_ON</STRONG> (Thumb, 14 bytes, Stack size 8 bytes, bsp_power.o(i.BSP_Power_V30_ON))
<BR><BR>[Stack]<UL><LI>Max Depth = 8<LI>Call Chain = BSP_Power_V30_ON
</UL>
<BR>[Calls]<UL><LI><a href="#[b0]">&gt;&gt;</a>&nbsp;&nbsp;&nbsp;GPIO_WritePinOutput
</UL>
<BR>[Called By]<UL><LI><a href="#[11d]">&gt;&gt;</a>&nbsp;&nbsp;&nbsp;UserTask_Init
</UL>

<P><STRONG><a name="[89]"></a>BSP_RTC_ConvertDatetimeToSeconds</STRONG> (Thumb, 128 bytes, Stack size 40 bytes, bsp_rtc.o(i.BSP_RTC_ConvertDatetimeToSeconds))
<BR><BR>[Stack]<UL><LI>Max Depth = 256<LI>Call Chain = BSP_RTC_ConvertDatetimeToSeconds &rArr; __aeabi_assert &rArr; DbgConsole_Printf &rArr; DbgConsole_PrintfFormattedData &rArr; DbgConsole_ConvertRadixNumToString &rArr; __aeabi_idivmod
</UL>
<BR>[Calls]<UL><LI><a href="#[5f]">&gt;&gt;</a>&nbsp;&nbsp;&nbsp;__aeabi_assert
<LI><a href="#[4d]">&gt;&gt;</a>&nbsp;&nbsp;&nbsp;__aeabi_memcpy4
</UL>
<BR>[Called By]<UL><LI><a href="#[88]">&gt;&gt;</a>&nbsp;&nbsp;&nbsp;APP_Conf_Set_AlarmTime
</UL>

<P><STRONG><a name="[72]"></a>BSP_RTC_ConvertSecondsToDatetime</STRONG> (Thumb, 198 bytes, Stack size 48 bytes, bsp_rtc.o(i.BSP_RTC_ConvertSecondsToDatetime))
<BR><BR>[Stack]<UL><LI>Max Depth = 264<LI>Call Chain = BSP_RTC_ConvertSecondsToDatetime &rArr; __aeabi_assert &rArr; DbgConsole_Printf &rArr; DbgConsole_PrintfFormattedData &rArr; DbgConsole_ConvertRadixNumToString &rArr; __aeabi_idivmod
</UL>
<BR>[Calls]<UL><LI><a href="#[5f]">&gt;&gt;</a>&nbsp;&nbsp;&nbsp;__aeabi_assert
<LI><a href="#[64]">&gt;&gt;</a>&nbsp;&nbsp;&nbsp;__aeabi_uidivmod
</UL>
<BR>[Called By]<UL><LI><a href="#[71]">&gt;&gt;</a>&nbsp;&nbsp;&nbsp;APP_Conf_Reply_Alarm
</UL>

<P><STRONG><a name="[b2]"></a>BSP_RTC_Init</STRONG> (Thumb, 206 bytes, Stack size 40 bytes, bsp_rtc.o(i.BSP_RTC_Init))
<BR><BR>[Stack]<UL><LI>Max Depth = 312<LI>Call Chain = BSP_RTC_Init &rArr; RTC_SetDatetime &rArr; RTC_ConvertDatetimeToSeconds &rArr; __aeabi_assert &rArr; DbgConsole_Printf &rArr; DbgConsole_PrintfFormattedData &rArr; DbgConsole_ConvertRadixNumToString &rArr; __aeabi_idivmod
</UL>
<BR>[Calls]<UL><LI><a href="#[ab]">&gt;&gt;</a>&nbsp;&nbsp;&nbsp;GPIO_PinInit
<LI><a href="#[b6]">&gt;&gt;</a>&nbsp;&nbsp;&nbsp;RTC_SetDatetime
<LI><a href="#[b5]">&gt;&gt;</a>&nbsp;&nbsp;&nbsp;RTC_Init
<LI><a href="#[b4]">&gt;&gt;</a>&nbsp;&nbsp;&nbsp;RTC_GetDefaultConfig
<LI><a href="#[b9]">&gt;&gt;</a>&nbsp;&nbsp;&nbsp;RTC_StartTimer
<LI><a href="#[b7]">&gt;&gt;</a>&nbsp;&nbsp;&nbsp;RTC_EnableInterrupts
<LI><a href="#[b8]">&gt;&gt;</a>&nbsp;&nbsp;&nbsp;EnableIRQ
<LI><a href="#[b3]">&gt;&gt;</a>&nbsp;&nbsp;&nbsp;CLOCK_EnableClock
</UL>
<BR>[Called By]<UL><LI><a href="#[cb]">&gt;&gt;</a>&nbsp;&nbsp;&nbsp;Board_Init_BSP
</UL>

<P><STRONG><a name="[ba]"></a>BSP_RTC_SetDate</STRONG> (Thumb, 26 bytes, Stack size 8 bytes, bsp_rtc.o(i.BSP_RTC_SetDate))
<BR><BR>[Stack]<UL><LI>Max Depth = 280<LI>Call Chain = BSP_RTC_SetDate &rArr; RTC_SetDatetime &rArr; RTC_ConvertDatetimeToSeconds &rArr; __aeabi_assert &rArr; DbgConsole_Printf &rArr; DbgConsole_PrintfFormattedData &rArr; DbgConsole_ConvertRadixNumToString &rArr; __aeabi_idivmod
</UL>
<BR>[Calls]<UL><LI><a href="#[b6]">&gt;&gt;</a>&nbsp;&nbsp;&nbsp;RTC_SetDatetime
<LI><a href="#[bb]">&gt;&gt;</a>&nbsp;&nbsp;&nbsp;RTC_StopTimer
<LI><a href="#[b9]">&gt;&gt;</a>&nbsp;&nbsp;&nbsp;RTC_StartTimer
</UL>
<BR>[Called By]<UL><LI><a href="#[93]">&gt;&gt;</a>&nbsp;&nbsp;&nbsp;app_revACK
</UL>

<P><STRONG><a name="[133]"></a>BSP_SYSTICK_IncTick</STRONG> (Thumb, 12 bytes, Stack size 0 bytes, bsp_systick.o(i.BSP_SYSTICK_IncTick))
<BR><BR>[Called By]<UL><LI><a href="#[a]">&gt;&gt;</a>&nbsp;&nbsp;&nbsp;SysTick_Handler
</UL>

<P><STRONG><a name="[bc]"></a>BSP_ShowClock</STRONG> (Thumb, 202 bytes, Stack size 8 bytes, bsp_clock.o(i.BSP_ShowClock))
<BR><BR>[Stack]<UL><LI>Max Depth = 432<LI>Call Chain = BSP_ShowClock &rArr; SEGGER_RTT_printf &rArr; SEGGER_RTT_vprintf &rArr; _PrintInt &rArr; _PrintUnsigned &rArr; _StoreChar &rArr; SEGGER_RTT_Write &rArr; SEGGER_RTT_WriteNoLock &rArr; _WriteNoCheck &rArr; __aeabi_memcpy
</UL>
<BR>[Calls]<UL><LI><a href="#[bd]">&gt;&gt;</a>&nbsp;&nbsp;&nbsp;CLOCK_GetFreq
<LI><a href="#[63]">&gt;&gt;</a>&nbsp;&nbsp;&nbsp;SEGGER_RTT_printf
</UL>
<BR>[Called By]<UL><LI><a href="#[cd]">&gt;&gt;</a>&nbsp;&nbsp;&nbsp;Board_Init_ClockRUN
</UL>

<P><STRONG><a name="[be]"></a>BSP_ShowDate</STRONG> (Thumb, 54 bytes, Stack size 32 bytes, bsp_rtc.o(i.BSP_ShowDate))
<BR><BR>[Stack]<UL><LI>Max Depth = 456<LI>Call Chain = BSP_ShowDate &rArr; SEGGER_RTT_printf &rArr; SEGGER_RTT_vprintf &rArr; _PrintInt &rArr; _PrintUnsigned &rArr; _StoreChar &rArr; SEGGER_RTT_Write &rArr; SEGGER_RTT_WriteNoLock &rArr; _WriteNoCheck &rArr; __aeabi_memcpy
</UL>
<BR>[Calls]<UL><LI><a href="#[bf]">&gt;&gt;</a>&nbsp;&nbsp;&nbsp;RTC_GetDatetime
<LI><a href="#[63]">&gt;&gt;</a>&nbsp;&nbsp;&nbsp;SEGGER_RTT_printf
</UL>
<BR>[Called By]<UL><LI><a href="#[3e]">&gt;&gt;</a>&nbsp;&nbsp;&nbsp;UserTask_Process
</UL>

<P><STRONG><a name="[c0]"></a>BSP_SysTick_Init</STRONG> (Thumb, 58 bytes, Stack size 16 bytes, bsp_systick.o(i.BSP_SysTick_Init))
<BR><BR>[Stack]<UL><LI>Max Depth = 312<LI>Call Chain = BSP_SysTick_Init &rArr; CLOCK_GetFreq &rArr; CLOCK_GetFixedFreqClkFreq &rArr; CLOCK_GetOutClkFreq &rArr; CLOCK_GetFllFreq &rArr; CLOCK_GetFllRefClkFreq &rArr; CLOCK_GetFllExtRefClkFreq &rArr; CLOCK_GetMcgExtClkFreq &rArr; __aeabi_assert &rArr; DbgConsole_Printf &rArr; DbgConsole_PrintfFormattedData &rArr; DbgConsole_ConvertRadixNumToString &rArr; __aeabi_idivmod
</UL>
<BR>[Calls]<UL><LI><a href="#[bd]">&gt;&gt;</a>&nbsp;&nbsp;&nbsp;CLOCK_GetFreq
<LI><a href="#[c1]">&gt;&gt;</a>&nbsp;&nbsp;&nbsp;NVIC_SetPriority
<LI><a href="#[64]">&gt;&gt;</a>&nbsp;&nbsp;&nbsp;__aeabi_uidivmod
</UL>
<BR>[Called By]<UL><LI><a href="#[46]">&gt;&gt;</a>&nbsp;&nbsp;&nbsp;main
</UL>

<P><STRONG><a name="[c2]"></a>BSP_SystemClockInit</STRONG> (Thumb, 68 bytes, Stack size 8 bytes, bsp_clock.o(i.BSP_SystemClockInit))
<BR><BR>[Stack]<UL><LI>Max Depth = 272<LI>Call Chain = BSP_SystemClockInit &rArr; CLOCK_BootToPeeMode &rArr; CLOCK_SetPbeMode &rArr; CLOCK_EnablePll0 &rArr; __aeabi_assert &rArr; DbgConsole_Printf &rArr; DbgConsole_PrintfFormattedData &rArr; DbgConsole_ConvertRadixNumToString &rArr; __aeabi_idivmod
</UL>
<BR>[Calls]<UL><LI><a href="#[c8]">&gt;&gt;</a>&nbsp;&nbsp;&nbsp;CLOCK_SetSimConfig
<LI><a href="#[c7]">&gt;&gt;</a>&nbsp;&nbsp;&nbsp;CLOCK_SetInternalRefClkConfig
<LI><a href="#[c4]">&gt;&gt;</a>&nbsp;&nbsp;&nbsp;CLOCK_InitOsc0
<LI><a href="#[c6]">&gt;&gt;</a>&nbsp;&nbsp;&nbsp;CLOCK_BootToPeeMode
<LI><a href="#[c3]">&gt;&gt;</a>&nbsp;&nbsp;&nbsp;CLOCK_SetSimSafeDivs
<LI><a href="#[c5]">&gt;&gt;</a>&nbsp;&nbsp;&nbsp;CLOCK_CONFIG_SetFllExtRefDiv
</UL>
<BR>[Called By]<UL><LI><a href="#[cd]">&gt;&gt;</a>&nbsp;&nbsp;&nbsp;Board_Init_ClockRUN
</UL>

<P><STRONG><a name="[77]"></a>BSP_UART_WriteBytes_DMA</STRONG> (Thumb, 58 bytes, Stack size 24 bytes, bsp_uart.o(i.BSP_UART_WriteBytes_DMA))
<BR><BR>[Stack]<UL><LI>Max Depth = 352<LI>Call Chain = BSP_UART_WriteBytes_DMA &rArr; LPSCI_TransferSendDMA &rArr; DMA_SubmitTransfer &rArr; DMA_SetTransferConfig &rArr; __aeabi_assert &rArr; DbgConsole_Printf &rArr; DbgConsole_PrintfFormattedData &rArr; DbgConsole_ConvertRadixNumToString &rArr; __aeabi_idivmod
</UL>
<BR>[Calls]<UL><LI><a href="#[c9]">&gt;&gt;</a>&nbsp;&nbsp;&nbsp;LPSCI_TransferSendDMA
<LI><a href="#[ca]">&gt;&gt;</a>&nbsp;&nbsp;&nbsp;UART_TransferSendDMA
</UL>
<BR>[Called By]<UL><LI><a href="#[6d]">&gt;&gt;</a>&nbsp;&nbsp;&nbsp;APP_Conf_SendData
</UL>

<P><STRONG><a name="[cb]"></a>Board_Init_BSP</STRONG> (Thumb, 20 bytes, Stack size 8 bytes, board.o(i.Board_Init_BSP))
<BR><BR>[Stack]<UL><LI>Max Depth = 1192<LI>Call Chain = Board_Init_BSP &rArr; SystemParam_Init &rArr; SystemParam_Reset &rArr; SystemParam_Save &rArr; BSP_Flash_WriteBytes &rArr; FLASH_Erase &rArr; flash_cache_clear &rArr; flash_cache_clear_process &rArr; mcm_flash_cache_clear
</UL>
<BR>[Calls]<UL><LI><a href="#[9e]">&gt;&gt;</a>&nbsp;&nbsp;&nbsp;BSP_Flash_Init
<LI><a href="#[af]">&gt;&gt;</a>&nbsp;&nbsp;&nbsp;BSP_Power_Init
<LI><a href="#[b2]">&gt;&gt;</a>&nbsp;&nbsp;&nbsp;BSP_RTC_Init
<LI><a href="#[cc]">&gt;&gt;</a>&nbsp;&nbsp;&nbsp;SystemParam_Init
</UL>
<BR>[Called By]<UL><LI><a href="#[46]">&gt;&gt;</a>&nbsp;&nbsp;&nbsp;main
</UL>

<P><STRONG><a name="[cd]"></a>Board_Init_ClockRUN</STRONG> (Thumb, 12 bytes, Stack size 8 bytes, board.o(i.Board_Init_ClockRUN))
<BR><BR>[Stack]<UL><LI>Max Depth = 440<LI>Call Chain = Board_Init_ClockRUN &rArr; BSP_ShowClock &rArr; SEGGER_RTT_printf &rArr; SEGGER_RTT_vprintf &rArr; _PrintInt &rArr; _PrintUnsigned &rArr; _StoreChar &rArr; SEGGER_RTT_Write &rArr; SEGGER_RTT_WriteNoLock &rArr; _WriteNoCheck &rArr; __aeabi_memcpy
</UL>
<BR>[Calls]<UL><LI><a href="#[c2]">&gt;&gt;</a>&nbsp;&nbsp;&nbsp;BSP_SystemClockInit
<LI><a href="#[bc]">&gt;&gt;</a>&nbsp;&nbsp;&nbsp;BSP_ShowClock
</UL>
<BR>[Called By]<UL><LI><a href="#[46]">&gt;&gt;</a>&nbsp;&nbsp;&nbsp;main
</UL>

<P><STRONG><a name="[c6]"></a>CLOCK_BootToPeeMode</STRONG> (Thumb, 70 bytes, Stack size 16 bytes, fsl_clock.o(i.CLOCK_BootToPeeMode))
<BR><BR>[Stack]<UL><LI>Max Depth = 264<LI>Call Chain = CLOCK_BootToPeeMode &rArr; CLOCK_SetPbeMode &rArr; CLOCK_EnablePll0 &rArr; __aeabi_assert &rArr; DbgConsole_Printf &rArr; DbgConsole_PrintfFormattedData &rArr; DbgConsole_ConvertRadixNumToString &rArr; __aeabi_idivmod
</UL>
<BR>[Calls]<UL><LI><a href="#[cf]">&gt;&gt;</a>&nbsp;&nbsp;&nbsp;CLOCK_SetPbeMode
<LI><a href="#[ce]">&gt;&gt;</a>&nbsp;&nbsp;&nbsp;CLOCK_SetExternalRefClkConfig
<LI><a href="#[5f]">&gt;&gt;</a>&nbsp;&nbsp;&nbsp;__aeabi_assert
</UL>
<BR>[Called By]<UL><LI><a href="#[c2]">&gt;&gt;</a>&nbsp;&nbsp;&nbsp;BSP_SystemClockInit
</UL>

<P><STRONG><a name="[d0]"></a>CLOCK_EnablePll0</STRONG> (Thumb, 84 bytes, Stack size 16 bytes, fsl_clock.o(i.CLOCK_EnablePll0))
<BR><BR>[Stack]<UL><LI>Max Depth = 232<LI>Call Chain = CLOCK_EnablePll0 &rArr; __aeabi_assert &rArr; DbgConsole_Printf &rArr; DbgConsole_PrintfFormattedData &rArr; DbgConsole_ConvertRadixNumToString &rArr; __aeabi_idivmod
</UL>
<BR>[Calls]<UL><LI><a href="#[5f]">&gt;&gt;</a>&nbsp;&nbsp;&nbsp;__aeabi_assert
</UL>
<BR>[Called By]<UL><LI><a href="#[cf]">&gt;&gt;</a>&nbsp;&nbsp;&nbsp;CLOCK_SetPbeMode
</UL>

<P><STRONG><a name="[d1]"></a>CLOCK_GetEr32kClkFreq</STRONG> (Thumb, 92 bytes, Stack size 8 bytes, fsl_clock.o(i.CLOCK_GetEr32kClkFreq))
<BR><BR>[Stack]<UL><LI>Max Depth = 232<LI>Call Chain = CLOCK_GetEr32kClkFreq &rArr; CLOCK_GetOsc0ErClkFreq &rArr; __aeabi_assert &rArr; DbgConsole_Printf &rArr; DbgConsole_PrintfFormattedData &rArr; DbgConsole_ConvertRadixNumToString &rArr; __aeabi_idivmod
</UL>
<BR>[Calls]<UL><LI><a href="#[d2]">&gt;&gt;</a>&nbsp;&nbsp;&nbsp;CLOCK_GetOsc0ErClkFreq
<LI><a href="#[5f]">&gt;&gt;</a>&nbsp;&nbsp;&nbsp;__aeabi_assert
</UL>
<BR>[Called By]<UL><LI><a href="#[bd]">&gt;&gt;</a>&nbsp;&nbsp;&nbsp;CLOCK_GetFreq
</UL>

<P><STRONG><a name="[d3]"></a>CLOCK_GetFixedFreqClkFreq</STRONG> (Thumb, 30 bytes, Stack size 8 bytes, fsl_clock.o(i.CLOCK_GetFixedFreqClkFreq))
<BR><BR>[Stack]<UL><LI>Max Depth = 280<LI>Call Chain = CLOCK_GetFixedFreqClkFreq &rArr; CLOCK_GetOutClkFreq &rArr; CLOCK_GetFllFreq &rArr; CLOCK_GetFllRefClkFreq &rArr; CLOCK_GetFllExtRefClkFreq &rArr; CLOCK_GetMcgExtClkFreq &rArr; __aeabi_assert &rArr; DbgConsole_Printf &rArr; DbgConsole_PrintfFormattedData &rArr; DbgConsole_ConvertRadixNumToString &rArr; __aeabi_idivmod
</UL>
<BR>[Calls]<UL><LI><a href="#[d5]">&gt;&gt;</a>&nbsp;&nbsp;&nbsp;CLOCK_GetOutClkFreq
<LI><a href="#[d4]">&gt;&gt;</a>&nbsp;&nbsp;&nbsp;CLOCK_GetFllRefClkFreq
</UL>
<BR>[Called By]<UL><LI><a href="#[bd]">&gt;&gt;</a>&nbsp;&nbsp;&nbsp;CLOCK_GetFreq
</UL>

<P><STRONG><a name="[d8]"></a>CLOCK_GetFllFreq</STRONG> (Thumb, 78 bytes, Stack size 16 bytes, fsl_clock.o(i.CLOCK_GetFllFreq))
<BR><BR>[Stack]<UL><LI>Max Depth = 264<LI>Call Chain = CLOCK_GetFllFreq &rArr; CLOCK_GetFllRefClkFreq &rArr; CLOCK_GetFllExtRefClkFreq &rArr; CLOCK_GetMcgExtClkFreq &rArr; __aeabi_assert &rArr; DbgConsole_Printf &rArr; DbgConsole_PrintfFormattedData &rArr; DbgConsole_ConvertRadixNumToString &rArr; __aeabi_idivmod
</UL>
<BR>[Calls]<UL><LI><a href="#[d4]">&gt;&gt;</a>&nbsp;&nbsp;&nbsp;CLOCK_GetFllRefClkFreq
</UL>
<BR>[Called By]<UL><LI><a href="#[d9]">&gt;&gt;</a>&nbsp;&nbsp;&nbsp;CLOCK_GetPllFllSelClkFreq
<LI><a href="#[d5]">&gt;&gt;</a>&nbsp;&nbsp;&nbsp;CLOCK_GetOutClkFreq
<LI><a href="#[bd]">&gt;&gt;</a>&nbsp;&nbsp;&nbsp;CLOCK_GetFreq
</UL>

<P><STRONG><a name="[bd]"></a>CLOCK_GetFreq</STRONG> (Thumb, 172 bytes, Stack size 16 bytes, fsl_clock.o(i.CLOCK_GetFreq))
[...]
</UL>

<P><STRONG><a name="[124]"></a>RTC_CheckDatetimeFormat</STRONG> (Thumb, 152 bytes, Stack size 24 bytes, fsl_rtc.o(i.RTC_CheckDatetimeFormat))
<BR><BR>[Stack]<UL><LI>Max Depth = 240<LI>Call Chain = RTC_CheckDatetimeFormat &rArr; __aeabi_assert &rArr; DbgConsole_Printf &rArr; DbgConsole_PrintfFormattedData &rArr; DbgConsole_ConvertRadixNumToString &rArr; __aeabi_idivmod
</UL>
<BR>[Calls]<UL><LI><a href="#[5f]">&gt;&gt;</a>&nbsp;&nbsp;&nbsp;__aeabi_assert
<LI><a href="#[9a]">&gt;&gt;</a>&nbsp;&nbsp;&nbsp;__aeabi_idivmod
</UL>
<BR>[Called By]<UL><LI><a href="#[b6]">&gt;&gt;</a>&nbsp;&nbsp;&nbsp;RTC_SetDatetime
</UL>

<P><STRONG><a name="[125]"></a>RTC_ConvertDatetimeToSeconds</STRONG> (Thumb, 128 bytes, Stack size 40 bytes, fsl_rtc.o(i.RTC_ConvertDatetimeToSeconds))
<BR><BR>[Stack]<UL><LI>Max Depth = 256<LI>Call Chain = RTC_ConvertDatetimeToSeconds &rArr; __aeabi_assert &rArr; DbgConsole_Printf &rArr; DbgConsole_PrintfFormattedData &rArr; DbgConsole_ConvertRadixNumToString &rArr; __aeabi_idivmod
</UL>
<BR>[Calls]<UL><LI><a href="#[5f]">&gt;&gt;</a>&nbsp;&nbsp;&nbsp;__aeabi_assert
<LI><a href="#[4d]">&gt;&gt;</a>&nbsp;&nbsp;&nbsp;__aeabi_memcpy4
</UL>
<BR>[Called By]<UL><LI><a href="#[b6]">&gt;&gt;</a>&nbsp;&nbsp;&nbsp;RTC_SetDatetime
</UL>

<P><STRONG><a name="[126]"></a>RTC_ConvertSecondsToDatetime</STRONG> (Thumb, 198 bytes, Stack size 48 bytes, fsl_rtc.o(i.RTC_ConvertSecondsToDatetime))
<BR><BR>[Stack]<UL><LI>Max Depth = 264<LI>Call Chain = RTC_ConvertSecondsToDatetime &rArr; __aeabi_assert &rArr; DbgConsole_Printf &rArr; DbgConsole_PrintfFormattedData &rArr; DbgConsole_ConvertRadixNumToString &rArr; __aeabi_idivmod
</UL>
<BR>[Calls]<UL><LI><a href="#[5f]">&gt;&gt;</a>&nbsp;&nbsp;&nbsp;__aeabi_assert
<LI><a href="#[64]">&gt;&gt;</a>&nbsp;&nbsp;&nbsp;__aeabi_uidivmod
</UL>
<BR>[Called By]<UL><LI><a href="#[bf]">&gt;&gt;</a>&nbsp;&nbsp;&nbsp;RTC_GetDatetime
</UL>

<P><STRONG><a name="[132]"></a>SPI_CommonIRQHandler</STRONG> (Thumb, 48 bytes, Stack size 16 bytes, fsl_spi.o(i.SPI_CommonIRQHandler))
<BR><BR>[Stack]<UL><LI>Max Depth = 16<LI>Call Chain = SPI_CommonIRQHandler
</UL>
<BR>[Called By]<UL><LI><a href="#[34]">&gt;&gt;</a>&nbsp;&nbsp;&nbsp;SPI1_DriverIRQHandler
<LI><a href="#[33]">&gt;&gt;</a>&nbsp;&nbsp;&nbsp;SPI0_DriverIRQHandler
</UL>

<P><STRONG><a name="[e6]"></a>DMA_ClearChannelStatusFlags</STRONG> (Thumb, 58 bytes, Stack size 16 bytes, fsl_uart_dma.o(i.DMA_ClearChannelStatusFlags))
<BR><BR>[Stack]<UL><LI>Max Depth = 232<LI>Call Chain = DMA_ClearChannelStatusFlags &rArr; __aeabi_assert &rArr; DbgConsole_Printf &rArr; DbgConsole_PrintfFormattedData &rArr; DbgConsole_ConvertRadixNumToString &rArr; __aeabi_idivmod
</UL>
<BR>[Calls]<UL><LI><a href="#[5f]">&gt;&gt;</a>&nbsp;&nbsp;&nbsp;__aeabi_assert
</UL>
<BR>[Called By]<UL><LI><a href="#[e2]">&gt;&gt;</a>&nbsp;&nbsp;&nbsp;UART_TransferAbortSendDMA
</UL>

<P><STRONG><a name="[eb]"></a>DMA_StartTransfer</STRONG> (Thumb, 58 bytes, Stack size 8 bytes, fsl_uart_dma.o(i.DMA_StartTransfer))
<BR><BR>[Stack]<UL><LI>Max Depth = 224<LI>Call Chain = DMA_StartTransfer &rArr; __aeabi_assert &rArr; DbgConsole_Printf &rArr; DbgConsole_PrintfFormattedData &rArr; DbgConsole_ConvertRadixNumToString &rArr; __aeabi_idivmod
</UL>
<BR>[Calls]<UL><LI><a href="#[5f]">&gt;&gt;</a>&nbsp;&nbsp;&nbsp;__aeabi_assert
</UL>
<BR>[Called By]<UL><LI><a href="#[ca]">&gt;&gt;</a>&nbsp;&nbsp;&nbsp;UART_TransferSendDMA
</UL>

<P><STRONG><a name="[13b]"></a>UART_EnableTxDMA</STRONG> (Thumb, 36 bytes, Stack size 0 bytes, fsl_uart_dma.o(i.UART_EnableTxDMA))
<BR><BR>[Called By]<UL><LI><a href="#[ca]">&gt;&gt;</a>&nbsp;&nbsp;&nbsp;UART_TransferSendDMA
<LI><a href="#[e2]">&gt;&gt;</a>&nbsp;&nbsp;&nbsp;UART_TransferAbortSendDMA
</UL>

<P><STRONG><a name="[76]"></a>bsp_conf_rev</STRONG> (Thumb, 384 bytes, Stack size 16 bytes, app_conf.o(i.bsp_conf_rev))
<BR><BR>[Stack]<UL><LI>Max Depth = 1360<LI>Call Chain = bsp_conf_rev &rArr; APP_RevMessage_Process &rArr; APP_Conf_SetADCToRealValue &rArr; SystemParam_Save &rArr; BSP_Flash_WriteBytes &rArr; FLASH_Erase &rArr; flash_cache_clear &rArr; flash_cache_clear_process &rArr; mcm_flash_cache_clear
</UL>
<BR>[Calls]<UL><LI><a href="#[13f]">&gt;&gt;</a>&nbsp;&nbsp;&nbsp;LNprotocol_Checksum
<LI><a href="#[91]">&gt;&gt;</a>&nbsp;&nbsp;&nbsp;APP_RevMessage_Process
<LI><a href="#[50]">&gt;&gt;</a>&nbsp;&nbsp;&nbsp;__aeabi_memclr
<LI><a href="#[4c]">&gt;&gt;</a>&nbsp;&nbsp;&nbsp;__aeabi_memcpy
</UL>
<BR>[Called By]<UL><LI><a href="#[75]">&gt;&gt;</a>&nbsp;&nbsp;&nbsp;APP_Conf_RevByteOneByte
</UL>

<P><STRONG><a name="[93]"></a>app_revACK</STRONG> (Thumb, 42 bytes, Stack size 24 bytes, app_revmessage.o(i.app_revACK))
<BR><BR>[Stack]<UL><LI>Max Depth = 304<LI>Call Chain = app_revACK &rArr; BSP_RTC_SetDate &rArr; RTC_SetDatetime &rArr; RTC_ConvertDatetimeToSeconds &rArr; __aeabi_assert &rArr; DbgConsole_Printf &rArr; DbgConsole_PrintfFormattedData &rArr; DbgConsole_ConvertRadixNumToString &rArr; __aeabi_idivmod
</UL>
<BR>[Calls]<UL><LI><a href="#[ba]">&gt;&gt;</a>&nbsp;&nbsp;&nbsp;BSP_RTC_SetDate
<LI><a href="#[13e]">&gt;&gt;</a>&nbsp;&nbsp;&nbsp;app_revsetAckFlag
</UL>
<BR>[Called By]<UL><LI><a href="#[91]">&gt;&gt;</a>&nbsp;&nbsp;&nbsp;APP_RevMessage_Process
</UL>

<P><STRONG><a name="[13e]"></a>app_revsetAckFlag</STRONG> (Thumb, 8 bytes, Stack size 0 bytes, app_revmessage.o(i.app_revsetAckFlag))
<BR><BR>[Called By]<UL><LI><a href="#[93]">&gt;&gt;</a>&nbsp;&nbsp;&nbsp;app_revACK
</UL>

<P><STRONG><a name="[94]"></a>app_transfer_enqueue_cmd</STRONG> (Thumb, 46 bytes, Stack size 8 bytes, app_transfer.o(i.app_transfer_enqueue_cmd))
<BR><BR>[Stack]<UL><LI>Max Depth = 16<LI>Call Chain = app_transfer_enqueue_cmd &rArr; __aeabi_idivmod
</UL>
<BR>[Calls]<UL><LI><a href="#[9a]">&gt;&gt;</a>&nbsp;&nbsp;&nbsp;__aeabi_idivmod
</UL>
<BR>[Called By]<UL><LI><a href="#[8f]">&gt;&gt;</a>&nbsp;&nbsp;&nbsp;APP_Transfer_TrigSendValue
</UL>

<P><STRONG><a name="[5d]"></a>ADC16_GetChannelConversionValue</STRONG> (Thumb, 34 bytes, Stack size 16 bytes, bsp_adc.o(i.ADC16_GetChannelConversionValue))
<BR><BR>[Stack]<UL><LI>Max Depth = 232<LI>Call Chain = ADC16_GetChannelConversionValue &rArr; __aeabi_assert &rArr; DbgConsole_Printf &rArr; DbgConsole_PrintfFormattedData &rArr; DbgConsole_ConvertRadixNumToString &rArr; __aeabi_idivmod
</UL>
<BR>[Calls]<UL><LI><a href="#[5f]">&gt;&gt;</a>&nbsp;&nbsp;&nbsp;__aeabi_assert
</UL>
<BR>[Called By]<UL><LI><a href="#[1a]">&gt;&gt;</a>&nbsp;&nbsp;&nbsp;ADC0_IRQHandler
</UL>

<P><STRONG><a name="[5e]"></a>bsp_adc_addvalue</STRONG> (Thumb, 70 bytes, Stack size 8 bytes, bsp_adc.o(i.bsp_adc_addvalue))
<BR><BR>[Stack]<UL><LI>Max Depth = 8<LI>Call Chain = bsp_adc_addvalue
</UL>
<BR>[Called By]<UL><LI><a href="#[1a]">&gt;&gt;</a>&nbsp;&nbsp;&nbsp;ADC0_IRQHandler
</UL>

<P><STRONG><a name="[c5]"></a>CLOCK_CONFIG_SetFllExtRefDiv</STRONG> (Thumb, 22 bytes, Stack size 0 bytes, bsp_clock.o(i.CLOCK_CONFIG_SetFllExtRefDiv))
<BR><BR>[Called By]<UL><LI><a href="#[c2]">&gt;&gt;</a>&nbsp;&nbsp;&nbsp;BSP_SystemClockInit
</UL>

<P><STRONG><a name="[c3]"></a>CLOCK_SetSimSafeDivs</STRONG> (Thumb, 8 bytes, Stack size 0 bytes, bsp_clock.o(i.CLOCK_SetSimSafeDivs))
<BR><BR>[Called By]<UL><LI><a href="#[c2]">&gt;&gt;</a>&nbsp;&nbsp;&nbsp;BSP_SystemClockInit
</UL>

<P><STRONG><a name="[a9]"></a>GPIO_WritePinOutput</STRONG> (Thumb, 20 bytes, Stack size 0 bytes, bsp_led.o(i.GPIO_WritePinOutput))
<BR><BR>[Called By]<UL><LI><a href="#[ae]">&gt;&gt;</a>&nbsp;&nbsp;&nbsp;BSP_LED_Update
<LI><a href="#[ac]">&gt;&gt;</a>&nbsp;&nbsp;&nbsp;BSP_LED_Open
<LI><a href="#[aa]">&gt;&gt;</a>&nbsp;&nbsp;&nbsp;BSP_LED_Init
<LI><a href="#[a8]">&gt;&gt;</a>&nbsp;&nbsp;&nbsp;BSP_LED_Close
</UL>

<P><STRONG><a name="[b3]"></a>CLOCK_EnableClock</STRONG> (Thumb, 18 bytes, Stack size 0 bytes, bsp_rtc.o(i.CLOCK_EnableClock))
<BR><BR>[Called By]<UL><LI><a href="#[b2]">&gt;&gt;</a>&nbsp;&nbsp;&nbsp;BSP_RTC_Init
</UL>

<P><STRONG><a name="[b8]"></a>EnableIRQ</STRONG> (Thumb, 30 bytes, Stack size 0 bytes, bsp_rtc.o(i.EnableIRQ))
<BR><BR>[Called By]<UL><LI><a href="#[b2]">&gt;&gt;</a>&nbsp;&nbsp;&nbsp;BSP_RTC_Init
</UL>

<P><STRONG><a name="[b7]"></a>RTC_EnableInterrupts</STRONG> (Thumb, 8 bytes, Stack size 0 bytes, bsp_rtc.o(i.RTC_EnableInterrupts))
<BR><BR>[Called By]<UL><LI><a href="#[b2]">&gt;&gt;</a>&nbsp;&nbsp;&nbsp;BSP_RTC_Init
</UL>

<P><STRONG><a name="[b9]"></a>RTC_StartTimer</STRONG> (Thumb, 10 bytes, Stack size 0 bytes, bsp_rtc.o(i.RTC_StartTimer))
<BR><BR>[Called By]<UL><LI><a href="#[ba]">&gt;&gt;</a>&nbsp;&nbsp;&nbsp;BSP_RTC_SetDate
<LI><a href="#[b2]">&gt;&gt;</a>&nbsp;&nbsp;&nbsp;BSP_RTC_Init
</UL>

<P><STRONG><a name="[bb]"></a>RTC_StopTimer</STRONG> (Thumb, 10 bytes, Stack size 0 bytes, bsp_rtc.o(i.RTC_StopTimer))
<BR><BR>[Called By]<UL><LI><a href="#[ba]">&gt;&gt;</a>&nbsp;&nbsp;&nbsp;BSP_RTC_SetDate
</UL>

<P><STRONG><a name="[c1]"></a>NVIC_SetPriority</STRONG> (Thumb, 110 bytes, Stack size 8 bytes, bsp_systick.o(i.NVIC_SetPriority))
<BR><BR>[Stack]<UL><LI>Max Depth = 8<LI>Call Chain = NVIC_SetPriority
</UL>
<BR>[Called By]<UL><LI><a href="#[c0]">&gt;&gt;</a>&nbsp;&nbsp;&nbsp;BSP_SysTick_Init
</UL>

<P><STRONG><a name="[e1]"></a>DMA_ClearChannelStatusFlags</STRONG> (Thumb, 58 bytes, Stack size 16 bytes, bsp_uart.o(i.DMA_ClearChannelStatusFlags))
<BR><BR>[Stack]<UL><LI>Max Depth = 232<LI>Call Chain = DMA_ClearChannelStatusFlags &rArr; __aeabi_assert &rArr; DbgConsole_Printf &rArr; DbgConsole_PrintfFormattedData &rArr; DbgConsole_ConvertRadixNumToString &rArr; __aeabi_idivmod
</UL>
<BR>[Calls]<UL><LI><a href="#[5f]">&gt;&gt;</a>&nbsp;&nbsp;&nbsp;__aeabi_assert
</UL>
<BR>[Called By]<UL><LI><a href="#[b]">&gt;&gt;</a>&nbsp;&nbsp;&nbsp;DMA0_IRQHandler
</UL>

<P><STRONG><a name="[e0]"></a>DMA_GetChannelStatusFlags</STRONG> (Thumb, 36 bytes, Stack size 16 bytes, bsp_uart.o(i.DMA_GetChannelStatusFlags))
<BR><BR>[Stack]<UL><LI>Max Depth = 232<LI>Call Chain = DMA_GetChannelStatusFlags &rArr; __aeabi_assert &rArr; DbgConsole_Printf &rArr; DbgConsole_PrintfFormattedData &rArr; DbgConsole_ConvertRadixNumToString &rArr; __aeabi_idivmod
</UL>
<BR>[Calls]<UL><LI><a href="#[5f]">&gt;&gt;</a>&nbsp;&nbsp;&nbsp;__aeabi_assert
</UL>
<BR>[Called By]<UL><LI><a href="#[b]">&gt;&gt;</a>&nbsp;&nbsp;&nbsp;DMA0_IRQHandler
</UL>

<P><STRONG><a name="[b0]"></a>GPIO_WritePinOutput</STRONG> (Thumb, 20 bytes, Stack size 0 bytes, bsp_power.o(i.GPIO_WritePinOutput))
<BR><BR>[Called By]<UL><LI><a href="#[b1]">&gt;&gt;</a>&nbsp;&nbsp;&nbsp;BSP_Power_V30_ON
<LI><a href="#[af]">&gt;&gt;</a>&nbsp;&nbsp;&nbsp;BSP_Power_Init
</UL>

<P><STRONG><a name="[140]"></a>CLOCK_EnableClock</STRONG> (Thumb, 18 bytes, Stack size 0 bytes, bsp_iic.o(i.CLOCK_EnableClock))
<BR><BR>[Called By]<UL><LI><a href="#[a6]">&gt;&gt;</a>&nbsp;&nbsp;&nbsp;bsp_iic1_init
</UL>

<P><STRONG><a name="[123]"></a>PORT_SetPinConfig</STRONG> (Thumb, 36 bytes, Stack size 24 bytes, bsp_iic.o(i.PORT_SetPinConfig))
<BR><BR>[Stack]<UL><LI>Max Depth = 240<LI>Call Chain = PORT_SetPinConfig &rArr; __aeabi_assert &rArr; DbgConsole_Printf &rArr; DbgConsole_PrintfFormattedData &rArr; DbgConsole_ConvertRadixNumToString &rArr; __aeabi_idivmod
</UL>
<BR>[Calls]<UL><LI><a href="#[5f]">&gt;&gt;</a>&nbsp;&nbsp;&nbsp;__aeabi_assert
</UL>
<BR>[Called By]<UL><LI><a href="#[a6]">&gt;&gt;</a>&nbsp;&nbsp;&nbsp;bsp_iic1_init
</UL>

<P><STRONG><a name="[a6]"></a>bsp_iic1_init</STRONG> (Thumb, 122 bytes, Stack size 32 bytes, bsp_iic.o(i.bsp_iic1_init))
<BR><BR>[Stack]<UL><LI>Max Depth = 328<LI>Call Chain = bsp_iic1_init &rArr; CLOCK_GetFreq &rArr; CLOCK_GetFixedFreqClkFreq &rArr; CLOCK_GetOutClkFreq &rArr; CLOCK_GetFllFreq &rArr; CLOCK_GetFllRefClkFreq &rArr; CLOCK_GetFllExtRefClkFreq &rArr; CLOCK_GetMcgExtClkFreq &rArr; __aeabi_assert &rArr; DbgConsole_Printf &rArr; DbgConsole_PrintfFormattedData &rArr; DbgConsole_ConvertRadixNumToString &rArr; __aeabi_idivmod
</UL>
<BR>[Calls]<UL><LI><a href="#[bd]">&gt;&gt;</a>&nbsp;&nbsp;&nbsp;CLOCK_GetFreq
<LI><a href="#[108]">&gt;&gt;</a>&nbsp;&nbsp;&nbsp;I2C_MasterTransferCreateHandle
<LI><a href="#[104]">&gt;&gt;</a>&nbsp;&nbsp;&nbsp;I2C_MasterInit
<LI><a href="#[103]">&gt;&gt;</a>&nbsp;&nbsp;&nbsp;I2C_MasterGetDefaultConfig
<LI><a href="#[123]">&gt;&gt;</a>&nbsp;&nbsp;&nbsp;PORT_SetPinConfig
<LI><a href="#[140]">&gt;&gt;</a>&nbsp;&nbsp;&nbsp;CLOCK_EnableClock
</UL>
<BR>[Called By]<UL><LI><a href="#[a5]">&gt;&gt;</a>&nbsp;&nbsp;&nbsp;BSP_IIC_Init
</UL>

<P><STRONG><a name="[3c]"></a>i2c_master_callback</STRONG> (Thumb, 32 bytes, Stack size 12 bytes, bsp_iic.o(i.i2c_master_callback))
<BR><BR>[Stack]<UL><LI>Max Depth = 12<LI>Call Chain = i2c_master_callback
</UL>
<BR>[Address Reference Count : 1]<UL><LI> bsp_iic.o(i.bsp_iic1_init)
</UL>
<P><STRONG><a name="[136]"></a>sys_makeUIDtoSNcode</STRONG> (Thumb, 140 bytes, Stack size 48 bytes, system_param.o(i.sys_makeUIDtoSNcode))
<BR><BR>[Stack]<UL><LI>Max Depth = 72<LI>Call Chain = sys_makeUIDtoSNcode &rArr; __aeabi_memcpy
</UL>
<BR>[Calls]<UL><LI><a href="#[144]">&gt;&gt;</a>&nbsp;&nbsp;&nbsp;SIM_GetUniqueId
<LI><a href="#[134]">&gt;&gt;</a>&nbsp;&nbsp;&nbsp;CRC16_Modbus
<LI><a href="#[4c]">&gt;&gt;</a>&nbsp;&nbsp;&nbsp;__aeabi_memcpy
</UL>
<BR>[Called By]<UL><LI><a href="#[135]">&gt;&gt;</a>&nbsp;&nbsp;&nbsp;SystemParam_Reset
</UL>

<P><STRONG><a name="[114]"></a>__set_PRIMASK</STRONG> (Thumb, 6 bytes, Stack size 0 bytes, osal_clock.o(i.__set_PRIMASK))
<BR><BR>[Called By]<UL><LI><a href="#[113]">&gt;&gt;</a>&nbsp;&nbsp;&nbsp;OS_Clock_Update
</UL>

<P><STRONG><a name="[115]"></a>__get_PRIMASK</STRONG> (Thumb, 6 bytes, Stack size 0 bytes, osal_core.o(i.__get_PRIMASK))
<BR><BR>[Called By]<UL><LI><a href="#[97]">&gt;&gt;</a>&nbsp;&nbsp;&nbsp;OS_Events_Set
<LI><a href="#[96]">&gt;&gt;</a>&nbsp;&nbsp;&nbsp;OS_Events_Clear
<LI><a href="#[11c]">&gt;&gt;</a>&nbsp;&nbsp;&nbsp;osalRun
</UL>

<P><STRONG><a name="[116]"></a>__set_PRIMASK</STRONG> (Thumb, 6 bytes, Stack size 0 bytes, osal_core.o(i.__set_PRIMASK))
<BR><BR>[Called By]<UL><LI><a href="#[97]">&gt;&gt;</a>&nbsp;&nbsp;&nbsp;OS_Events_Set
<LI><a href="#[96]">&gt;&gt;</a>&nbsp;&nbsp;&nbsp;OS_Events_Clear
<LI><a href="#[11c]">&gt;&gt;</a>&nbsp;&nbsp;&nbsp;osalRun
</UL>

<P><STRONG><a name="[11c]"></a>osalRun</STRONG> (Thumb, 120 bytes, Stack size 16 bytes, osal_core.o(i.osalRun))
<BR><BR>[Stack]<UL><LI>Max Depth = 24<LI>Call Chain = osalRun &rArr; osalTimeUpdate
</UL>
<BR>[Calls]<UL><LI><a href="#[142]">&gt;&gt;</a>&nbsp;&nbsp;&nbsp;osalTimeUpdate
<LI><a href="#[116]">&gt;&gt;</a>&nbsp;&nbsp;&nbsp;__set_PRIMASK
<LI><a href="#[115]">&gt;&gt;</a>&nbsp;&nbsp;&nbsp;__get_PRIMASK
</UL>
<BR>[Called By]<UL><LI><a href="#[11b]">&gt;&gt;</a>&nbsp;&nbsp;&nbsp;OS_Start
</UL>

<P><STRONG><a name="[142]"></a>osalTimeUpdate</STRONG> (Thumb, 26 bytes, Stack size 8 bytes, osal_core.o(i.osalTimeUpdate))
<BR><BR>[Stack]<UL><LI>Max Depth = 8<LI>Call Chain = osalTimeUpdate
</UL>
<BR>[Calls]<UL><LI><a href="#[a7]">&gt;&gt;</a>&nbsp;&nbsp;&nbsp;OS_Clock_GetSystemClock
</UL>
<BR>[Called By]<UL><LI><a href="#[11c]">&gt;&gt;</a>&nbsp;&nbsp;&nbsp;osalRun
</UL>

<P><STRONG><a name="[121]"></a>__get_PRIMASK</STRONG> (Thumb, 6 bytes, Stack size 0 bytes, osal_timer.o(i.__get_PRIMASK))
<BR><BR>[Called By]<UL><LI><a href="#[120]">&gt;&gt;</a>&nbsp;&nbsp;&nbsp;OS_Timer_Update
<LI><a href="#[11f]">&gt;&gt;</a>&nbsp;&nbsp;&nbsp;osalTimerFind
<LI><a href="#[143]">&gt;&gt;</a>&nbsp;&nbsp;&nbsp;osalTimerAlloc
<LI><a href="#[11e]">&gt;&gt;</a>&nbsp;&nbsp;&nbsp;osalTimerAdd
</UL>

<P><STRONG><a name="[122]"></a>__set_PRIMASK</STRONG> (Thumb, 6 bytes, Stack size 0 bytes, osal_timer.o(i.__set_PRIMASK))
<BR><BR>[Called By]<UL><LI><a href="#[120]">&gt;&gt;</a>&nbsp;&nbsp;&nbsp;OS_Timer_Update
<LI><a href="#[11f]">&gt;&gt;</a>&nbsp;&nbsp;&nbsp;osalTimerFind
<LI><a href="#[143]">&gt;&gt;</a>&nbsp;&nbsp;&nbsp;osalTimerAlloc
<LI><a href="#[11e]">&gt;&gt;</a>&nbsp;&nbsp;&nbsp;osalTimerAdd
</UL>

<P><STRONG><a name="[129]"></a>_DoInit</STRONG> (Thumb, 74 bytes, Stack size 8 bytes, segger_rtt.o(i._DoInit))
<BR><BR>[Stack]<UL><LI>Max Depth = 24<LI>Call Chain = _DoInit &rArr; strcpy
</UL>
<BR>[Calls]<UL><LI><a href="#[13d]">&gt;&gt;</a>&nbsp;&nbsp;&nbsp;strcpy
</UL>
<BR>[Called By]<UL><LI><a href="#[128]">&gt;&gt;</a>&nbsp;&nbsp;&nbsp;SEGGER_RTT_Write
</UL>

<P><STRONG><a name="[12b]"></a>_GetAvailWriteSpace</STRONG> (Thumb, 28 bytes, Stack size 8 bytes, segger_rtt.o(i._GetAvailWriteSpace))
<BR><BR>[Stack]<UL><LI>Max Depth = 8<LI>Call Chain = _GetAvailWriteSpace
</UL>
<BR>[Called By]<UL><LI><a href="#[12a]">&gt;&gt;</a>&nbsp;&nbsp;&nbsp;SEGGER_RTT_WriteNoLock
</UL>

<P><STRONG><a name="[12d]"></a>_WriteBlocking</STRONG> (Thumb, 122 bytes, Stack size 40 bytes, segger_rtt.o(i._WriteBlocking))
<BR><BR>[Stack]<UL><LI>Max Depth = 64<LI>Call Chain = _WriteBlocking &rArr; __aeabi_memcpy
</UL>
<BR>[Calls]<UL><LI><a href="#[4c]">&gt;&gt;</a>&nbsp;&nbsp;&nbsp;__aeabi_memcpy
</UL>
<BR>[Called By]<UL><LI><a href="#[12a]">&gt;&gt;</a>&nbsp;&nbsp;&nbsp;SEGGER_RTT_WriteNoLock
</UL>

<P><STRONG><a name="[12c]"></a>_WriteNoCheck</STRONG> (Thumb, 74 bytes, Stack size 40 bytes, segger_rtt.o(i._WriteNoCheck))
<BR><BR>[Stack]<UL><LI>Max Depth = 64<LI>Call Chain = _WriteNoCheck &rArr; __aeabi_memcpy
</UL>
<BR>[Calls]<UL><LI><a href="#[4c]">&gt;&gt;</a>&nbsp;&nbsp;&nbsp;__aeabi_memcpy
</UL>
<BR>[Called By]<UL><LI><a href="#[12a]">&gt;&gt;</a>&nbsp;&nbsp;&nbsp;SEGGER_RTT_WriteNoLock
</UL>

<P><STRONG><a name="[130]"></a>_PrintInt</STRONG> (Thumb, 270 bytes, Stack size 56 bytes, segger_rtt_printf.o(i._PrintInt))
<BR><BR>[Stack]<UL><LI>Max Depth = 256<LI>Call Chain = _PrintInt &rArr; _PrintUnsigned &rArr; _StoreChar &rArr; SEGGER_RTT_Write &rArr; SEGGER_RTT_WriteNoLock &rArr; _WriteNoCheck &rArr; __aeabi_memcpy
</UL>
<BR>[Calls]<UL><LI><a href="#[12f]">&gt;&gt;</a>&nbsp;&nbsp;&nbsp;_StoreChar
<LI><a href="#[131]">&gt;&gt;</a>&nbsp;&nbsp;&nbsp;_PrintUnsigned
<LI><a href="#[9a]">&gt;&gt;</a>&nbsp;&nbsp;&nbsp;__aeabi_idivmod
</UL>
<BR>[Called By]<UL><LI><a href="#[12e]">&gt;&gt;</a>&nbsp;&nbsp;&nbsp;SEGGER_RTT_vprintf
</UL>

<P><STRONG><a name="[131]"></a>_PrintUnsigned</STRONG> (Thumb, 280 bytes, Stack size 56 bytes, segger_rtt_printf.o(i._PrintUnsigned))
<BR><BR>[Stack]<UL><LI>Max Depth = 200<LI>Call Chain = _PrintUnsigned &rArr; _StoreChar &rArr; SEGGER_RTT_Write &rArr; SEGGER_RTT_WriteNoLock &rArr; _WriteNoCheck &rArr; __aeabi_memcpy
</UL>
<BR>[Calls]<UL><LI><a href="#[12f]">&gt;&gt;</a>&nbsp;&nbsp;&nbsp;_StoreChar
<LI><a href="#[64]">&gt;&gt;</a>&nbsp;&nbsp;&nbsp;__aeabi_uidivmod
</UL>
<BR>[Called By]<UL><LI><a href="#[12e]">&gt;&gt;</a>&nbsp;&nbsp;&nbsp;SEGGER_RTT_vprintf
<LI><a href="#[130]">&gt;&gt;</a>&nbsp;&nbsp;&nbsp;_PrintInt
</UL>

<P><STRONG><a name="[12f]"></a>_StoreChar</STRONG> (Thumb, 68 bytes, Stack size 16 bytes, segger_rtt_printf.o(i._StoreChar))
<BR><BR>[Stack]<UL><LI>Max Depth = 144<LI>Call Chain = _StoreChar &rArr; SEGGER_RTT_Write &rArr; SEGGER_RTT_WriteNoLock &rArr; _WriteNoCheck &rArr; __aeabi_memcpy
</UL>
<BR>[Calls]<UL><LI><a href="#[128]">&gt;&gt;</a>&nbsp;&nbsp;&nbsp;SEGGER_RTT_Write
</UL>
<BR>[Called By]<UL><LI><a href="#[12e]">&gt;&gt;</a>&nbsp;&nbsp;&nbsp;SEGGER_RTT_vprintf
<LI><a href="#[131]">&gt;&gt;</a>&nbsp;&nbsp;&nbsp;_PrintUnsigned
<LI><a href="#[130]">&gt;&gt;</a>&nbsp;&nbsp;&nbsp;_PrintInt
</UL>

<P><STRONG><a name="[149]"></a>_fadd1</STRONG> (Thumb, 0 bytes, Stack size unknown bytes, faddsub.o(x$fpl$fadd), UNUSED)
<BR><BR>[Called By]<UL><LI><a href="#[14a]">&gt;&gt;</a>&nbsp;&nbsp;&nbsp;_fsub
<LI><a href="#[148]">&gt;&gt;</a>&nbsp;&nbsp;&nbsp;_frsb
</UL>

<P><STRONG><a name="[146]"></a>_fsub1</STRONG> (Thumb, 0 bytes, Stack size unknown bytes, faddsub.o(x$fpl$fsub), UNUSED)
<BR><BR>[Called By]<UL><LI><a href="#[148]">&gt;&gt;</a>&nbsp;&nbsp;&nbsp;_frsb
<LI><a href="#[145]">&gt;&gt;</a>&nbsp;&nbsp;&nbsp;_fadd
</UL>
<P>
<H3>
Undefined Global Symbols
</H3>
<P><STRONG><a name="[5b]"></a>_call_atexit_fns</STRONG> (ARM, 0 bytes, Stack size 0 bytes, UNDEFINED)
<BR><BR>[Called By]<UL><LI><a href="#[47]">&gt;&gt;</a>&nbsp;&nbsp;&nbsp;exit
</UL>
<HR></body></html>
