Component: ARM Compiler 5.06 update 6 (build 750) Tool: armlink [4d35ed]

==============================================================================

Section Cross References

    system_mkl16z4.o(i.SystemCoreClockUpdate) refers to aeabi_sdiv.o(.text) for __aeabi_uidivmod
    system_mkl16z4.o(i.SystemCoreClockUpdate) refers to system_mkl16z4.o(i.__ARM_common_switch8) for __ARM_common_switch8
    system_mkl16z4.o(i.SystemCoreClockUpdate) refers to system_mkl16z4.o(.data) for SystemCoreClock
    startup_mkl16z4.o(RESET) refers to startup_mkl16z4.o(.text) for Reset_Handler
    startup_mkl16z4.o(RESET) refers to main.o(i.HardFault_Handler) for HardFault_Handler
    startup_mkl16z4.o(RESET) refers to bsp_systick.o(i.SysTick_Handler) for SysTick_Handler
    startup_mkl16z4.o(RESET) refers to bsp_uart.o(i.DMA0_IRQHandler) for DMA0_IRQHandler
    startup_mkl16z4.o(RESET) refers to bsp_uart.o(i.UART0_IRQHandler) for UART0_IRQHandler
    startup_mkl16z4.o(RESET) refers to bsp_uart.o(i.UART2_IRQHandler) for UART2_IRQHandler
    startup_mkl16z4.o(RESET) refers to bsp_adc.o(i.ADC0_IRQHandler) for ADC0_IRQHandler
    startup_mkl16z4.o(RESET) refers to bsp_tim.o(i.TPM0_IRQHandler) for TPM0_IRQHandler
    startup_mkl16z4.o(RESET) refers to bsp_rtc.o(i.RTC_IRQHandler) for RTC_IRQHandler
    startup_mkl16z4.o(RESET) refers to bsp_tim.o(i.LPTMR0_IRQHandler) for LPTMR0_IRQHandler
    startup_mkl16z4.o(.text) refers to startup_mkl16z4.o(FlashConfig) for FlashConfig
    startup_mkl16z4.o(.text) refers to startup_mkl16z4.o(RESET) for __Vectors
    startup_mkl16z4.o(.text) refers to system_mkl16z4.o(i.SystemInit) for SystemInit
    startup_mkl16z4.o(.text) refers to __main.o(!!!main) for __main
    startup_mkl16z4.o(.text) refers to fsl_dma.o(i.DMA0_DriverIRQHandler) for DMA0_DriverIRQHandler
    startup_mkl16z4.o(.text) refers to fsl_dma.o(i.DMA1_DriverIRQHandler) for DMA1_DriverIRQHandler
    startup_mkl16z4.o(.text) refers to fsl_dma.o(i.DMA2_DriverIRQHandler) for DMA2_DriverIRQHandler
    startup_mkl16z4.o(.text) refers to fsl_dma.o(i.DMA3_DriverIRQHandler) for DMA3_DriverIRQHandler
    startup_mkl16z4.o(.text) refers to fsl_i2c.o(i.I2C0_DriverIRQHandler) for I2C0_DriverIRQHandler
    startup_mkl16z4.o(.text) refers to fsl_i2c.o(i.I2C1_DriverIRQHandler) for I2C1_DriverIRQHandler
    startup_mkl16z4.o(.text) refers to fsl_spi.o(i.SPI0_DriverIRQHandler) for SPI0_DriverIRQHandler
    startup_mkl16z4.o(.text) refers to fsl_spi.o(i.SPI1_DriverIRQHandler) for SPI1_DriverIRQHandler
    startup_mkl16z4.o(.text) refers to fsl_lpsci.o(i.UART0_DriverIRQHandler) for UART0_DriverIRQHandler
    startup_mkl16z4.o(.text) refers to fsl_uart.o(i.UART1_DriverIRQHandler) for UART1_DriverIRQHandler
    startup_mkl16z4.o(.text) refers to fsl_uart.o(i.UART2_DriverIRQHandler) for UART2_DriverIRQHandler
    fsl_debug_console.o(i.DbgConsole_ConvertRadixNumToString) refers to aeabi_sdiv.o(.text) for __aeabi_idivmod
    fsl_debug_console.o(i.DbgConsole_Deinit) refers to fsl_uart.o(i.UART_Deinit) for UART_Deinit
    fsl_debug_console.o(i.DbgConsole_Deinit) refers to fsl_lpsci.o(i.LPSCI_Deinit) for LPSCI_Deinit
    fsl_debug_console.o(i.DbgConsole_Deinit) refers to fsl_debug_console.o(.bss) for s_debugConsole
    fsl_debug_console.o(i.DbgConsole_Getchar) refers to fsl_debug_console.o(.bss) for s_debugConsole
    fsl_debug_console.o(i.DbgConsole_Init) refers to fsl_uart.o(i.UART_GetDefaultConfig) for UART_GetDefaultConfig
    fsl_debug_console.o(i.DbgConsole_Init) refers to fsl_uart.o(i.UART_Init) for UART_Init
    fsl_debug_console.o(i.DbgConsole_Init) refers to fsl_lpsci.o(i.LPSCI_GetDefaultConfig) for LPSCI_GetDefaultConfig
    fsl_debug_console.o(i.DbgConsole_Init) refers to fsl_lpsci.o(i.LPSCI_Init) for LPSCI_Init
    fsl_debug_console.o(i.DbgConsole_Init) refers to fsl_debug_console.o(.bss) for s_debugConsole
    fsl_debug_console.o(i.DbgConsole_Init) refers to fsl_uart.o(i.UART_WriteBlocking) for UART_WriteBlocking
    fsl_debug_console.o(i.DbgConsole_Init) refers to fsl_uart.o(i.UART_ReadBlocking) for UART_ReadBlocking
    fsl_debug_console.o(i.DbgConsole_Init) refers to fsl_lpsci.o(i.LPSCI_WriteBlocking) for LPSCI_WriteBlocking
    fsl_debug_console.o(i.DbgConsole_Init) refers to fsl_lpsci.o(i.LPSCI_ReadBlocking) for LPSCI_ReadBlocking
    fsl_debug_console.o(i.DbgConsole_Printf) refers to fsl_debug_console.o(i.DbgConsole_PrintfFormattedData) for DbgConsole_PrintfFormattedData
    fsl_debug_console.o(i.DbgConsole_Printf) refers to fsl_debug_console.o(.bss) for s_debugConsole
    fsl_debug_console.o(i.DbgConsole_Printf) refers to fsl_debug_console.o(i.DbgConsole_Putchar) for DbgConsole_Putchar
    fsl_debug_console.o(i.DbgConsole_PrintfFormattedData) refers to fsl_debug_console.o(i.DbgConsole_ConvertRadixNumToString) for DbgConsole_ConvertRadixNumToString
    fsl_debug_console.o(i.DbgConsole_PrintfFormattedData) refers to fsl_debug_console.o(i.DbgConsole_PrintfPaddingCharacter) for DbgConsole_PrintfPaddingCharacter
[...]
    .bss                                     0x1ffffa00   Section      140  fsl_flash.o(.bss)
    s_flashRunCommand                        0x1ffffa00   Data          64  fsl_flash.o(.bss)
    s_flashCommonBitOperation                0x1ffffa40   Data          64  fsl_flash.o(.bss)
    s_flashExecuteInRamFunctionInfo          0x1ffffa80   Data          12  fsl_flash.o(.bss)
    .bss                                     0x1ffffa8c   Section       12  fsl_uart.o(.bss)
    s_uartHandle                             0x1ffffa8c   Data          12  fsl_uart.o(.bss)
    .bss                                     0x1ffffa98   Section      702  app_conf.o(.bss)
    temp_buf                                 0x1ffffa98   Data         301  app_conf.o(.bss)
    full_buf                                 0x1ffffbc5   Data         301  app_conf.o(.bss)
    app_confrev_space                        0x1ffffcf2   Data         100  app_conf.o(.bss)
    .bss                                     0x1ffffd58   Section       16  app_getdata.o(.bss)
    .bss                                     0x1ffffd68   Section      614  app_revmessage.o(.bss)
    app_ACKFlag                              0x1ffffd68   Data          12  app_revmessage.o(.bss)
    temp_buf                                 0x1ffffd74   Data         301  app_revmessage.o(.bss)
    full_buf                                 0x1ffffea1   Data         301  app_revmessage.o(.bss)
    .bss                                     0x1fffffce   Section       20  bsp_adc.o(.bss)
    .bss                                     0x1fffffe4   Section       52  bsp_flash.o(.bss)
    .bss                                     0x20000018   Section       16  bsp_led.o(.bss)
    s_BSPLedControlTable                     0x20000018   Data          16  bsp_led.o(.bss)
    .bss                                     0x20000028   Section      128  bsp_uart.o(.bss)
    .bss                                     0x200000a8   Section      201  bsp_e32.o(.bss)
    bsp_e32_senddatabuf                      0x200000a8   Data         100  bsp_e32.o(.bss)
    bsp_e32_revbuf                           0x2000010c   Data         101  bsp_e32.o(.bss)
    .bss                                     0x20000174   Section       40  bsp_iic.o(.bss)
    .bss                                     0x2000019c   Section       51  system_param.o(.bss)
    .bss                                     0x200001d0   Section      240  osal_timer.o(.bss)
    s_osalTimerMemHeap                       0x200001d0   Data         240  osal_timer.o(.bss)
    .bss                                     0x200002c0   Section     1208  segger_rtt.o(.bss)
    _acUpBuffer                              0x20000368   Data        1024  segger_rtt.o(.bss)
    _acDownBuffer                            0x20000768   Data          16  segger_rtt.o(.bss)

    Global Symbols

    Symbol Name                              Value     Ov Type        Size  Object(Section)

    BuildAttributes$$THM_ISAv3M$S$PE$A:L22$X:L11$S22$IEEE1$IW$USESV6$~STKCKD$USESV7$~SHL$OSPACE$ROPI$EBA8$UX$STANDARDLIB$REQ8$PRES8$EABIv2 0x00000000   Number         0  anon$$obj.o ABSOLUTE
    Image$$VECTOR_RAM$$Base                  0x00000000   Number         0  anon$$obj.o ABSOLUTE
    Image$$VECTOR_ROM$$Base                  0x00000000   Number         0  anon$$obj.o ABSOLUTE
    __ARM_use_no_argv                        0x00000000   Number         0  main.o ABSOLUTE
    __Vectors                                0x00000000   Data           4  startup_mkl16z4.o(RESET)
    Image$$ZI$$Limit                          - Undefined Weak Reference
    __ARM_exceptions_init                     - Undefined Weak Reference
    __alloca_initialize                       - Undefined Weak Reference
    __arm_preinit_                            - Undefined Weak Reference
    __cpp_initialize__aeabi_                  - Undefined Weak Reference
    __cxa_finalize                            - Undefined Weak Reference
    __rt_locale                               - Undefined Weak Reference
    __sigvec_lookup                           - Undefined Weak Reference
    _atexit_init                              - Undefined Weak Reference
    _call_atexit_fns                          - Undefined Weak Reference
    _clock_init                               - Undefined Weak Reference
    _fp_trap_init                             - Undefined Weak Reference
    _fp_trap_shutdown                         - Undefined Weak Reference
    _get_lc_collate                           - Undefined Weak Reference
    _get_lc_ctype                             - Undefined Weak Reference
    _get_lc_monetary                          - Undefined Weak Reference
    _get_lc_numeric                           - Undefined Weak Reference
    _get_lc_time                              - Undefined Weak Reference
    _getenv_init                              - Undefined Weak Reference
    _handle_redirection                       - Undefined Weak Reference
    _init_alloc                               - Undefined Weak Reference
    _init_user_alloc                          - Undefined Weak Reference
    _initio                                   - Undefined Weak Reference
    _printf_post_padding                      - Undefined Weak Reference
    _printf_pre_padding                       - Undefined Weak Reference
    _printf_truncate_signed                   - Undefined Weak Reference
    _printf_truncate_unsigned                 - Undefined Weak Reference
    _rand_init                                - Undefined Weak Reference
    _signal_finish                            - Undefined Weak Reference
    _signal_init                              - Undefined Weak Reference
    _terminate_alloc                          - Undefined Weak Reference
    _terminate_user_alloc                     - Undefined Weak Reference
    _terminateio                              - Undefined Weak Reference
    __Vectors_End                            0x000000c0   Data           0  startup_mkl16z4.o(RESET)
    __Vectors_Size                           0x000000c0   Number         0  startup_mkl16z4.o ABSOLUTE
    __main                                   0x00000411   Thumb Code     8  __main.o(!!!main)
    __scatterload                            0x00000419   Thumb Code     0  __scatter.o(!!!scatter)
    __scatterload_rt2                        0x00000419   Thumb Code    52  __scatter.o(!!!scatter)
    __scatterload_rt2_thumb_only             0x00000419   Thumb Code     0  __scatter.o(!!!scatter)
    __scatterload_null                       0x00000429   Thumb Code     0  __scatter.o(!!!scatter)
    __scatterload_zeroinit                   0x00000455   Thumb Code    28  __scatter_zi.o(!!handler_zi)
    __rt_lib_init                            0x00000471   Thumb Code     0  libinit.o(.ARM.Collect$$libinit$$00000000)
    __rt_lib_init_alloca_1                   0x00000473   Thumb Code     0  libinit2.o(.ARM.Collect$$libinit$$0000002E)
    __rt_lib_init_argv_1                     0x00000473   Thumb Code     0  libinit2.o(.ARM.Collect$$libinit$$0000002C)
    __rt_lib_init_atexit_1                   0x00000473   Thumb Code     0  libinit2.o(.ARM.Collect$$libinit$$0000001B)
    __rt_lib_init_clock_1                    0x00000473   Thumb Code     0  libinit2.o(.ARM.Collect$$libinit$$00000021)
    __rt_lib_init_cpp_1                      0x00000473   Thumb Code     0  libinit2.o(.ARM.Collect$$libinit$$00000032)
    __rt_lib_init_exceptions_1               0x00000473   Thumb Code     0  libinit2.o(.ARM.Collect$$libinit$$00000030)
    __rt_lib_init_fp_1                       0x00000473   Thumb Code     0  libinit2.o(.ARM.Collect$$libinit$$00000002)
    __rt_lib_init_fp_trap_1                  0x00000473   Thumb Code     0  libinit2.o(.ARM.Collect$$libinit$$0000001F)
    __rt_lib_init_getenv_1                   0x00000473   Thumb Code     0  libinit2.o(.ARM.Collect$$libinit$$00000023)
    __rt_lib_init_heap_1                     0x00000473   Thumb Code     0  libinit2.o(.ARM.Collect$$libinit$$0000000A)
    __rt_lib_init_lc_collate_1               0x00000473   Thumb Code     0  libinit2.o(.ARM.Collect$$libinit$$00000011)
    __rt_lib_init_lc_ctype_1                 0x00000473   Thumb Code     0  libinit2.o(.ARM.Collect$$libinit$$00000013)
    __rt_lib_init_lc_monetary_1              0x00000473   Thumb Code     0  libinit2.o(.ARM.Collect$$libinit$$00000015)
    __rt_lib_init_lc_numeric_1               0x00000473   Thumb Code     0  libinit2.o(.ARM.Collect$$libinit$$00000017)
    __rt_lib_init_lc_time_1                  0x00000473   Thumb Code     0  libinit2.o(.ARM.Collect$$libinit$$00000019)
    __rt_lib_init_preinit_1                  0x00000473   Thumb Code     0  libinit2.o(.ARM.Collect$$libinit$$00000004)
    __rt_lib_init_rand_1                     0x00000473   Thumb Code     0  libinit2.o(.ARM.Collect$$libinit$$0000000E)
    __rt_lib_init_return                     0x00000473   Thumb Code     0  libinit2.o(.ARM.Collect$$libinit$$00000033)
    __rt_lib_init_signal_1                   0x00000473   Thumb Code     0  libinit2.o(.ARM.Collect$$libinit$$0000001D)
    __rt_lib_init_stdio_1                    0x00000473   Thumb Code     0  libinit2.o(.ARM.Collect$$libinit$$00000025)
    __rt_lib_init_user_alloc_1               0x00000473   Thumb Code     0  libinit2.o(.ARM.Collect$$libinit$$0000000C)
    __rt_lib_shutdown                        0x00000475   Thumb Code     0  libshutdown.o(.ARM.Collect$$libshutdown$$00000000)
    __rt_lib_shutdown_cpp_1                  0x00000477   Thumb Code     0  libshutdown2.o(.ARM.Collect$$libshutdown$$00000002)
    __rt_lib_shutdown_fp_trap_1              0x00000477   Thumb Code     0  libshutdown2.o(.ARM.Collect$$libshutdown$$00000007)
    __rt_lib_shutdown_heap_1                 0x00000477   Thumb Code     0  libshutdown2.o(.ARM.Collect$$libshutdown$$0000000F)
    __rt_lib_shutdown_return                 0x00000477   Thumb Code     0  libshutdown2.o(.ARM.Collect$$libshutdown$$00000010)
    __rt_lib_shutdown_signal_1               0x00000477   Thumb Code     0  libshutdown2.o(.ARM.Collect$$libshutdown$$0000000A)
    __rt_lib_shutdown_stdio_1                0x00000477   Thumb Code     0  libshutdown2.o(.ARM.Collect$$libshutdown$$00000004)
    __rt_lib_shutdown_user_alloc_1           0x00000477   Thumb Code     0  libshutdown2.o(.ARM.Collect$$libshutdown$$0000000C)
    __rt_entry                               0x00000479   Thumb Code     0  __rtentry.o(.ARM.Collect$$rtentry$$00000000)
    __rt_entry_presh_1                       0x00000479   Thumb Code     0  __rtentry2.o(.ARM.Collect$$rtentry$$00000002)
    __rt_entry_sh                            0x00000479   Thumb Code     0  __rtentry7.o(.ARM.Collect$$rtentry$$00000007)
    __rt_entry_li                            0x0000047d   Thumb Code     0  __rtentry2.o(.ARM.Collect$$rtentry$$0000000A)
    __rt_entry_postsh_1                      0x0000047d   Thumb Code     0  __rtentry2.o(.ARM.Collect$$rtentry$$00000009)
    __rt_entry_main                          0x00000481   Thumb Code     0  __rtentry2.o(.ARM.Collect$$rtentry$$0000000D)
    __rt_entry_postli_1                      0x00000481   Thumb Code     0  __rtentry2.o(.ARM.Collect$$rtentry$$0000000C)
    __rt_exit                                0x0000048d   Thumb Code     0  rtexit.o(.ARM.Collect$$rtexit$$00000000)
    __rt_exit_ls                             0x0000048f   Thumb Code     0  rtexit2.o(.ARM.Collect$$rtexit$$00000003)
    __rt_exit_prels_1                        0x0000048f   Thumb Code     0  rtexit2.o(.ARM.Collect$$rtexit$$00000002)
    __rt_exit_exit                           0x00000493   Thumb Code     0  rtexit2.o(.ARM.Collect$$rtexit$$00000004)
    __aeabi_memcpy4                          0x00000499   Thumb Code    56  rt_memcpy.o(.emb_text)
    __aeabi_memcpy8                          0x00000499   Thumb Code     0  rt_memcpy.o(.emb_text)
    Reset_Handler                            0x000004d1   Thumb Code    24  startup_mkl16z4.o(.text)
    NMI_Handler                              0x000004e9   Thumb Code     2  startup_mkl16z4.o(.text)
    SVC_Handler                              0x000004ed   Thumb Code     2  startup_mkl16z4.o(.text)
    PendSV_Handler                           0x000004ef   Thumb Code     2  startup_mkl16z4.o(.text)
    DMA1_IRQHandler                          0x000004f7   Thumb Code     4  startup_mkl16z4.o(.text)
    DMA2_IRQHandler                          0x000004fb   Thumb Code     4  startup_mkl16z4.o(.text)
    DMA3_IRQHandler                          0x000004ff   Thumb Code     4  startup_mkl16z4.o(.text)
    I2C0_IRQHandler                          0x00000503   Thumb Code     4  startup_mkl16z4.o(.text)
    I2C1_IRQHandler                          0x00000507   Thumb Code     4  startup_mkl16z4.o(.text)
    SPI0_IRQHandler                          0x0000050b   Thumb Code     4  startup_mkl16z4.o(.text)
    SPI1_IRQHandler                          0x0000050f   Thumb Code     4  startup_mkl16z4.o(.text)
    UART1_IRQHandler                         0x00000517   Thumb Code     4  startup_mkl16z4.o(.text)
    I2S0_IRQHandler                          0x0000051f   Thumb Code     4  startup_mkl16z4.o(.text)
    CMP0_IRQHandler                          0x00000523   Thumb Code     0  startup_mkl16z4.o(.text)
    DAC0_IRQHandler                          0x00000523   Thumb Code     0  startup_mkl16z4.o(.text)
    DefaultISR                               0x00000523   Thumb Code     0  startup_mkl16z4.o(.text)
    FTFA_IRQHandler                          0x00000523   Thumb Code     0  startup_mkl16z4.o(.text)
    I2S0_DriverIRQHandler                    0x00000523   Thumb Code     0  startup_mkl16z4.o(.text)
    LLWU_IRQHandler                          0x00000523   Thumb Code     0  startup_mkl16z4.o(.text)
    LVD_LVW_IRQHandler                       0x00000523   Thumb Code     0  startup_mkl16z4.o(.text)
    MCG_IRQHandler                           0x00000523   Thumb Code     0  startup_mkl16z4.o(.text)
    PIT_IRQHandler                           0x00000523   Thumb Code     0  startup_mkl16z4.o(.text)
    PORTA_IRQHandler                         0x00000523   Thumb Code     0  startup_mkl16z4.o(.text)
    PORTC_PORTD_IRQHandler                   0x00000523   Thumb Code     0  startup_mkl16z4.o(.text)
    RTC_Seconds_IRQHandler                   0x00000523   Thumb Code     0  startup_mkl16z4.o(.text)
    Reserved20_IRQHandler                    0x00000523   Thumb Code     0  startup_mkl16z4.o(.text)
    Reserved40_IRQHandler                    0x00000523   Thumb Code     0  startup_mkl16z4.o(.text)
    Reserved45_IRQHandler                    0x00000523   Thumb Code     0  startup_mkl16z4.o(.text)
    TPM1_IRQHandler                          0x00000523   Thumb Code     0  startup_mkl16z4.o(.text)
    TPM2_IRQHandler                          0x00000523   Thumb Code     0  startup_mkl16z4.o(.text)
    TSI0_IRQHandler                          0x00000523   Thumb Code     0  startup_mkl16z4.o(.text)
    strcpy                                   0x0000056d   Thumb Code    70  strcpy.o(.text)
    strlen                                   0x000005b9   Thumb Code    62  strlen.o(.text)
    __aeabi_memcpy                           0x000005fd   Thumb Code   130  rt_memcpy.o(.text)
    __rt_memcpy                              0x000005fd   Thumb Code     0  rt_memcpy.o(.text)
    _memset_w                                0x0000067f   Thumb Code    26  rt_memclr.o(.text)
    _memset                                  0x00000699   Thumb Code    30  rt_memclr.o(.text)
    __aeabi_memclr                           0x000006b7   Thumb Code     4  rt_memclr.o(.text)
    __rt_memclr                              0x000006b7   Thumb Code     0  rt_memclr.o(.text)
    __aeabi_memclr4                          0x000006bb   Thumb Code     0  rt_memclr.o(.text)
    __aeabi_memclr8                          0x000006bb   Thumb Code     0  rt_memclr.o(.text)
    __rt_memclr_w                            0x000006bb   Thumb Code     4  rt_memclr.o(.text)
    __aeabi_uread4                           0x000006bf   Thumb Code    34  uread4.o(.text)
    __rt_uread4                              0x000006bf   Thumb Code     0  uread4.o(.text)
    __aeabi_uwrite4                          0x000006e1   Thumb Code    16  uwrite4.o(.text)
    __rt_uwrite4                             0x000006e1   Thumb Code     0  uwrite4.o(.text)
    __aeabi_uidiv                            0x000006f1   Thumb Code     0  aeabi_sdiv.o(.text)
    __aeabi_uidivmod                         0x000006f1   Thumb Code    20  aeabi_sdiv.o(.text)
    __aeabi_idiv                             0x00000705   Thumb Code     0  aeabi_sdiv.o(.text)
    __aeabi_idivmod                          0x00000705   Thumb Code   326  aeabi_sdiv.o(.text)
    __aeabi_fdiv                             0x0000084d   Thumb Code     0  fdiv.o(.text)
    _fdiv                                    0x0000084d   Thumb Code   334  fdiv.o(.text)
    _frdiv                                   0x0000099b   Thumb Code     8  fdiv.o(.text)
    __aeabi_i2f_normalise                    0x000009ad   Thumb Code    72  fflti.o(.text)
    __aeabi_i2f                              0x000009f5   Thumb Code    16  fflti.o(.text)
    _fflt                                    0x000009f5   Thumb Code     0  fflti.o(.text)
    __aeabi_ui2f                             0x00000a05   Thumb Code     6  fflti.o(.text)
    _ffltu                                   0x00000a05   Thumb Code     0  fflti.o(.text)
    __fpl_fcmp_InfNaN                        0x00000a0d   Thumb Code    96  fcmpin.o(.text)
    __fpl_cmpreturn                          0x00000a71   Thumb Code    46  cmpret.o(.text)
    __fpl_fcheck_NaN2                        0x00000aa1   Thumb Code    10  fnan2.o(.text)
    exit                                     0x00000ab1   Thumb Code    16  exit.o(.text)
    __fpl_return_NaN                         0x00000ac1   Thumb Code    94  retnan.o(.text)
    _sys_exit                                0x00000b21   Thumb Code     8  sys_exit.o(.text)
    __I$use$semihosting                      0x00000b2d   Thumb Code     0  use_no_semi.o(.text)
    __use_no_semihosting_swi                 0x00000b2d   Thumb Code     2  use_no_semi.o(.text)
    __decompress                             0x00000b2f   Thumb Code     0  __dczerorl.o(.text)
    __decompress0                            0x00000b2f   Thumb Code    58  __dczerorl.o(.text)
    __semihosting_library_function           0x00000b2f   Thumb Code     0  indicate_semi.o(.text)
    ADC0_IRQHandler                          0x00000b69   Thumb Code    20  bsp_adc.o(i.ADC0_IRQHandler)
    APP_Battery_Reduce                       0x00000bed   Thumb Code   122  app_battery.o(i.APP_Battery_Reduce)
    APP_Conf_ClearConfStatus                 0x00000cb9   Thumb Code    22  app_conf.o(i.APP_Conf_ClearConfStatus)
    APP_Conf_GetVersion                      0x00000cd5   Thumb Code    92  app_conf.o(i.APP_Conf_GetVersion)
    APP_Conf_GotoLowPower                    0x00000d31   Thumb Code    16  app_conf.o(i.APP_Conf_GotoLowPower)
    APP_Conf_ID                              0x00000d41   Thumb Code    82  app_conf.o(i.APP_Conf_ID)
    APP_Conf_ReplyConf                       0x00000d99   Thumb Code   252  app_conf.o(i.APP_Conf_ReplyConf)
    APP_Conf_Reply_Alarm                     0x00000e99   Thumb Code   164  app_conf.o(i.APP_Conf_Reply_Alarm)
    APP_Conf_Reply_Sample_Rate               0x00000f41   Thumb Code   118  app_conf.o(i.APP_Conf_Reply_Sample_Rate)
    APP_Conf_Reply_SelfStart                 0x00000fbd   Thumb Code   104  app_conf.o(i.APP_Conf_Reply_SelfStart)
    APP_Conf_RevByteOneByte                  0x00001025   Thumb Code    12  app_conf.o(i.APP_Conf_RevByteOneByte)
    APP_Conf_SendData                        0x00001031   Thumb Code    28  app_conf.o(i.APP_Conf_SendData)
    APP_Conf_SetADCToRealValue               0x00001051   Thumb Code   184  app_conf.o(i.APP_Conf_SetADCToRealValue)
    APP_Conf_SetConf                         0x0000110d   Thumb Code   168  app_conf.o(i.APP_Conf_SetConf)
    APP_Conf_SetConfStatus                   0x000011b9   Thumb Code    38  app_conf.o(i.APP_Conf_SetConfStatus)
    APP_Conf_Set_ADCCalibration              0x000011e5   Thumb Code   294  app_conf.o(i.APP_Conf_Set_ADCCalibration)
    APP_Conf_Set_AlarmTime                   0x00001329   Thumb Code    50  app_conf.o(i.APP_Conf_Set_AlarmTime)
    APP_Conf_Set_EQ                          0x00001361   Thumb Code    36  app_conf.o(i.APP_Conf_Set_EQ)
    APP_Conf_Set_SNcode                      0x00001389   Thumb Code    58  app_conf.o(i.APP_Conf_Set_SNcode)
    APP_Conf_Set_Sample_Rate                 0x000013c9   Thumb Code    36  app_conf.o(i.APP_Conf_Set_Sample_Rate)
    APP_Conf_Set_SelfStart                   0x000013f1   Thumb Code    16  app_conf.o(i.APP_Conf_Set_SelfStart)
    APP_Conf_Start                           0x00001401   Thumb Code    20  app_conf.o(i.APP_Conf_Start)
    APP_Conf_Stop                            0x00001415   Thumb Code    16  app_conf.o(i.APP_Conf_Stop)
    APP_GetData_Get                          0x00001425   Thumb Code     4  app_getdata.o(i.APP_GetData_Get)
    APP_RevMessage_Process                   0x0000142d   Thumb Code   400  app_revmessage.o(i.APP_RevMessage_Process)
    APP_Transfer_TrigSendValue               0x000015cd   Thumb Code    16  app_transfer.o(i.APP_Transfer_TrigSendValue)
    APP_Transfer_cmdClear                    0x000015dd   Thumb Code    12  app_transfer.o(i.APP_Transfer_cmdClear)
    AppTask_Clear_Event                      0x000015ed   Thumb Code    16  app_task.o(i.AppTask_Clear_Event)
    AppTask_Send_Event                       0x00001601   Thumb Code    16  app_task.o(i.AppTask_Send_Event)
    AppTask_Timer_Start_Event                0x00001615   Thumb Code    20  app_task.o(i.AppTask_Timer_Start_Event)
    AppTask_Timer_Stop_Event                 0x0000162d   Thumb Code    16  app_task.o(i.AppTask_Timer_Stop_Event)
    BSP_E32_AddCmd                           0x00001641   Thumb Code    70  bsp_e32.o(i.BSP_E32_AddCmd)
    BSP_E32_RevByteOneByte                   0x0000168d   Thumb Code    54  bsp_e32.o(i.BSP_E32_RevByteOneByte)
    BSP_Flash_Init                           0x000016cd   Thumb Code    92  bsp_flash.o(i.BSP_Flash_Init)
    BSP_Flash_ReadBytes                      0x000017c9   Thumb Code    24  bsp_flash.o(i.BSP_Flash_ReadBytes)
    BSP_Flash_WriteBytes                     0x000017e1   Thumb Code    88  bsp_flash.o(i.BSP_Flash_WriteBytes)
    BSP_GetTimrCurCount                      0x00001841   Thumb Code    50  bsp_tim.o(i.BSP_GetTimrCurCount)
    BSP_IIC_Init                             0x0000187d   Thumb Code    10  bsp_iic.o(i.BSP_IIC_Init)
    BSP_LED_Blink                            0x00001889   Thumb Code    94  bsp_led.o(i.BSP_LED_Blink)
    BSP_LED_Close                            0x000018f1   Thumb Code    44  bsp_led.o(i.BSP_LED_Close)
    BSP_LED_Init                             0x00001925   Thumb Code   156  bsp_led.o(i.BSP_LED_Init)
    BSP_LED_Open                             0x000019c9   Thumb Code    44  bsp_led.o(i.BSP_LED_Open)
    BSP_LED_Toggle                           0x000019fd   Thumb Code    34  bsp_led.o(i.BSP_LED_Toggle)
    BSP_LED_Update                           0x00001a25   Thumb Code   360  bsp_led.o(i.BSP_LED_Update)
    BSP_Power_Init                           0x00001b99   Thumb Code    86  bsp_power.o(i.BSP_Power_Init)
    BSP_Power_V30_ON                         0x00001c01   Thumb Code    14  bsp_power.o(i.BSP_Power_V30_ON)
    BSP_RTC_ConvertDatetimeToSeconds         0x00001c15   Thumb Code   128  bsp_rtc.o(i.BSP_RTC_ConvertDatetimeToSeconds)
    BSP_RTC_ConvertSecondsToDatetime         0x00001cc1   Thumb Code   198  bsp_rtc.o(i.BSP_RTC_ConvertSecondsToDatetime)
    BSP_RTC_Init                             0x00001dc1   Thumb Code   206  bsp_rtc.o(i.BSP_RTC_Init)
    BSP_RTC_SetDate                          0x00001ead   Thumb Code    26  bsp_rtc.o(i.BSP_RTC_SetDate)
    BSP_SYSTICK_IncTick                      0x00001ecd   Thumb Code    12  bsp_systick.o(i.BSP_SYSTICK_IncTick)
    BSP_ShowClock                            0x00001edd   Thumb Code   202  bsp_clock.o(i.BSP_ShowClock)
    BSP_ShowDate                             0x000020b5   Thumb Code    54  bsp_rtc.o(i.BSP_ShowDate)
    BSP_SysTick_Init                         0x0000210d   Thumb Code    58  bsp_systick.o(i.BSP_SysTick_Init)
    BSP_SystemClockInit                      0x00002151   Thumb Code    68  bsp_clock.o(i.BSP_SystemClockInit)
    BSP_UART_WriteBytes_DMA                  0x000021ad   Thumb Code    58  bsp_uart.o(i.BSP_UART_WriteBytes_DMA)
    Board_Init_BSP                           0x000021f9   Thumb Code    20  board.o(i.Board_Init_BSP)
    Board_Init_ClockRUN                      0x0000220d   Thumb Code    12  board.o(i.Board_Init_ClockRUN)
    CLOCK_BootToPeeMode                      0x00002219   Thumb Code    70  fsl_clock.o(i.CLOCK_BootToPeeMode)
    CLOCK_EnablePll0                         0x00002301   Thumb Code    84  fsl_clock.o(i.CLOCK_EnablePll0)
    CLOCK_GetEr32kClkFreq                    0x00002391   Thumb Code    92  fsl_clock.o(i.CLOCK_GetEr32kClkFreq)
    CLOCK_GetFixedFreqClkFreq                0x00002431   Thumb Code    30  fsl_clock.o(i.CLOCK_GetFixedFreqClkFreq)
    CLOCK_GetFllFreq                         0x000024c5   Thumb Code    78  fsl_clock.o(i.CLOCK_GetFllFreq)
    CLOCK_GetFreq                            0x00002541   Thumb Code   172  fsl_clock.o(i.CLOCK_GetFreq)
    CLOCK_GetInternalRefClkFreq              0x000025f1   Thumb Code    22  fsl_clock.o(i.CLOCK_GetInternalRefClkFreq)
    CLOCK_GetOsc0ErClkFreq                   0x00002695   Thumb Code    46  fsl_clock.o(i.CLOCK_GetOsc0ErClkFreq)
    CLOCK_GetOutClkFreq                      0x00002729   Thumb Code    60  fsl_clock.o(i.CLOCK_GetOutClkFreq)
    CLOCK_GetPll0Freq                        0x00002769   Thumb Code    74  fsl_clock.o(i.CLOCK_GetPll0Freq)
    CLOCK_GetPllFllSelClkFreq                0x000027f9   Thumb Code    52  fsl_clock.o(i.CLOCK_GetPllFllSelClkFreq)
    CLOCK_InitOsc0                           0x00002831   Thumb Code   110  fsl_clock.o(i.CLOCK_InitOsc0)
    CLOCK_SetExternalRefClkConfig            0x000028a9   Thumb Code     6  fsl_clock.o(i.CLOCK_SetExternalRefClkConfig)
    CLOCK_SetInternalRefClkConfig            0x000028b1   Thumb Code   166  fsl_clock.o(i.CLOCK_SetInternalRefClkConfig)
    CLOCK_SetPbeMode                         0x0000295d   Thumb Code   124  fsl_clock.o(i.CLOCK_SetPbeMode)
    CLOCK_SetSimConfig                       0x00002a15   Thumb Code    70  fsl_clock.o(i.CLOCK_SetSimConfig)
    CRC16_Modbus                             0x00002a75   Thumb Code    58  crc.o(i.CRC16_Modbus)
    DMA0_DriverIRQHandler                    0x00002ab9   Thumb Code    12  fsl_dma.o(i.DMA0_DriverIRQHandler)
    DMA0_IRQHandler                          0x00002ac9   Thumb Code   312  bsp_uart.o(i.DMA0_IRQHandler)
    DMA1_DriverIRQHandler                    0x00002c2d   Thumb Code    12  fsl_dma.o(i.DMA1_DriverIRQHandler)
    DMA2_DriverIRQHandler                    0x00002c3d   Thumb Code    12  fsl_dma.o(i.DMA2_DriverIRQHandler)
    DMA3_DriverIRQHandler                    0x00002c4d   Thumb Code    12  fsl_dma.o(i.DMA3_DriverIRQHandler)
    DMA_AbortTransfer                        0x00002c5d   Thumb Code    92  fsl_dma.o(i.DMA_AbortTransfer)
    DMA_HandleIRQ                            0x00002f19   Thumb Code    98  fsl_dma.o(i.DMA_HandleIRQ)
    DMA_PrepareTransfer                      0x00002fb9   Thumb Code   244  fsl_dma.o(i.DMA_PrepareTransfer)
    DMA_ResetChannel                         0x00003181   Thumb Code    88  fsl_dma.o(i.DMA_ResetChannel)
    DMA_SetTransferConfig                    0x00003231   Thumb Code   154  fsl_dma.o(i.DMA_SetTransferConfig)
    DMA_SubmitTransfer                       0x00003419   Thumb Code   154  fsl_dma.o(i.DMA_SubmitTransfer)
    DbgConsole_Printf                        0x00003619   Thumb Code    46  fsl_debug_console.o(i.DbgConsole_Printf)
    DbgConsole_Putchar                       0x000038b1   Thumb Code    30  fsl_debug_console.o(i.DbgConsole_Putchar)
    FLASH_Erase                              0x0000391d   Thumb Code   170  fsl_flash.o(i.FLASH_Erase)
    FLASH_GetProperty                        0x000039cd   Thumb Code   104  fsl_flash.o(i.FLASH_GetProperty)
    FLASH_Init                               0x00003a35   Thumb Code   108  fsl_flash.o(i.FLASH_Init)
    FLASH_PrepareExecuteInRamFunctions       0x00003ab5   Thumb Code    34  fsl_flash.o(i.FLASH_PrepareExecuteInRamFunctions)
    FLASH_Program                            0x00003ad9   Thumb Code   170  fsl_flash.o(i.FLASH_Program)
    GPIO_PinInit                             0x00003b89   Thumb Code    78  fsl_gpio.o(i.GPIO_PinInit)
    HalTask_Init                             0x00003c35   Thumb Code    14  hal_task.o(i.HalTask_Init)
    HalTask_Process                          0x00003c49   Thumb Code    46  hal_task.o(i.HalTask_Process)
    HardFault_Handler                        0x00003c79   Thumb Code    12  main.o(i.HardFault_Handler)
    I2C0_DriverIRQHandler                    0x00003c99   Thumb Code    14  fsl_i2c.o(i.I2C0_DriverIRQHandler)
    I2C1_DriverIRQHandler                    0x00003cb1   Thumb Code    14  fsl_i2c.o(i.I2C1_DriverIRQHandler)
    I2C_DisableInterrupts                    0x00003cf1   Thumb Code    34  fsl_i2c.o(i.I2C_DisableInterrupts)
    I2C_EnableInterrupts                     0x00003d13   Thumb Code    44  fsl_i2c.o(i.I2C_EnableInterrupts)
    I2C_GetInstance                          0x00003d41   Thumb Code    48  fsl_i2c.o(i.I2C_GetInstance)
    I2C_MasterGetDefaultConfig               0x00003e59   Thumb Code    36  fsl_i2c.o(i.I2C_MasterGetDefaultConfig)
    I2C_MasterGetStatusFlags                 0x00003ebd   Thumb Code    34  fsl_i2c.o(i.I2C_MasterGetStatusFlags)
    I2C_MasterInit                           0x00003ee1   Thumb Code   140  fsl_i2c.o(i.I2C_MasterInit)
    I2C_MasterRepeatedStart                  0x00003fb9   Thumb Code   104  fsl_i2c.o(i.I2C_MasterRepeatedStart)
    I2C_MasterSetBaudRate                    0x00004025   Thumb Code   136  fsl_i2c.o(i.I2C_MasterSetBaudRate)
    I2C_MasterStart                          0x000040b1   Thumb Code    62  fsl_i2c.o(i.I2C_MasterStart)
    I2C_MasterStop                           0x000040f5   Thumb Code    46  fsl_i2c.o(i.I2C_MasterStop)
    I2C_MasterTransferCreateHandle           0x00004129   Thumb Code    70  fsl_i2c.o(i.I2C_MasterTransferCreateHandle)
    I2C_MasterTransferHandleIRQ              0x000041b5   Thumb Code   136  fsl_i2c.o(i.I2C_MasterTransferHandleIRQ)
    I2C_MasterTransferNonBlocking            0x00004275   Thumb Code    84  fsl_i2c.o(i.I2C_MasterTransferNonBlocking)
    I2C_ReadAccelWhoAmI                      0x00004491   Thumb Code   126  bsp_iic.o(i.I2C_ReadAccelWhoAmI)
    LNprotocol_AddPayload                    0x00004571   Thumb Code    22  lnprotocol.o(i.LNprotocol_AddPayload)
    LNprotocol_Checksum                      0x00004587   Thumb Code    54  lnprotocol.o(i.LNprotocol_Checksum)
    LNprotocol_GetChecksum                   0x000045bd   Thumb Code    38  lnprotocol.o(i.LNprotocol_GetChecksum)
    LPSCI_ClearStatusFlags                   0x000045e5   Thumb Code    92  fsl_lpsci.o(i.LPSCI_ClearStatusFlags)
    LPSCI_GetStatusFlags                     0x00004669   Thumb Code    14  fsl_lpsci.o(i.LPSCI_GetStatusFlags)
    LPSCI_TransferAbortSendDMA               0x00004679   Thumb Code    78  fsl_lpsci_dma.o(i.LPSCI_TransferAbortSendDMA)
    LPSCI_TransferSendDMA                    0x00004715   Thumb Code   176  fsl_lpsci_dma.o(i.LPSCI_TransferSendDMA)
    LPTMR0_IRQHandler                        0x00004835   Thumb Code    44  bsp_tim.o(i.LPTMR0_IRQHandler)
    NetTask_Send_Event                       0x00004905   Thumb Code    16  net_task.o(i.NetTask_Send_Event)
    NetTask_Timer_Start_Event                0x00004919   Thumb Code    20  net_task.o(i.NetTask_Timer_Start_Event)
    OS_Clock_GetSystemClock                  0x00004931   Thumb Code    16  osal_clock.o(i.OS_Clock_GetSystemClock)
    OS_Clock_Update                          0x00004945   Thumb Code    94  osal_clock.o(i.OS_Clock_Update)
    OS_Events_Clear                          0x000049b1   Thumb Code    46  osal_core.o(i.OS_Events_Clear)
    OS_Events_Set                            0x000049e5   Thumb Code    46  osal_core.o(i.OS_Events_Set)
    OS_Init                                  0x00004a19   Thumb Code    16  osal_core.o(i.OS_Init)
    OS_Msg_Init                              0x00004a29   Thumb Code     2  osal_msg.o(i.OS_Msg_Init)
    OS_Start                                 0x00004a2b   Thumb Code     8  osal_core.o(i.OS_Start)
    OS_Task_Init                             0x00004a33   Thumb Code    22  osal_task.o(i.OS_Task_Init)
    OS_Timer_Init                            0x00004a49   Thumb Code    26  osal_timer.o(i.OS_Timer_Init)
    OS_Timer_Start                           0x00004a69   Thumb Code    32  osal_timer.o(i.OS_Timer_Start)
    OS_Timer_Stop                            0x00004a89   Thumb Code    30  osal_timer.o(i.OS_Timer_Stop)
    OS_Timer_Update                          0x00004aa9   Thumb Code    98  osal_timer.o(i.OS_Timer_Update)
    RTC_ClearStatusFlags                     0x00004c49   Thumb Code    38  fsl_rtc.o(i.RTC_ClearStatusFlags)
    RTC_GetDatetime                          0x00004e4d   Thumb Code    38  fsl_rtc.o(i.RTC_GetDatetime)
    RTC_GetDefaultConfig                     0x00004ea9   Thumb Code    34  fsl_rtc.o(i.RTC_GetDefaultConfig)
    RTC_IRQHandler                           0x00004efd   Thumb Code    44  bsp_rtc.o(i.RTC_IRQHandler)
    RTC_Init                                 0x00004f59   Thumb Code   154  fsl_rtc.o(i.RTC_Init)
    RTC_SetDatetime                          0x00005031   Thumb Code    50  fsl_rtc.o(i.RTC_SetDatetime)
    SEGGER_RTT_Write                         0x000050ad   Thumb Code    66  segger_rtt.o(i.SEGGER_RTT_Write)
    SEGGER_RTT_WriteNoLock                   0x000050f5   Thumb Code   128  segger_rtt.o(i.SEGGER_RTT_WriteNoLock)
    SEGGER_RTT_printf                        0x00005179   Thumb Code    36  segger_rtt_printf.o(i.SEGGER_RTT_printf)
    SEGGER_RTT_vprintf                       0x0000519d   Thumb Code   536  segger_rtt_printf.o(i.SEGGER_RTT_vprintf)
    SIM_GetUniqueId                          0x000053b5   Thumb Code    20  fsl_sim.o(i.SIM_GetUniqueId)
    SPI0_DriverIRQHandler                    0x000053cd   Thumb Code    34  fsl_spi.o(i.SPI0_DriverIRQHandler)
    SPI1_DriverIRQHandler                    0x00005431   Thumb Code    34  fsl_spi.o(i.SPI1_DriverIRQHandler)
    SysTick_Handler                          0x000054d1   Thumb Code    20  bsp_systick.o(i.SysTick_Handler)
    SystemInit                               0x000054e5   Thumb Code    30  system_mkl16z4.o(i.SystemInit)
    SystemParam_Init                         0x0000550d   Thumb Code    72  system_param.o(i.SystemParam_Init)
    SystemParam_Reset                        0x00005585   Thumb Code    52  system_param.o(i.SystemParam_Reset)
    SystemParam_Save                         0x000055e9   Thumb Code    54  system_param.o(i.SystemParam_Save)
    TPM0_IRQHandler                          0x00005631   Thumb Code    28  bsp_tim.o(i.TPM0_IRQHandler)
    UART0_DriverIRQHandler                   0x00005665   Thumb Code    16  fsl_lpsci.o(i.UART0_DriverIRQHandler)
    UART0_IRQHandler                         0x00005681   Thumb Code    76  bsp_uart.o(i.UART0_IRQHandler)
    UART1_DriverIRQHandler                   0x000056d1   Thumb Code    16  fsl_uart.o(i.UART1_DriverIRQHandler)
    UART2_DriverIRQHandler                   0x000056ed   Thumb Code    16  fsl_uart.o(i.UART2_DriverIRQHandler)
    UART2_IRQHandler                         0x00005709   Thumb Code    84  bsp_uart.o(i.UART2_IRQHandler)
    UART_ClearStatusFlags                    0x00005781   Thumb Code    70  fsl_uart.o(i.UART_ClearStatusFlags)
    UART_GetStatusFlags                      0x000057f1   Thumb Code    14  fsl_uart.o(i.UART_GetStatusFlags)
    UART_TransferAbortSendDMA                0x00005801   Thumb Code    78  fsl_uart_dma.o(i.UART_TransferAbortSendDMA)
    UART_TransferSendDMA                     0x0000589d   Thumb Code   176  fsl_uart_dma.o(i.UART_TransferSendDMA)
    UserTask_Init                            0x000059bd   Thumb Code    66  user_task.o(i.UserTask_Init)
    UserTask_Process                         0x00005a05   Thumb Code   130  user_task.o(i.UserTask_Process)
    UserTask_Send_Event                      0x00005aa5   Thumb Code    16  user_task.o(i.UserTask_Send_Event)
    Version_Get_Bin                          0x00005ab9   Thumb Code     6  version.o(i.Version_Get_Bin)
    __ARM_common_switch8                     0x00005e81   Thumb Code    28  system_mkl16z4.o(i.__ARM_common_switch8)
    __aeabi_assert                           0x00005e9d   Thumb Code    24  fsl_common.o(i.__aeabi_assert)
    flash_cache_clear                        0x0000622d   Thumb Code    14  fsl_flash.o(i.flash_cache_clear)
    main                                     0x0000638d   Thumb Code    32  main.o(i.main)
    mcm_flash_cache_clear                    0x000063bd   Thumb Code    22  fsl_flash.o(i.mcm_flash_cache_clear)
    osalTimerAdd                             0x0000647d   Thumb Code   124  osal_timer.o(i.osalTimerAdd)
    osalTimerAlloc                           0x000064fd   Thumb Code    86  osal_timer.o(i.osalTimerAlloc)
    osalTimerFind                            0x00006559   Thumb Code    56  osal_timer.o(i.osalTimerFind)
    __aeabi_fadd                             0x00006625   Thumb Code     0  faddsub.o(x$fpl$fadd)
    _fadd                                    0x00006625   Thumb Code   134  faddsub.o(x$fpl$fadd)
    __aeabi_cfcmpeq                          0x000066b1   Thumb Code     0  feqf.o(x$fpl$feqf)
    _fcmpeq                                  0x000066b1   Thumb Code    78  feqf.o(x$fpl$feqf)
    __aeabi_fmul                             0x00006705   Thumb Code     0  fmul.o(x$fpl$fmul)
    _fmul                                    0x00006705   Thumb Code   172  fmul.o(x$fpl$fmul)
    __aeabi_frsub                            0x000067b5   Thumb Code     0  faddsub.o(x$fpl$frsb)
    _frsb                                    0x000067b5   Thumb Code    24  faddsub.o(x$fpl$frsb)
    __aeabi_fsub                             0x000067cd   Thumb Code     0  faddsub.o(x$fpl$fsub)
    _fsub                                    0x000067cd   Thumb Code   204  faddsub.o(x$fpl$fsub)
    __I$use$fp                               0x0000689c   Number         0  usenofp.o(x$fpl$usenofp)
    kFCCOBx                                  0x000068fc   Data           4  fsl_flash.o(.constdata)
    kFPROTL                                  0x00006900   Data           4  fsl_flash.o(.constdata)
    kPFlashDensities                         0x0000692c   Data          30  fsl_flash.o(.constdata)
    mcgConfig_BOARD_BootClockRUN             0x000069fc   Data          10  bsp_clock.o(.constdata)
    simConfig_BOARD_BootClockRUN             0x00006a08   Data           8  bsp_clock.o(.constdata)
    oscConfig_BOARD_BootClockRUN             0x00006a10   Data           8  bsp_clock.o(.constdata)
    simConfig_RUNClockVPLS                   0x00006a18   Data           8  bsp_clock.o(.constdata)
    simConfig_VPLSClockRUN                   0x00006a20   Data           8  bsp_clock.o(.constdata)
    LED_IO                                   0x00006a34   Data          24  bsp_led.o(.constdata)
    g_accel_address                          0x00006a68   Data           4  bsp_iic.o(.constdata)
    SystemParam_Config_Default               0x00006a72   Data          51  system_param.o(.constdata)
    g_TasksFnArr                             0x00006aa8   Data           8  osal_task.o(.constdata)
    Region$$Table$$Base                      0x00006b00   Number         0  anon$$obj.o(Region$$Table)
    Region$$Table$$Limit                     0x00006b20   Number         0  anon$$obj.o(Region$$Table)
    Image$$RW_m_data$$Base                   0x1ffff800   Number         0  anon$$obj.o ABSOLUTE
    SystemCoreClock                          0x1ffff800   Data           4  system_mkl16z4.o(.data)
    g_xtal0Freq                              0x1ffff80c   Data           4  fsl_clock.o(.data)
    g_xtal32Freq                             0x1ffff810   Data           4  fsl_clock.o(.data)
    temp                                     0x1ffff849   Data          10  app_conf.o(.data)
    app_transfer_cmd_queue                   0x1ffff860   Data           7  app_transfer.o(.data)
    BSP_E32_SendQueue                        0x1ffff86c   Data         307  bsp_e32.o(.data)
    g_accel_addr_found                       0x1ffff9ba   Data           1  bsp_iic.o(.data)
    completionFlag                           0x1ffff9bb   Data           1  bsp_iic.o(.data)
    nakFlag                                  0x1ffff9bc   Data           1  bsp_iic.o(.data)
    g_TasksEvents                            0x1ffff9d0   Data           8  osal_task.o(.data)
    g_HalTask_Id                             0x1ffff9dc   Data           1  hal_task.o(.data)
    g_UserTask_Id                            0x1ffff9dd   Data           1  user_task.o(.data)
    g_AppTask_Id                             0x1ffff9de   Data           1  app_task.o(.data)
    g_NetTask_Id                             0x1ffff9df   Data           1  net_task.o(.data)
    App_Data                                 0x1ffffd58   Data          16  app_getdata.o(.bss)
    bsp_adc_data                             0x1fffffce   Data          20  bsp_adc.o(.bss)
    bsp_flashconfig                          0x1fffffe4   Data          52  bsp_flash.o(.bss)
    uart0_dmahandle                          0x20000028   Data          16  bsp_uart.o(.bss)
    uart0_dmatran_config                     0x20000038   Data          16  bsp_uart.o(.bss)
    uart0_dma_handle                         0x20000048   Data          32  bsp_uart.o(.bss)
    uart2_dmahandle                          0x20000068   Data          16  bsp_uart.o(.bss)
    uart2_dmatran_config                     0x20000078   Data          16  bsp_uart.o(.bss)
    uart_dma_handle                          0x20000088   Data          32  bsp_uart.o(.bss)
    g_m_handle                               0x20000174   Data          40  bsp_iic.o(.bss)
    g_SystemParam_Config                     0x2000019c   Data          51  system_param.o(.bss)
    _SEGGER_RTT                              0x200002c0   Data         168  segger_rtt.o(.bss)
    Image$$ARM_LIB_HEAP$$ZI$$Base            0x20000778   Number         0  anon$$obj.o ABSOLUTE
    Image$$ARM_LIB_HEAP$$ZI$$Limit           0x20000878   Number         0  anon$$obj.o ABSOLUTE
    Image$$ARM_LIB_STACK$$ZI$$Limit          0x20001800   Number         0  anon$$obj.o ABSOLUTE



==============================================================================

Memory Map of the image

  Image Entry point : 0x00000411

  Load Region LR_m_text (Base: 0x00000000, Size: 0x00006d00, Max: 0x00010000, ABSOLUTE, COMPRESSED[0x00006b44])

    Execution Region VECTOR_ROM (Exec base: 0x00000000, Load base: 0x00000000, Size: 0x000000c0, Max: 0x00000200, ABSOLUTE)

    Exec Addr    Load Addr    Size         Type   Attr      Idx    E Section Name        Object

    0x00000000   0x00000000   0x000000c0   Data   RO           65    RESET               startup_mkl16z4.o


    Execution Region VECTOR_RAM (Exec base: 0x00000000, Load base: 0x00006b20, Size: 0x00000000, Max: 0x00000000, ABSOLUTE)

    Exec Addr    Load Addr    Size         Type   Attr      Idx    E Section Name        Object

    0x00000000        -       0x00000000   Zero   RW            1    VECTOR_RAM.bss      anon$$obj.o


    Execution Region ER_m_flash_config (Exec base: 0x00000400, Load base: 0x00000400, Size: 0x00000010, Max: 0x00000010, ABSOLUTE, FIXED)

    Exec Addr    Load Addr    Size         Type   Attr      Idx    E Section Name        Object

    0x00000400   0x00000400   0x00000010   Data   RO           66    FlashConfig         startup_mkl16z4.o


    Execution Region ER_m_text (Exec base: 0x00000410, Load base: 0x00000410, Size: 0x00006710, Max: 0x0000fbf0, ABSOLUTE)

    Exec Addr    Load Addr    Size         Type   Attr      Idx    E Section Name        Object

    0x00000410   0x00000410   0x00000008   Code   RO         5886  * !!!main             c_p.l(__main.o)
    0x00000418   0x00000418   0x0000003c   Code   RO         6109    !!!scatter          c_p.l(__scatter.o)
    0x00000454   0x00000454   0x0000001c   Code   RO         6111    !!handler_zi        c_p.l(__scatter_zi.o)
    0x00000470   0x00000470   0x00000002   Code   RO         5968    .ARM.Collect$$libinit$$00000000  c_p.l(libinit.o)
    0x00000472   0x00000472   0x00000000   Code   RO         5986    .ARM.Collect$$libinit$$00000002  c_p.l(libinit2.o)
    0x00000472   0x00000472   0x00000000   Code   RO         5988    .ARM.Collect$$libinit$$00000004  c_p.l(libinit2.o)
    0x00000472   0x00000472   0x00000000   Code   RO         5991    .ARM.Collect$$libinit$$0000000A  c_p.l(libinit2.o)
    0x00000472   0x00000472   0x00000000   Code   RO         5993    .ARM.Collect$$libinit$$0000000C  c_p.l(libinit2.o)
    0x00000472   0x00000472   0x00000000   Code   RO         5995    .ARM.Collect$$libinit$$0000000E  c_p.l(libinit2.o)
    0x00000472   0x00000472   0x00000000   Code   RO         5998    .ARM.Collect$$libinit$$00000011  c_p.l(libinit2.o)
    0x00000472   0x00000472   0x00000000   Code   RO         6000    .ARM.Collect$$libinit$$00000013  c_p.l(libinit2.o)
    0x00000472   0x00000472   0x00000000   Code   RO         6002    .ARM.Collect$$libinit$$00000015  c_p.l(libinit2.o)
    0x00000472   0x00000472   0x00000000   Code   RO         6004    .ARM.Collect$$libinit$$00000017  c_p.l(libinit2.o)
    0x00000472   0x00000472   0x00000000   Code   RO         6006    .ARM.Collect$$libinit$$00000019  c_p.l(libinit2.o)
    0x00000472   0x00000472   0x00000000   Code   RO         6008    .ARM.Collect$$libinit$$0000001B  c_p.l(libinit2.o)
    0x00000472   0x00000472   0x00000000   Code   RO         6010    .ARM.Collect$$libinit$$0000001D  c_p.l(libinit2.o)
    0x00000472   0x00000472   0x00000000   Code   RO         6012    .ARM.Collect$$libinit$$0000001F  c_p.l(libinit2.o)
    0x00000472   0x00000472   0x00000000   Code   RO         6014    .ARM.Collect$$libinit$$00000021  c_p.l(libinit2.o)
    0x00000472   0x00000472   0x00000000   Code   RO         6016    .ARM.Collect$$libinit$$00000023  c_p.l(libinit2.o)
    0x00000472   0x00000472   0x00000000   Code   RO         6018    .ARM.Collect$$libinit$$00000025  c_p.l(libinit2.o)
    0x00000472   0x00000472   0x00000000   Code   RO         6022    .ARM.Collect$$libinit$$0000002C  c_p.l(libinit2.o)
    0x00000472   0x00000472   0x00000000   Code   RO         6024    .ARM.Collect$$libinit$$0000002E  c_p.l(libinit2.o)
    0x00000472   0x00000472   0x00000000   Code   RO         6026    .ARM.Collect$$libinit$$00000030  c_p.l(libinit2.o)
    0x00000472   0x00000472   0x00000000   Code   RO         6028    .ARM.Collect$$libinit$$00000032  c_p.l(libinit2.o)
    0x00000472   0x00000472   0x00000002   Code   RO         6029    .ARM.Collect$$libinit$$00000033  c_p.l(libinit2.o)
    0x00000474   0x00000474   0x00000002   Code   RO         6064    .ARM.Collect$$libshutdown$$00000000  c_p.l(libshutdown.o)
    0x00000476   0x00000476   0x00000000   Code   RO         6090    .ARM.Collect$$libshutdown$$00000002  c_p.l(libshutdown2.o)
    0x00000476   0x00000476   0x00000000   Code   RO         6092    .ARM.Collect$$libshutdown$$00000004  c_p.l(libshutdown2.o)
    0x00000476   0x00000476   0x00000000   Code   RO         6095    .ARM.Collect$$libshutdown$$00000007  c_p.l(libshutdown2.o)
    0x00000476   0x00000476   0x00000000   Code   RO         6098    .ARM.Collect$$libshutdown$$0000000A  c_p.l(libshutdown2.o)
    0x00000476   0x00000476   0x00000000   Code   RO         6100    .ARM.Collect$$libshutdown$$0000000C  c_p.l(libshutdown2.o)
    0x00000476   0x00000476   0x00000000   Code   RO         6103    .ARM.Collect$$libshutdown$$0000000F  c_p.l(libshutdown2.o)
    0x00000476   0x00000476   0x00000002   Code   RO         6104    .ARM.Collect$$libshutdown$$00000010  c_p.l(libshutdown2.o)
    0x00000478   0x00000478   0x00000000   Code   RO         5907    .ARM.Collect$$rtentry$$00000000  c_p.l(__rtentry.o)
    0x00000478   0x00000478   0x00000000   Code   RO         5927    .ARM.Collect$$rtentry$$00000002  c_p.l(__rtentry2.o)
    0x00000478   0x00000478   0x00000004   Code   RO         5941    .ARM.Collect$$rtentry$$00000007  c_p.l(__rtentry7.o)
    0x0000047c   0x0000047c   0x00000000   Code   RO         5929    .ARM.Collect$$rtentry$$00000009  c_p.l(__rtentry2.o)
    0x0000047c   0x0000047c   0x00000004   Code   RO         5930    .ARM.Collect$$rtentry$$0000000A  c_p.l(__rtentry2.o)
    0x00000480   0x00000480   0x00000000   Code   RO         5932    .ARM.Collect$$rtentry$$0000000C  c_p.l(__rtentry2.o)
    0x00000480   0x00000480   0x00000008   Code   RO         5933    .ARM.Collect$$rtentry$$0000000D  c_p.l(__rtentry2.o)
    0x00000488   0x00000488   0x00000004   Code   RO         5942    .ARM.Collect$$rtentry$$00002718  c_p.l(__rtentry7.o)
    0x0000048c   0x0000048c   0x00000002   Code   RO         5977    .ARM.Collect$$rtexit$$00000000  c_p.l(rtexit.o)
    0x0000048e   0x0000048e   0x00000000   Code   RO         6040    .ARM.Collect$$rtexit$$00000002  c_p.l(rtexit2.o)
    0x0000048e   0x0000048e   0x00000004   Code   RO         6041    .ARM.Collect$$rtexit$$00000003  c_p.l(rtexit2.o)
    0x00000492   0x00000492   0x00000006   Code   RO         6042    .ARM.Collect$$rtexit$$00000004  c_p.l(rtexit2.o)
    0x00000498   0x00000498   0x00000038   Code   RO         5872    .emb_text           c_p.l(rt_memcpy.o)
    0x000004d0   0x000004d0   0x0000009c   Code   RO           67    .text               startup_mkl16z4.o
    0x0000056c   0x0000056c   0x0000004c   Code   RO         5868    .text               c_p.l(strcpy.o)
    0x000005b8   0x000005b8   0x00000044   Code   RO         5870    .text               c_p.l(strlen.o)
    0x000005fc   0x000005fc   0x00000082   Code   RO         5873    .text               c_p.l(rt_memcpy.o)
    0x0000067e   0x0000067e   0x00000040   Code   RO         5876    .text               c_p.l(rt_memclr.o)
    0x000006be   0x000006be   0x00000022   Code   RO         5878    .text               c_p.l(uread4.o)
    0x000006e0   0x000006e0   0x00000010   Code   RO         5880    .text               c_p.l(uwrite4.o)
    0x000006f0   0x000006f0   0x0000015a   Code   RO         5882    .text               c_p.l(aeabi_sdiv.o)
    0x0000084a   0x0000084a   0x00000002   PAD
    0x0000084c   0x0000084c   0x00000160   Code   RO         5894    .text               fz_ps.l(fdiv.o)
    0x000009ac   0x000009ac   0x0000005e   Code   RO         5899    .text               fz_ps.l(fflti.o)
    0x00000a0a   0x00000a0a   0x00000002   PAD
    0x00000a0c   0x00000a0c   0x00000064   Code   RO         5923    .text               fz_ps.l(fcmpin.o)
    0x00000a70   0x00000a70   0x0000002e   Code   RO         5950    .text               fz_ps.l(cmpret.o)
    0x00000a9e   0x00000a9e   0x00000002   PAD
    0x00000aa0   0x00000aa0   0x00000010   Code   RO         5952    .text               fz_ps.l(fnan2.o)
    0x00000ab0   0x00000ab0   0x00000010   Code   RO         5957    .text               c_p.l(exit.o)
    0x00000ac0   0x00000ac0   0x0000005e   Code   RO         5969    .text               fz_ps.l(retnan.o)
    0x00000b1e   0x00000b1e   0x00000002   PAD
    0x00000b20   0x00000b20   0x0000000c   Code   RO         6034    .text               c_p.l(sys_exit.o)
    0x00000b2c   0x00000b2c   0x00000002   Code   RO         6036    .text               c_p.l(use_no_semi.o)
    0x00000b2e   0x00000b2e   0x00000000   Code   RO         6038    .text               c_p.l(indicate_semi.o)
    0x00000b2e   0x00000b2e   0x0000003a   Code   RO         6107    .text               c_p.l(__dczerorl.o)
    0x00000b68   0x00000b68   0x00000018   Code   RO         3553    i.ADC0_IRQHandler   bsp_adc.o
    0x00000b80   0x00000b80   0x0000006c   Code   RO         3554    i.ADC16_GetChannelConversionValue  bsp_adc.o
    0x00000bec   0x00000bec   0x000000cc   Code   RO         3106    i.APP_Battery_Reduce  app_battery.o
    0x00000cb8   0x00000cb8   0x0000001c   Code   RO         3160    i.APP_Conf_ClearConfStatus  app_conf.o
    0x00000cd4   0x00000cd4   0x0000005c   Code   RO         3162    i.APP_Conf_GetVersion  app_conf.o
    0x00000d30   0x00000d30   0x00000010   Code   RO         3163    i.APP_Conf_GotoLowPower  app_conf.o
    0x00000d40   0x00000d40   0x00000058   Code   RO         3164    i.APP_Conf_ID       app_conf.o
    0x00000d98   0x00000d98   0x00000100   Code   RO         3165    i.APP_Conf_ReplyConf  app_conf.o
    0x00000e98   0x00000e98   0x000000a8   Code   RO         3166    i.APP_Conf_Reply_Alarm  app_conf.o
    0x00000f40   0x00000f40   0x0000007c   Code   RO         3167    i.APP_Conf_Reply_Sample_Rate  app_conf.o
    0x00000fbc   0x00000fbc   0x00000068   Code   RO         3168    i.APP_Conf_Reply_SelfStart  app_conf.o
    0x00001024   0x00001024   0x0000000c   Code   RO         3169    i.APP_Conf_RevByteOneByte  app_conf.o
    0x00001030   0x00001030   0x00000020   Code   RO         3170    i.APP_Conf_SendData  app_conf.o
    0x00001050   0x00001050   0x000000bc   Code   RO         3171    i.APP_Conf_SetADCToRealValue  app_conf.o
    0x0000110c   0x0000110c   0x000000ac   Code   RO         3172    i.APP_Conf_SetConf  app_conf.o
    0x000011b8   0x000011b8   0x0000002c   Code   RO         3173    i.APP_Conf_SetConfStatus  app_conf.o
    0x000011e4   0x000011e4   0x00000144   Code   RO         3174    i.APP_Conf_Set_ADCCalibration  app_conf.o
    0x00001328   0x00001328   0x00000038   Code   RO         3175    i.APP_Conf_Set_AlarmTime  app_conf.o
    0x00001360   0x00001360   0x00000028   Code   RO         3176    i.APP_Conf_Set_EQ   app_conf.o
    0x00001388   0x00001388   0x00000040   Code   RO         3177    i.APP_Conf_Set_SNcode  app_conf.o
    0x000013c8   0x000013c8   0x00000028   Code   RO         3178    i.APP_Conf_Set_Sample_Rate  app_conf.o
    0x000013f0   0x000013f0   0x00000010   Code   RO         3179    i.APP_Conf_Set_SelfStart  app_conf.o
    0x00001400   0x00001400   0x00000014   Code   RO         3180    i.APP_Conf_Start    app_conf.o
    0x00001414   0x00001414   0x00000010   Code   RO         3181    i.APP_Conf_Stop     app_conf.o
    0x00001424   0x00001424   0x00000008   Code   RO         3348    i.APP_GetData_Get   app_getdata.o
    0x0000142c   0x0000142c   0x000001a0   Code   RO         3396    i.APP_RevMessage_Process  app_revmessage.o
    0x000015cc   0x000015cc   0x00000010   Code   RO         3453    i.APP_Transfer_TrigSendValue  app_transfer.o
    0x000015dc   0x000015dc   0x00000010   Code   RO         3454    i.APP_Transfer_cmdClear  app_transfer.o
    0x000015ec   0x000015ec   0x00000014   Code   RO         5696    i.AppTask_Clear_Event  app_task.o
    0x00001600   0x00001600   0x00000014   Code   RO         5699    i.AppTask_Send_Event  app_task.o
    0x00001614   0x00001614   0x00000018   Code   RO         5700    i.AppTask_Timer_Start_Event  app_task.o
    0x0000162c   0x0000162c   0x00000014   Code   RO         5701    i.AppTask_Timer_Stop_Event  app_task.o
    0x00001640   0x00001640   0x0000004c   Code   RO         4491    i.BSP_E32_AddCmd    bsp_e32.o
    0x0000168c   0x0000168c   0x00000040   Code   RO         4506    i.BSP_E32_RevByteOneByte  bsp_e32.o
    0x000016cc   0x000016cc   0x000000fc   Code   RO         3755    i.BSP_Flash_Init    bsp_flash.o
    0x000017c8   0x000017c8   0x00000018   Code   RO         3756    i.BSP_Flash_ReadBytes  bsp_flash.o
    0x000017e0   0x000017e0   0x00000060   Code   RO         3758    i.BSP_Flash_WriteBytes  bsp_flash.o
    0x00001840   0x00001840   0x0000003c   Code   RO         4102    i.BSP_GetTimrCurCount  bsp_tim.o
    0x0000187c   0x0000187c   0x0000000a   Code   RO         4679    i.BSP_IIC_Init      bsp_iic.o
    0x00001886   0x00001886   0x00000002   PAD
    0x00001888   0x00001888   0x00000068   Code   RO         3796    i.BSP_LED_Blink     bsp_led.o
    0x000018f0   0x000018f0   0x00000034   Code   RO         3797    i.BSP_LED_Close     bsp_led.o
    0x00001924   0x00001924   0x000000a4   Code   RO         3798    i.BSP_LED_Init      bsp_led.o
    0x000019c8   0x000019c8   0x00000034   Code   RO         3799    i.BSP_LED_Open      bsp_led.o
    0x000019fc   0x000019fc   0x00000028   Code   RO         3800    i.BSP_LED_Toggle    bsp_led.o
    0x00001a24   0x00001a24   0x00000174   Code   RO         3801    i.BSP_LED_Update    bsp_led.o
    0x00001b98   0x00001b98   0x00000068   Code   RO         4412    i.BSP_Power_Init    bsp_power.o
    0x00001c00   0x00001c00   0x00000014   Code   RO         4417    i.BSP_Power_V30_ON  bsp_power.o
    0x00001c14   0x00001c14   0x000000ac   Code   RO         3870    i.BSP_RTC_ConvertDatetimeToSeconds  bsp_rtc.o
    0x00001cc0   0x00001cc0   0x00000100   Code   RO         3871    i.BSP_RTC_ConvertSecondsToDatetime  bsp_rtc.o
    0x00001dc0   0x00001dc0   0x000000ec   Code   RO         3874    i.BSP_RTC_Init      bsp_rtc.o
    0x00001eac   0x00001eac   0x00000020   Code   RO         3878    i.BSP_RTC_SetDate   bsp_rtc.o
    0x00001ecc   0x00001ecc   0x00000010   Code   RO         4029    i.BSP_SYSTICK_IncTick  bsp_systick.o
    0x00001edc   0x00001edc   0x000001d8   Code   RO         3681    i.BSP_ShowClock     bsp_clock.o
    0x000020b4   0x000020b4   0x00000058   Code   RO         3882    i.BSP_ShowDate      bsp_rtc.o
    0x0000210c   0x0000210c   0x00000044   Code   RO         4032    i.BSP_SysTick_Init  bsp_systick.o
    0x00002150   0x00002150   0x0000005c   Code   RO         3682    i.BSP_SystemClockInit  bsp_clock.o
    0x000021ac   0x000021ac   0x0000004c   Code   RO         4214    i.BSP_UART_WriteBytes_DMA  bsp_uart.o
    0x000021f8   0x000021f8   0x00000014   Code   RO         5559    i.Board_Init_BSP    board.o
    0x0000220c   0x0000220c   0x0000000c   Code   RO         5560    i.Board_Init_ClockRUN  board.o
    0x00002218   0x00002218   0x00000084   Code   RO          306    i.CLOCK_BootToPeeMode  fsl_clock.o
    0x0000229c   0x0000229c   0x0000001c   Code   RO         3683    i.CLOCK_CONFIG_SetFllExtRefDiv  bsp_clock.o
    0x000022b8   0x000022b8   0x00000018   Code   RO         1286    i.CLOCK_EnableClock  fsl_i2c.o
    0x000022d0   0x000022d0   0x00000018   Code   RO         3883    i.CLOCK_EnableClock  bsp_rtc.o
    0x000022e8   0x000022e8   0x00000018   Code   RO         4683    i.CLOCK_EnableClock  bsp_iic.o
    0x00002300   0x00002300   0x00000090   Code   RO          310    i.CLOCK_EnablePll0  fsl_clock.o
    0x00002390   0x00002390   0x000000a0   Code   RO          315    i.CLOCK_GetEr32kClkFreq  fsl_clock.o
    0x00002430   0x00002430   0x0000001e   Code   RO          316    i.CLOCK_GetFixedFreqClkFreq  fsl_clock.o
    0x0000244e   0x0000244e   0x00000002   PAD
    0x00002450   0x00002450   0x00000074   Code   RO          318    i.CLOCK_GetFllExtRefClkFreq  fsl_clock.o
    0x000024c4   0x000024c4   0x00000058   Code   RO          319    i.CLOCK_GetFllFreq  fsl_clock.o
    0x0000251c   0x0000251c   0x00000024   Code   RO          320    i.CLOCK_GetFllRefClkFreq  fsl_clock.o
    0x00002540   0x00002540   0x000000b0   Code   RO          321    i.CLOCK_GetFreq     fsl_clock.o
    0x000025f0   0x000025f0   0x0000001c   Code   RO          322    i.CLOCK_GetInternalRefClkFreq  fsl_clock.o
    0x0000260c   0x0000260c   0x00000030   Code   RO          323    i.CLOCK_GetInternalRefClkSelectFreq  fsl_clock.o
    0x0000263c   0x0000263c   0x00000058   Code   RO          324    i.CLOCK_GetMcgExtClkFreq  fsl_clock.o
    0x00002694   0x00002694   0x00000070   Code   RO          326    i.CLOCK_GetOsc0ErClkFreq  fsl_clock.o
    0x00002704   0x00002704   0x00000024   Code   RO          327    i.CLOCK_GetOscRangeFromFreq  fsl_clock.o
    0x00002728   0x00002728   0x00000040   Code   RO          328    i.CLOCK_GetOutClkFreq  fsl_clock.o
    0x00002768   0x00002768   0x00000088   Code   RO          330    i.CLOCK_GetPll0Freq  fsl_clock.o
    0x000027f0   0x000027f0   0x00000008   Code   RO          331    i.CLOCK_GetPll0RefFreq  fsl_clock.o
    0x000027f8   0x000027f8   0x00000038   Code   RO          332    i.CLOCK_GetPllFllSelClkFreq  fsl_clock.o
    0x00002830   0x00002830   0x00000078   Code   RO          334    i.CLOCK_InitOsc0    fsl_clock.o
    0x000028a8   0x000028a8   0x00000006   Code   RO          338    i.CLOCK_SetExternalRefClkConfig  fsl_clock.o
    0x000028ae   0x000028ae   0x00000002   PAD
    0x000028b0   0x000028b0   0x000000ac   Code   RO          343    i.CLOCK_SetInternalRefClkConfig  fsl_clock.o
    0x0000295c   0x0000295c   0x000000b8   Code   RO          346    i.CLOCK_SetPbeMode  fsl_clock.o
    0x00002a14   0x00002a14   0x00000050   Code   RO          349    i.CLOCK_SetSimConfig  fsl_clock.o
    0x00002a64   0x00002a64   0x00000010   Code   RO         3685    i.CLOCK_SetSimSafeDivs  bsp_clock.o
    0x00002a74   0x00002a74   0x00000044   Code   RO         5803    i.CRC16_Modbus      crc.o
    0x00002ab8   0x00002ab8   0x00000010   Code   RO          829    i.DMA0_DriverIRQHandler  fsl_dma.o
    0x00002ac8   0x00002ac8   0x00000164   Code   RO         4219    i.DMA0_IRQHandler   bsp_uart.o
    0x00002c2c   0x00002c2c   0x00000010   Code   RO          830    i.DMA1_DriverIRQHandler  fsl_dma.o
    0x00002c3c   0x00002c3c   0x00000010   Code   RO          831    i.DMA2_DriverIRQHandler  fsl_dma.o
    0x00002c4c   0x00002c4c   0x00000010   Code   RO          832    i.DMA3_DriverIRQHandler  fsl_dma.o
    0x00002c5c   0x00002c5c   0x00000094   Code   RO          833    i.DMA_AbortTransfer  fsl_dma.o
    0x00002cf0   0x00002cf0   0x00000090   Code   RO         1858    i.DMA_ClearChannelStatusFlags  fsl_lpsci_dma.o
    0x00002d80   0x00002d80   0x00000090   Code   RO         2768    i.DMA_ClearChannelStatusFlags  fsl_uart_dma.o
    0x00002e10   0x00002e10   0x00000090   Code   RO         4222    i.DMA_ClearChannelStatusFlags  bsp_uart.o
    0x00002ea0   0x00002ea0   0x00000078   Code   RO         4226    i.DMA_GetChannelStatusFlags  bsp_uart.o
    0x00002f18   0x00002f18   0x000000a0   Code   RO          837    i.DMA_HandleIRQ     fsl_dma.o
    0x00002fb8   0x00002fb8   0x000001c8   Code   RO          839    i.DMA_PrepareTransfer  fsl_dma.o
    0x00003180   0x00003180   0x000000b0   Code   RO          840    i.DMA_ResetChannel  fsl_dma.o
    0x00003230   0x00003230   0x00000100   Code   RO          844    i.DMA_SetTransferConfig  fsl_dma.o
    0x00003330   0x00003330   0x00000074   Code   RO         1861    i.DMA_StartTransfer  fsl_lpsci_dma.o
    0x000033a4   0x000033a4   0x00000074   Code   RO         2771    i.DMA_StartTransfer  fsl_uart_dma.o
    0x00003418   0x00003418   0x0000013c   Code   RO          845    i.DMA_SubmitTransfer  fsl_dma.o
    0x00003554   0x00003554   0x000000c4   Code   RO           73    i.DbgConsole_ConvertRadixNumToString  fsl_debug_console.o
    0x00003618   0x00003618   0x00000038   Code   RO           77    i.DbgConsole_Printf  fsl_debug_console.o
    0x00003650   0x00003650   0x0000023a   Code   RO           78    i.DbgConsole_PrintfFormattedData  fsl_debug_console.o
    0x0000388a   0x0000388a   0x00000024   Code   RO           79    i.DbgConsole_PrintfPaddingCharacter  fsl_debug_console.o
    0x000038ae   0x000038ae   0x00000002   PAD
    0x000038b0   0x000038b0   0x00000024   Code   RO           80    i.DbgConsole_Putchar  fsl_debug_console.o
    0x000038d4   0x000038d4   0x00000024   Code   RO         1287    i.EnableIRQ         fsl_i2c.o
    0x000038f8   0x000038f8   0x00000024   Code   RO         3884    i.EnableIRQ         bsp_rtc.o
    0x0000391c   0x0000391c   0x000000b0   Code   RO          992    i.FLASH_Erase       fsl_flash.o
    0x000039cc   0x000039cc   0x00000068   Code   RO          995    i.FLASH_GetProperty  fsl_flash.o
    0x00003a34   0x00003a34   0x00000080   Code   RO          997    i.FLASH_Init        fsl_flash.o
    0x00003ab4   0x00003ab4   0x00000022   Code   RO         1004    i.FLASH_PrepareExecuteInRamFunctions  fsl_flash.o
    0x00003ad6   0x00003ad6   0x00000002   PAD
    0x00003ad8   0x00003ad8   0x000000b0   Code   RO         1005    i.FLASH_Program     fsl_flash.o
    0x00003b88   0x00003b88   0x00000084   Code   RO         1227    i.GPIO_PinInit      fsl_gpio.o
    0x00003c0c   0x00003c0c   0x00000014   Code   RO         3802    i.GPIO_WritePinOutput  bsp_led.o
    0x00003c20   0x00003c20   0x00000014   Code   RO         4418    i.GPIO_WritePinOutput  bsp_power.o
    0x00003c34   0x00003c34   0x00000014   Code   RO         5599    i.HalTask_Init      hal_task.o
    0x00003c48   0x00003c48   0x0000002e   Code   RO         5600    i.HalTask_Process   hal_task.o
    0x00003c76   0x00003c76   0x00000002   PAD
    0x00003c78   0x00003c78   0x00000020   Code   RO         2954    i.HardFault_Handler  main.o
    0x00003c98   0x00003c98   0x00000018   Code   RO         1288    i.I2C0_DriverIRQHandler  fsl_i2c.o
    0x00003cb0   0x00003cb0   0x00000018   Code   RO         1289    i.I2C1_DriverIRQHandler  fsl_i2c.o
    0x00003cc8   0x00003cc8   0x00000028   Code   RO         1290    i.I2C_CheckAndClearError  fsl_i2c.o
    0x00003cf0   0x00003cf0   0x00000022   Code   RO         1291    i.I2C_DisableInterrupts  fsl_i2c.o
    0x00003d12   0x00003d12   0x0000002c   Code   RO         1293    i.I2C_EnableInterrupts  fsl_i2c.o
    0x00003d3e   0x00003d3e   0x00000002   PAD
    0x00003d40   0x00003d40   0x00000080   Code   RO         1294    i.I2C_GetInstance   fsl_i2c.o
    0x00003dc0   0x00003dc0   0x0000006c   Code   RO         1295    i.I2C_InitTransferStateMachine  fsl_i2c.o
    0x00003e2c   0x00003e2c   0x0000002c   Code   RO         1296    i.I2C_MasterClearStatusFlags  fsl_i2c.o
    0x00003e58   0x00003e58   0x00000064   Code   RO         1298    i.I2C_MasterGetDefaultConfig  fsl_i2c.o
    0x00003ebc   0x00003ebc   0x00000022   Code   RO         1299    i.I2C_MasterGetStatusFlags  fsl_i2c.o
    0x00003ede   0x00003ede   0x00000002   PAD
    0x00003ee0   0x00003ee0   0x000000d8   Code   RO         1300    i.I2C_MasterInit    fsl_i2c.o
    0x00003fb8   0x00003fb8   0x0000006c   Code   RO         1302    i.I2C_MasterRepeatedStart  fsl_i2c.o
    0x00004024   0x00004024   0x0000008c   Code   RO         1303    i.I2C_MasterSetBaudRate  fsl_i2c.o
    0x000040b0   0x000040b0   0x00000044   Code   RO         1304    i.I2C_MasterStart   fsl_i2c.o
    0x000040f4   0x000040f4   0x00000034   Code   RO         1305    i.I2C_MasterStop    fsl_i2c.o
    0x00004128   0x00004128   0x0000008c   Code   RO         1308    i.I2C_MasterTransferCreateHandle  fsl_i2c.o
    0x000041b4   0x000041b4   0x000000c0   Code   RO         1310    i.I2C_MasterTransferHandleIRQ  fsl_i2c.o
    0x00004274   0x00004274   0x00000090   Code   RO         1311    i.I2C_MasterTransferNonBlocking  fsl_i2c.o
    0x00004304   0x00004304   0x0000018c   Code   RO         1312    i.I2C_MasterTransferRunStateMachine  fsl_i2c.o
    0x00004490   0x00004490   0x00000094   Code   RO         4684    i.I2C_ReadAccelWhoAmI  bsp_iic.o
    0x00004524   0x00004524   0x0000004c   Code   RO         1325    i.I2C_TransferCommonIRQHandler  fsl_i2c.o
    0x00004570   0x00004570   0x00000016   Code   RO         4778    i.LNprotocol_AddPayload  lnprotocol.o
    0x00004586   0x00004586   0x00000036   Code   RO         4781    i.LNprotocol_Checksum  lnprotocol.o
    0x000045bc   0x000045bc   0x00000026   Code   RO         4782    i.LNprotocol_GetChecksum  lnprotocol.o
    0x000045e2   0x000045e2   0x00000002   PAD
    0x000045e4   0x000045e4   0x00000060   Code   RO         1674    i.LPSCI_ClearStatusFlags  fsl_lpsci.o
    0x00004644   0x00004644   0x00000024   Code   RO         1863    i.LPSCI_EnableTxDMA  fsl_lpsci_dma.o
    0x00004668   0x00004668   0x0000000e   Code   RO         1681    i.LPSCI_GetStatusFlags  fsl_lpsci.o
    0x00004676   0x00004676   0x00000002   PAD
    0x00004678   0x00004678   0x0000009c   Code   RO         1865    i.LPSCI_TransferAbortSendDMA  fsl_lpsci_dma.o
    0x00004714   0x00004714   0x00000120   Code   RO         1871    i.LPSCI_TransferSendDMA  fsl_lpsci_dma.o
    0x00004834   0x00004834   0x00000058   Code   RO         4105    i.LPTMR0_IRQHandler  bsp_tim.o
    0x0000488c   0x0000488c   0x00000078   Code   RO         4035    i.NVIC_SetPriority  bsp_systick.o
    0x00004904   0x00004904   0x00000014   Code   RO         5752    i.NetTask_Send_Event  net_task.o
    0x00004918   0x00004918   0x00000018   Code   RO         5753    i.NetTask_Timer_Start_Event  net_task.o
    0x00004930   0x00004930   0x00000014   Code   RO         4978    i.OS_Clock_GetSystemClock  osal_clock.o
    0x00004944   0x00004944   0x0000006c   Code   RO         4980    i.OS_Clock_Update   osal_clock.o
    0x000049b0   0x000049b0   0x00000034   Code   RO         5037    i.OS_Events_Clear   osal_core.o
    0x000049e4   0x000049e4   0x00000034   Code   RO         5038    i.OS_Events_Set     osal_core.o
    0x00004a18   0x00004a18   0x00000010   Code   RO         5039    i.OS_Init           osal_core.o
    0x00004a28   0x00004a28   0x00000002   Code   RO         5100    i.OS_Msg_Init       osal_msg.o
    0x00004a2a   0x00004a2a   0x00000008   Code   RO         5040    i.OS_Start          osal_core.o
    0x00004a32   0x00004a32   0x00000016   Code   RO         5144    i.OS_Task_Init      osal_task.o
    0x00004a48   0x00004a48   0x00000020   Code   RO         5244    i.OS_Timer_Init     osal_timer.o
    0x00004a68   0x00004a68   0x00000020   Code   RO         5245    i.OS_Timer_Start    osal_timer.o
    0x00004a88   0x00004a88   0x0000001e   Code   RO         5246    i.OS_Timer_Stop     osal_timer.o
    0x00004aa6   0x00004aa6   0x00000002   PAD
    0x00004aa8   0x00004aa8   0x00000068   Code   RO         5247    i.OS_Timer_Update   osal_timer.o
    0x00004b10   0x00004b10   0x00000058   Code   RO         4685    i.PORT_SetPinConfig  bsp_iic.o
    0x00004b68   0x00004b68   0x000000e0   Code   RO         2084    i.RTC_CheckDatetimeFormat  fsl_rtc.o
    0x00004c48   0x00004c48   0x00000026   Code   RO         2085    i.RTC_ClearStatusFlags  fsl_rtc.o
    0x00004c6e   0x00004c6e   0x00000002   PAD
    0x00004c70   0x00004c70   0x000000c0   Code   RO         2086    i.RTC_ConvertDatetimeToSeconds  fsl_rtc.o
    0x00004d30   0x00004d30   0x00000114   Code   RO         2087    i.RTC_ConvertSecondsToDatetime  fsl_rtc.o
    0x00004e44   0x00004e44   0x00000008   Code   RO         3885    i.RTC_EnableInterrupts  bsp_rtc.o
    0x00004e4c   0x00004e4c   0x0000005c   Code   RO         2089    i.RTC_GetDatetime   fsl_rtc.o
    0x00004ea8   0x00004ea8   0x00000054   Code   RO         2090    i.RTC_GetDefaultConfig  fsl_rtc.o
    0x00004efc   0x00004efc   0x0000005c   Code   RO         3886    i.RTC_IRQHandler    bsp_rtc.o
    0x00004f58   0x00004f58   0x000000d8   Code   RO         2091    i.RTC_Init          fsl_rtc.o
    0x00005030   0x00005030   0x00000068   Code   RO         2093    i.RTC_SetDatetime   fsl_rtc.o
    0x00005098   0x00005098   0x0000000a   Code   RO         3887    i.RTC_StartTimer    bsp_rtc.o
    0x000050a2   0x000050a2   0x0000000a   Code   RO         3888    i.RTC_StopTimer     bsp_rtc.o
    0x000050ac   0x000050ac   0x00000048   Code   RO         5349    i.SEGGER_RTT_Write  segger_rtt.o
    0x000050f4   0x000050f4   0x00000084   Code   RO         5350    i.SEGGER_RTT_WriteNoLock  segger_rtt.o
    0x00005178   0x00005178   0x00000024   Code   RO         5522    i.SEGGER_RTT_printf  segger_rtt_printf.o
    0x0000519c   0x0000519c   0x00000218   Code   RO         5523    i.SEGGER_RTT_vprintf  segger_rtt_printf.o
    0x000053b4   0x000053b4   0x00000018   Code   RO         2163    i.SIM_GetUniqueId   fsl_sim.o
    0x000053cc   0x000053cc   0x00000064   Code   RO         2187    i.SPI0_DriverIRQHandler  fsl_spi.o
    0x00005430   0x00005430   0x00000064   Code   RO         2188    i.SPI1_DriverIRQHandler  fsl_spi.o
    0x00005494   0x00005494   0x0000003c   Code   RO         2189    i.SPI_CommonIRQHandler  fsl_spi.o
    0x000054d0   0x000054d0   0x00000014   Code   RO         4036    i.SysTick_Handler   bsp_systick.o
    0x000054e4   0x000054e4   0x00000028   Code   RO            7    i.SystemInit        system_mkl16z4.o
    0x0000550c   0x0000550c   0x00000078   Code   RO         4866    i.SystemParam_Init  system_param.o
    0x00005584   0x00005584   0x00000064   Code   RO         4868    i.SystemParam_Reset  system_param.o
    0x000055e8   0x000055e8   0x00000048   Code   RO         4869    i.SystemParam_Save  system_param.o
    0x00005630   0x00005630   0x00000034   Code   RO         4106    i.TPM0_IRQHandler   bsp_tim.o
    0x00005664   0x00005664   0x0000001c   Code   RO         1701    i.UART0_DriverIRQHandler  fsl_lpsci.o
    0x00005680   0x00005680   0x00000050   Code   RO         4231    i.UART0_IRQHandler  bsp_uart.o
    0x000056d0   0x000056d0   0x0000001c   Code   RO         2565    i.UART1_DriverIRQHandler  fsl_uart.o
    0x000056ec   0x000056ec   0x0000001c   Code   RO         2567    i.UART2_DriverIRQHandler  fsl_uart.o
    0x00005708   0x00005708   0x00000078   Code   RO         4232    i.UART2_IRQHandler  bsp_uart.o
    0x00005780   0x00005780   0x0000004c   Code   RO         2569    i.UART_ClearStatusFlags  fsl_uart.o
    0x000057cc   0x000057cc   0x00000024   Code   RO         2773    i.UART_EnableTxDMA  fsl_uart_dma.o
    0x000057f0   0x000057f0   0x0000000e   Code   RO         2576    i.UART_GetStatusFlags  fsl_uart.o
    0x000057fe   0x000057fe   0x00000002   PAD
    0x00005800   0x00005800   0x0000009c   Code   RO         2775    i.UART_TransferAbortSendDMA  fsl_uart_dma.o
    0x0000589c   0x0000589c   0x00000120   Code   RO         2781    i.UART_TransferSendDMA  fsl_uart_dma.o
    0x000059bc   0x000059bc   0x00000048   Code   RO         5647    i.UserTask_Init     user_task.o
    0x00005a04   0x00005a04   0x000000a0   Code   RO         5648    i.UserTask_Process  user_task.o
    0x00005aa4   0x00005aa4   0x00000014   Code   RO         5649    i.UserTask_Send_Event  user_task.o
    0x00005ab8   0x00005ab8   0x00000006   Code   RO         4922    i.Version_Get_Bin   version.o
    0x00005abe   0x00005abe   0x00000002   PAD
    0x00005ac0   0x00005ac0   0x00000070   Code   RO         5354    i._DoInit           segger_rtt.o
    0x00005b30   0x00005b30   0x0000001c   Code   RO         5355    i._GetAvailWriteSpace  segger_rtt.o
    0x00005b4c   0x00005b4c   0x0000010e   Code   RO         5524    i._PrintInt         segger_rtt_printf.o
    0x00005c5a   0x00005c5a   0x00000002   PAD
    0x00005c5c   0x00005c5c   0x0000011c   Code   RO         5525    i._PrintUnsigned    segger_rtt_printf.o
    0x00005d78   0x00005d78   0x00000044   Code   RO         5526    i._StoreChar        segger_rtt_printf.o
    0x00005dbc   0x00005dbc   0x0000007a   Code   RO         5357    i._WriteBlocking    segger_rtt.o
    0x00005e36   0x00005e36   0x0000004a   Code   RO         5358    i._WriteNoCheck     segger_rtt.o
    0x00005e80   0x00005e80   0x0000001c   Code   RO           31    i.__ARM_common_switch8  system_mkl16z4.o
    0x00005e9c   0x00005e9c   0x00000044   Code   RO          707    i.__aeabi_assert    fsl_common.o
    0x00005ee0   0x00005ee0   0x00000006   Code   RO         5041    i.__get_PRIMASK     osal_core.o
    0x00005ee6   0x00005ee6   0x00000006   Code   RO         5248    i.__get_PRIMASK     osal_timer.o
    0x00005eec   0x00005eec   0x00000006   Code   RO         4981    i.__set_PRIMASK     osal_clock.o
    0x00005ef2   0x00005ef2   0x00000006   Code   RO         5042    i.__set_PRIMASK     osal_core.o
    0x00005ef8   0x00005ef8   0x00000006   Code   RO         5249    i.__set_PRIMASK     osal_timer.o
    0x00005efe   0x00005efe   0x0000002a   Code   RO         3397    i.app_revACK        app_revmessage.o
    0x00005f28   0x00005f28   0x0000000c   Code   RO         3398    i.app_revsetAckFlag  app_revmessage.o
    0x00005f34   0x00005f34   0x00000034   Code   RO         3457    i.app_transfer_enqueue_cmd  app_transfer.o
    0x00005f68   0x00005f68   0x0000004c   Code   RO         3566    i.bsp_adc_addvalue  bsp_adc.o
    0x00005fb4   0x00005fb4   0x00000190   Code   RO         3183    i.bsp_conf_rev      app_conf.o
    0x00006144   0x00006144   0x0000009c   Code   RO         4686    i.bsp_iic1_init     bsp_iic.o
    0x000061e0   0x000061e0   0x0000002c   Code   RO         1016    i.copy_flash_common_bit_operation  fsl_flash.o
    0x0000620c   0x0000620c   0x00000020   Code   RO         1017    i.copy_flash_run_command  fsl_flash.o
    0x0000622c   0x0000622c   0x0000000e   Code   RO         1018    i.flash_cache_clear  fsl_flash.o
    0x0000623a   0x0000623a   0x00000022   Code   RO         1019    i.flash_cache_clear_process  fsl_flash.o
    0x0000625c   0x0000625c   0x00000020   Code   RO         1020    i.flash_check_execute_in_ram_function_info  fsl_flash.o
    0x0000627c   0x0000627c   0x0000003a   Code   RO         1021    i.flash_check_range  fsl_flash.o
    0x000062b6   0x000062b6   0x00000002   PAD
    0x000062b8   0x000062b8   0x00000014   Code   RO         1023    i.flash_check_user_key  fsl_flash.o
    0x000062cc   0x000062cc   0x00000058   Code   RO         1024    i.flash_command_sequence  fsl_flash.o
    0x00006324   0x00006324   0x0000003c   Code   RO         1025    i.flash_get_matched_operation_info  fsl_flash.o
    0x00006360   0x00006360   0x0000002c   Code   RO         4687    i.i2c_master_callback  bsp_iic.o
    0x0000638c   0x0000638c   0x00000030   Code   RO         2955    i.main              main.o
    0x000063bc   0x000063bc   0x00000020   Code   RO         1027    i.mcm_flash_cache_clear  fsl_flash.o
    0x000063dc   0x000063dc   0x00000080   Code   RO         5043    i.osalRun           osal_core.o
    0x0000645c   0x0000645c   0x00000020   Code   RO         5044    i.osalTimeUpdate    osal_core.o
    0x0000647c   0x0000647c   0x00000080   Code   RO         5250    i.osalTimerAdd      osal_timer.o
    0x000064fc   0x000064fc   0x0000005c   Code   RO         5251    i.osalTimerAlloc    osal_timer.o
    0x00006558   0x00006558   0x0000003c   Code   RO         5252    i.osalTimerFind     osal_timer.o
    0x00006594   0x00006594   0x00000090   Code   RO         4870    i.sys_makeUIDtoSNcode  system_param.o
    0x00006624   0x00006624   0x0000008c   Code   RO         5888    x$fpl$fadd          fz_ps.l(faddsub.o)
    0x000066b0   0x000066b0   0x00000054   Code   RO         5897    x$fpl$feqf          fz_ps.l(feqf.o)
    0x00006704   0x00006704   0x000000b0   Code   RO         5903    x$fpl$fmul          fz_ps.l(fmul.o)
    0x000067b4   0x000067b4   0x00000018   Code   RO         5889    x$fpl$frsb          fz_ps.l(faddsub.o)
    0x000067cc   0x000067cc   0x000000d0   Code   RO         5890    x$fpl$fsub          fz_ps.l(faddsub.o)
    0x0000689c   0x0000689c   0x00000000   Code   RO         5925    x$fpl$usenofp       fz_ps.l(usenofp.o)
    0x0000689c   0x0000689c   0x00000060   Data   RO          351    .constdata          fsl_clock.o
    0x000068fc   0x000068fc   0x0000004e   Data   RO         1029    .constdata          fsl_flash.o
    0x0000694a   0x0000694a   0x00000002   PAD
    0x0000694c   0x0000694c   0x00000094   Data   RO         1326    .constdata          fsl_i2c.o
    0x000069e0   0x000069e0   0x0000001a   Data   RO         2094    .constdata          fsl_rtc.o
    0x000069fa   0x000069fa   0x00000002   PAD
    0x000069fc   0x000069fc   0x00000037   Data   RO         3687    .constdata          bsp_clock.o
    0x00006a33   0x00006a33   0x00000001   PAD
    0x00006a34   0x00006a34   0x00000018   Data   RO         3804    .constdata          bsp_led.o
    0x00006a4c   0x00006a4c   0x0000001a   Data   RO         3889    .constdata          bsp_rtc.o
    0x00006a66   0x00006a66   0x00000002   PAD
    0x00006a68   0x00006a68   0x0000000a   Data   RO         4690    .constdata          bsp_iic.o
    0x00006a72   0x00006a72   0x00000033   Data   RO         4872    .constdata          system_param.o
    0x00006aa5   0x00006aa5   0x00000003   PAD
    0x00006aa8   0x00006aa8   0x00000008   Data   RO         5145    .constdata          osal_task.o
    0x00006ab0   0x00006ab0   0x00000010   Data   RO         5527    .constdata          segger_rtt_printf.o
    0x00006ac0   0x00006ac0   0x00000040   Data   RO         5895    .constdata          fz_ps.l(fdiv.o)
    0x00006b00   0x00006b00   0x00000020   Data   RO         6105    Region$$Table       anon$$obj.o


    Execution Region RW_m_data (Exec base: 0x1ffff800, Load base: 0x00006b20, Size: 0x00000f78, Max: 0x00001e00, ABSOLUTE, COMPRESSED[0x00000024])

    Exec Addr    Load Addr    Size         Type   Attr      Idx    E Section Name        Object

    0x1ffff800   COMPRESSED   0x00000004   Data   RW            8    .data               system_mkl16z4.o
    0x1ffff804   COMPRESSED   0x00000010   Data   RW          352    .data               fsl_clock.o
    0x1ffff814   COMPRESSED   0x00000008   Data   RW         1030    .data               fsl_flash.o
    0x1ffff81c   COMPRESSED   0x00000010   Data   RW         1327    .data               fsl_i2c.o
    0x1ffff82c   COMPRESSED   0x00000008   Data   RW         1703    .data               fsl_lpsci.o
    0x1ffff834   COMPRESSED   0x00000010   Data   RW         2219    .data               fsl_spi.o
    0x1ffff844   COMPRESSED   0x00000004   Data   RW         2598    .data               fsl_uart.o
    0x1ffff848   COMPRESSED   0x00000018   Data   RW         3185    .data               app_conf.o
    0x1ffff860   COMPRESSED   0x00000008   Data   RW         3465    .data               app_transfer.o
    0x1ffff868   COMPRESSED   0x00000004   Data   RW         4037    .data               bsp_systick.o
    0x1ffff86c   COMPRESSED   0x0000014e   Data   RW         4521    .data               bsp_e32.o
    0x1ffff9ba   COMPRESSED   0x00000003   Data   RW         4691    .data               bsp_iic.o
    0x1ffff9bd   COMPRESSED   0x00000003   PAD
    0x1ffff9c0   COMPRESSED   0x0000000c   Data   RW         4983    .data               osal_clock.o
    0x1ffff9cc   COMPRESSED   0x00000004   Data   RW         5045    .data               osal_core.o
    0x1ffff9d0   COMPRESSED   0x00000008   Data   RW         5146    .data               osal_task.o
    0x1ffff9d8   COMPRESSED   0x00000004   Data   RW         5255    .data               osal_timer.o
    0x1ffff9dc   COMPRESSED   0x00000001   Data   RW         5602    .data               hal_task.o
    0x1ffff9dd   COMPRESSED   0x00000001   Data   RW         5651    .data               user_task.o
    0x1ffff9de   COMPRESSED   0x00000001   Data   RW         5702    .data               app_task.o
    0x1ffff9df   COMPRESSED   0x00000001   Data   RW         5755    .data               net_task.o
    0x1ffff9e0        -       0x00000010   Zero   RW           86    .bss                fsl_debug_console.o
    0x1ffff9f0        -       0x00000010   Zero   RW          846    .bss                fsl_dma.o
    0x1ffffa00        -       0x0000008c   Zero   RW         1028    .bss                fsl_flash.o
    0x1ffffa8c        -       0x0000000c   Zero   RW         2596    .bss                fsl_uart.o
    0x1ffffa98        -       0x000002be   Zero   RW         3184    .bss                app_conf.o
    0x1ffffd56   COMPRESSED   0x00000002   PAD
    0x1ffffd58        -       0x00000010   Zero   RW         3350    .bss                app_getdata.o
    0x1ffffd68        -       0x00000266   Zero   RW         3400    .bss                app_revmessage.o
    0x1fffffce        -       0x00000014   Zero   RW         3567    .bss                bsp_adc.o
    0x1fffffe2   COMPRESSED   0x00000002   PAD
    0x1fffffe4        -       0x00000034   Zero   RW         3759    .bss                bsp_flash.o
    0x20000018        -       0x00000010   Zero   RW         3803    .bss                bsp_led.o
    0x20000028        -       0x00000080   Zero   RW         4240    .bss                bsp_uart.o
    0x200000a8        -       0x000000c9   Zero   RW         4520    .bss                bsp_e32.o
    0x20000171   COMPRESSED   0x00000003   PAD
    0x20000174        -       0x00000028   Zero   RW         4689    .bss                bsp_iic.o
    0x2000019c        -       0x00000033   Zero   RW         4871    .bss                system_param.o
    0x200001cf   COMPRESSED   0x00000001   PAD
    0x200001d0        -       0x000000f0   Zero   RW         5254    .bss                osal_timer.o
    0x200002c0        -       0x000004b8   Zero   RW         5359    .bss                segger_rtt.o


    Execution Region ARM_LIB_HEAP (Exec base: 0x20000778, Load base: 0x00006b44, Size: 0x00000100, Max: 0x00000100, ABSOLUTE)

    Exec Addr    Load Addr    Size         Type   Attr      Idx    E Section Name        Object

    0x20000778        -       0x00000100   Zero   RW            2    ARM_LIB_HEAP.bss    anon$$obj.o


    Execution Region ARM_LIB_STACK (Exec base: 0x20001700, Load base: 0x00006b44, Size: 0x00000100, Max: 0x00000100, ABSOLUTE)

    Exec Addr    Load Addr    Size         Type   Attr      Idx    E Section Name        Object

    0x20001700        -       0x00000100   Zero   RW            3    ARM_LIB_STACK.bss   anon$$obj.o


==============================================================================

Image component sizes


      Code (inc. data)   RO Data    RW Data    ZI Data      Debug   Object Name

       204         82          0          0          0        473   app_battery.o
      2300        110          0         24        702      17337   app_conf.o
         8          4          0          0         16       1157   app_getdata.o
       470         32          0          0        614       2613   app_revmessage.o
        84         16          0          1          0       2221   app_task.o
        84         10          0          8          0       3206   app_transfer.o
        32          0          0          0          0        851   board.o
       208         84          0          0         20       5133   bsp_adc.o
       608        308         55          0          0       8844   bsp_clock.o
       140         16          0        334        201       3421   bsp_e32.o
       372        168          0          0         52       2432   bsp_flash.o
       470        126         10          3         40       9672   bsp_iic.o
       804         52         24          0         16       8497   bsp_led.o
       144         24          0          0          0       1692   bsp_power.o
       964        232         26          0          0      14162   bsp_rtc.o
       224         24          0          4          0       8623   bsp_systick.o
       200         78          0          0          0       7252   bsp_tim.o
       896        272          0          0        128      14197   bsp_uart.o
        68         10          0          0          0       1071   crc.o
         0          0          0          0          0       6347   fsl_adc16.o
      2020        554         96         16          0      23480   fsl_clock.o
        68         44          0          0          0       2081   fsl_common.o
       894         16          0          0         16      11553   fsl_debug_console.o
      1576        698          0          0         16      19994   fsl_dma.o
      1032         86         78          8        140      23155   fsl_flash.o
       132         54          0          0          0       2471   fsl_gpio.o
      2172        486        148         16          0      21630   fsl_i2c.o
       138         16          0          8          0       5589   fsl_lpsci.o
       740        334          0          0          0      10133   fsl_lpsci_dma.o
      1226        434         26          0          0      13496   fsl_rtc.o
        24          4          0          0          0       1494   fsl_sim.o
         0          0          0          0          0       7900   fsl_smc.o
       260        144          0         16          0       6152   fsl_spi.o
       146         30          0          4         12       6052   fsl_uart.o
       740        334          0          0          0       7263   fsl_uart_dma.o
        66          6          0          1          0       1288   hal_task.o
       114          0          0          0          0       2367   lnprotocol.o
        80         36          0          0          0       6355   main.o
        44          8          0          1          0       1244   net_task.o
         0          0          0          0          0        520   osal.o
       134         18          0         12          0       1808   osal_clock.o
       300         26          0          4          0       3935   osal_core.o
         2          0          0          0          0        402   osal_msg.o
        22          0          8          8          0       1620   osal_task.o
       490         26          0          4        240       6135   osal_timer.o
       540         48          0          0       1208       7978   segger_rtt.o
      1194          4         16          0          0       5705   segger_rtt_printf.o
       156         70        208          0          0       1180   startup_mkl16z4.o
        68         10          0          4          0     158895   system_mkl16z4.o
       436        118         51          0         51       3840   system_param.o
       252         40          0          1          0       1857   user_task.o
         6          0          0          0          0        434   version.o

    ----------------------------------------------------------------------
     23384       5292        788        480       3992     487207   Object Totals
         0          0         32          0        512          0   (incl. Generated)
        32          0         10          3          8          0   (incl. Padding)

    ----------------------------------------------------------------------

      Code (inc. data)   RO Data    RW Data    ZI Data      Debug   Library Member Name

        58          0          0          0          0          0   __dczerorl.o
         8          0          0          0          0         68   __main.o
         0          0          0          0          0          0   __rtentry.o
        12          0          0          0          0          0   __rtentry2.o
         8          4          0          0          0          0   __rtentry7.o
        60          8          0          0          0          0   __scatter.o
        28          0          0          0          0          0   __scatter_zi.o
       346          0          0          0          0         92   aeabi_sdiv.o
        16          0          0          0          0         68   exit.o
         0          0          0          0          0          0   indicate_semi.o
         2          0          0          0          0          0   libinit.o
         2          0          0          0          0          0   libinit2.o
         2          0          0          0          0          0   libshutdown.o
         2          0          0          0          0          0   libshutdown2.o
        64          0          0          0          0        108   rt_memclr.o
       186          0          0          0          0        144   rt_memcpy.o
         2          0          0          0          0          0   rtexit.o
        10          0          0          0          0          0   rtexit2.o
        76          6          0          0          0         72   strcpy.o
        68          6          0          0          0         72   strlen.o
        12          4          0          0          0         60   sys_exit.o
        34          0          0          0          0         60   uread4.o
         2          0          0          0          0         68   use_no_semi.o
        16          0          0          0          0         60   uwrite4.o
        46          0          0          0          0         60   cmpret.o
       372          8          0          0          0        240   faddsub.o
       100          4          0          0          0         68   fcmpin.o
       352         10         64          0          0         92   fdiv.o
        84          4          0          0          0         76   feqf.o
        94          0          0          0          0         92   fflti.o
       176          4          0          0          0         80   fmul.o
        16          6          0          0          0         68   fnan2.o
        94          0          0          0          0         68   retnan.o
         0          0          0          0          0          0   usenofp.o

    ----------------------------------------------------------------------
      2356         64         64          0          0       1716   Library Totals
         8          0          0          0          0          0   (incl. Padding)

    ----------------------------------------------------------------------

      Code (inc. data)   RO Data    RW Data    ZI Data      Debug   Library Name

      1014         28          0          0          0        872   c_p.l
      1334         36         64          0          0        844   fz_ps.l

    ----------------------------------------------------------------------
      2356         64         64          0          0       1716   Library Totals

    ----------------------------------------------------------------------

==============================================================================


      Code (inc. data)   RO Data    RW Data    ZI Data      Debug   

     25740       5356        852        480       3992     477443   Grand Totals
     25740       5356        852         36       3992     477443   ELF Image Totals (compressed)
     25740       5356        852         36          0          0   ROM Totals

==============================================================================

    Total RO  Size (Code + RO Data)                26592 (  25.97kB)
    Total RW  Size (RW Data + ZI Data)              4472 (   4.37kB)
    Total ROM Size (Code + RO Data + RW Data)      26628 (  26.00kB)

==============================================================================

